<!DOCTYPE html>
<html dir="ltr" lang="en-gb">
<head>
<meta charset="utf-8" />
<meta http-equiv="X-UA-Compatible" content="IE=edge">
<meta name="viewport" content="width=device-width, initial-scale=1, maximum-scale=1.0, user-scalable=no" />
<title>3.19.1 kernel available - antiX oldforums archive</title>
   
<link rel="stylesheet" href="../aaa_style.css">
<script type="text/javascript" src ="../aaa_oldforums.js"></script>
</head>
<body>
<div id="wrap" class="wrap">
<a id="top" class="top-anchor" accesskey="t"></a>

<div id="inner-wrap">
<ul id="nav-breadcrumbs" class="nav-breadcrumbs linklist navlinks clear-after" role="menubar">
<li class="scroll-breadcrumbs breadcrumbs">
<span class="crumb"><a href="./index.html" accesskey="h" data-navbar-reference="index"><span>antiX - oldforums archive</span></a> &raquo;&raquo; </span>

<span class="crumb"><a href="./orphaned-posts-f27/index.html"><span>Orphaned Posts</span></a> &raquo;&raquo; </span>

<span class="crumb"><a href="./development-old-f39/index.html"><span>Development (Old)</span></a> &raquo;&raquo; </span>

<span class="crumb"><a href="./kernels-f52/index.html"><span>Kernels</span></a></span>
</li>
</ul>

<div id="page-body" class="page-body" role="main">
<div class="postprofile_container postprofile_Left">
<div>
<div class="topictitleheader"><span class="statictopictitle">topic title: </span><span class="topic-titleb"><a href="./3-19-1-kernel-available-t5558.html">3.19.1 kernel available</a></div>
<div class="pagination">
13 posts
&bull; Page <strong>1</strong> of <strong>1</strong>
</div>
</div>

<div class="action-bar bar-top">
</div>
<div class="viewtopic_wrapper">
<div id="p_39953" class="post has-profile bg2">
<div class="inner">
<dl class="postprofile" id="profile39953">
<dt class="has-profile-rank has-avatar avatar-username">
<span class="username">anticapitalista</span>
<div class="avatar-username-inner">
<div class="thread-user-detail">
<div class="detail-title-numposts"><span class="detail-title-numposts">Posts: 5,955</span></div>

</div>
</div>
</dt>
<dd class="profile-rank">Site Admin</dd>
<dd class="profile-joined">Joined: 11 Sep 2007</dd>
</dl>
<div class="postbody">
<div id="post_content39953">
<time datetime="2015-03-10T13:22">posted: 2015-03-10 &nbsp; 13:22</time>
<span class="permalink"><a href="./3-19-1-kernel-available-t5558.html#p39953" title="permalink">#1</a></span>

<div class="content">Set of 3.19.1 kernels now available in the antiX testing repo.<br>
<br>
Give them a try and post your comments.</div>
</div>
</div>

</div>
</div>
<div id="p_39955" class="post has-profile bg1">
<div class="inner">
<dl class="postprofile" id="profile39955">
<dt class="no-profile-rank has-avatar avatar-username">
<div class="avatar-username-inner">
<div class="thread-user-detail">
<div class="detail-title-numposts"><span class="detail-title-numposts">Posts: 4,164</span></div>

</div>
</div>
<span class="username">rokytnji</span>
</dt>
<dd class="profile-joined">Joined: 20 Feb 2009</dd>
</dl>
<div class="postbody">
<div id="post_content39955">

<time datetime="2015-03-10T16:39">posted: 2015-03-10 &nbsp; 16:39</time>
<span class="permalink"><a href="./3-19-1-kernel-available-t5558.html#p39955" title="permalink">#2</a></span>

<div class="content"><div class="codebox"><p>Code: <a href="#" onclick="selectCode(this); return false;">Select all</a></p><pre><code>harry@scuzbucket:~
$ sudo apt-get update
[sudo] password for harry: 
Hit http://liquorix.net sid InRelease
Get:1 http://ftp.us.debian.org testing InRelease [199 kB]                      
Hit http://security.debian.org testing/updates InRelease                       
Get:2 http://antix.daveserver.info testing InRelease [25.7 kB]                 
Ign http://repo.vivaldi.com stable InRelease                                   
Hit http://liquorix.net sid/main i386 Packages                                 
Hit http://security.debian.org testing/updates/main i386 Packages              
Get:3 http://antix.daveserver.info testing/main i386 Packages [84.0 kB]        
Get:4 http://repo.vivaldi.com stable Release.gpg [819 B]                       
Hit http://debs.slavino.sk testing InRelease                                   
Hit http://security.debian.org testing/updates/contrib i386 Packages           
Hit http://security.debian.org testing/updates/non-free i386 Packages          
Hit http://security.debian.org testing/updates/contrib Translation-en          
Get:5 http://repo.vivaldi.com stable Release [4,121 B]                         
Hit http://security.debian.org testing/updates/main Translation-en             
Hit http://debs.slavino.sk testing/main i386 Packages                          
Hit http://security.debian.org testing/updates/non-free Translation-en         
Hit http://debs.slavino.sk testing/non-free i386 Packages                      
Get:6 http://repo.vivaldi.com stable/main i386 Packages [1,624 B]              
Get:7 http://ftp.us.debian.org testing/main i386 Packages/DiffIndex [7,876 B]  
Ign http://liquorix.net sid/main Translation-en_US                             
Hit http://antix.daveserver.info testing/nosystemd i386 Packages               
Ign http://liquorix.net sid/main Translation-en                                
Get:8 http://ftp.us.debian.org testing/contrib i386 Packages/DiffIndex [7,819 B]
Get:9 http://ftp.us.debian.org testing/non-free i386 Packages/DiffIndex [7,819 B]
Get:10 http://ftp.us.debian.org testing/contrib Translation-en/DiffIndex [7,819 B]
Get:11 http://ftp.us.debian.org testing/main Translation-en/DiffIndex [7,876 B]
Get:12 http://ftp.us.debian.org testing/non-free Translation-en/DiffIndex [7,819 B]
Get:13 http://ftp.us.debian.org testing/main i386 2015-03-04-0246.02.pdiff [4,476 B]
Get:14 http://ftp.us.debian.org testing/main i386 2015-03-04-1453.05.pdiff [2,259 B]
Get:15 http://ftp.us.debian.org testing/main i386 2015-03-05-0245.41.pdiff [10.1 kB]
Get:16 http://ftp.us.debian.org testing/main i386 2015-03-05-1447.33.pdiff [1,177 B]
Get:17 http://ftp.us.debian.org testing/main i386 2015-03-06-0247.25.pdiff [63.0 kB]
Get:18 http://ftp.us.debian.org testing/main i386 2015-03-06-1444.57.pdiff [5,046 B]
Get:19 http://ftp.us.debian.org testing/main i386 2015-03-07-0247.38.pdiff [4,949 B]
Get:20 http://ftp.us.debian.org testing/main i386 2015-03-07-1446.04.pdiff [9,162 B]
Get:21 http://ftp.us.debian.org testing/main i386 2015-03-08-0247.23.pdiff [5,876 B]
Get:22 http://ftp.us.debian.org testing/main i386 2015-03-08-1447.39.pdiff [1,353 B]
Get:23 http://ftp.us.debian.org testing/main i386 2015-03-09-0246.51.pdiff [16.7 kB]
Get:24 http://ftp.us.debian.org testing/main i386 2015-03-09-1447.40.pdiff [1,213 B]
Ign http://antix.daveserver.info testing/main Translation-en_US                
Get:25 http://ftp.us.debian.org testing/main i386 2015-03-10-0246.42.pdiff [3,501 B]
Ign http://antix.daveserver.info testing/main Translation-en                   
Get:26 http://ftp.us.debian.org testing/main i386 2015-03-10-1447.51.pdiff [2,710 B]
Get:27 http://ftp.us.debian.org testing/main i386 2015-03-10-1447.51.pdiff [2,710 B]
Get:28 http://ftp.us.debian.org testing/contrib i386 2015-03-06-0247.25.pdiff [1,041 B]
Ign http://antix.daveserver.info testing/nosystemd Translation-en_US           
Get:29 http://ftp.us.debian.org testing/main 2015-03-04-1453.05.pdiff [47 B]   
Ign http://antix.daveserver.info testing/nosystemd Translation-en              
Get:30 http://ftp.us.debian.org testing/main 2015-03-07-0247.38.pdiff [58 B]   
Ign http://repo.vivaldi.com stable/main Translation-en_US                      
Get:31 http://ftp.us.debian.org testing/main 2015-03-07-1446.04.pdiff [33 B]   
Get:32 http://ftp.us.debian.org testing/main 2015-03-09-0246.51.pdiff [308 B]  
Ign http://repo.vivaldi.com stable/main Translation-en                         
Get:33 http://ftp.us.debian.org testing/main 2015-03-10-1447.51.pdiff [46 B]   
Ign http://debs.slavino.sk testing/main Translation-en_US                   
Ign http://debs.slavino.sk testing/main Translation-en
Ign http://debs.slavino.sk testing/non-free Translation-en_US                  
Ign http://debs.slavino.sk testing/non-free Translation-en                     
Get:34 http://ftp.us.debian.org testing/contrib i386 2015-03-06-0247.25.pdiff [1,041 B]
Get:35 http://ftp.us.debian.org testing/main 2015-03-10-1447.51.pdiff [46 B]   
Fetched 495 kB in 19s (25.8 kB/s)                                              
Reading package lists... Done
harry@scuzbucket:~
$ apt search antix kernel
Sorting... Done
Full Text Search... Done
linux-headers-3.11.3-antix.2-486-smp/testing 3.11.3-antix.2-486-smp-1 i386
  Linux kernel headers for 3.11.3-antix.2-486-smp on i386

linux-headers-3.11.3-gnu-antix.2-486-smp/testing 3.11.3-gnu-antix.2-486-smp-1 i386
  Linux kernel headers for 3.11.3-gnu-antix.2-486-smp on i386

linux-headers-3.11.5-antix.1-486-smp/testing 3.11.5-antix.1-486-smp-1 i386
  Linux kernel headers for 3.11.5-antix.1-486-smp on i386

linux-headers-3.11.5-gnu-antix.1-486-smp/testing 3.11.5-gnu-antix.1-486-smp-1 i386
  Linux kernel headers for 3.11.5-gnu-antix.1-486-smp on i386

linux-headers-3.12.1-antix.1-486-smp/testing 3.12.1-antix.1-486-smp-1 i386
  Linux kernel headers for 3.12.1-antix.1-486-smp on i386

linux-headers-3.12.1-gnu-antix.1-486-smp/testing 3.12.1-gnu-antix.1-486-smp-1 i386
  Linux kernel headers for 3.12.1-gnu-antix.1-486-smp on i386

linux-headers-3.12.3-antix.2-486-smp/testing 3.12.3-antix.2-486-smp-2 i386
  Linux kernel headers for 3.12.3-antix.2-486-smp on i386

linux-headers-3.12.3-gnu-antix.2-486-smp/testing 3.12.3-gnu-antix.2-486-smp-1 i386
  Linux kernel headers for 3.12.3-gnu-antix.2-486-smp on i386

linux-headers-3.12.5-antix.2-486-smp/testing 3.12.5-antix.2-486-smp-3 i386
  Linux kernel headers for 3.12.5-antix.2-486-smp on i386

linux-headers-3.12.6-antix.1-486-smp/testing 3.12.6-antix.1-486-smp-1 i386
  Linux kernel headers for 3.12.6-antix.1-486-smp on i386

linux-headers-3.12.6-gnu-antix.1-486-smp/testing 3.12.6-gnu-antix.1-486-smp-1 i386
  Linux kernel headers for 3.12.6-gnu-antix.1-486-smp on i386

linux-headers-3.13.3-antix.1-486-smp/testing 3.13.3-antix.1-486-smp-1 i386
  Linux kernel headers for 3.13.3-antix.1-486-smp on i386

linux-headers-3.13.3-gnu-antix.1-486-smp/testing 3.13.3-gnu-antix.1-486-smp-1 i386
  Linux kernel headers for 3.13.3-gnu-antix.1-486-smp on i386

linux-headers-3.14.0-antix.1-486-smp/testing 3.14.0-antix.1-486-smp-1 i386
  Linux kernel headers for 3.14.0-antix.1-486-smp on i386

linux-headers-3.14.0-gnu-antix.1-486-smp/testing 3.14.0-gnu-antix.1-486-smp-1 i386
  Linux kernel headers for 3.14.0-gnu-antix.1-486-smp on i386

linux-headers-3.14.1-antix.1-486-smp/testing 3.14.1-antix.1-486-smp-1 i386
  Linux kernel headers for 3.14.1-antix.1-486-smp on i386

linux-headers-3.14.1-gnu-antix.1-486-smp/testing 3.14.1-gnu-antix.1-486-smp-1 i386
  Linux kernel headers for 3.14.1-gnu-antix.1-486-smp on i386

linux-headers-3.14.2-antix.1-486-smp/testing 3.14.2-antix.1-486-smp-1 i386
  Linux kernel headers for 3.14.2-antix.1-486-smp on i386

linux-headers-3.14.2-antix.2-486-smp/testing 3.14.2-antix.2-486-smp-2 i386
  Linux kernel headers for 3.14.2-antix.2-486-smp on i386

linux-headers-3.14.2-gnu-antix.1-486-smp/testing 3.14.2-gnu-antix.1-486-smp-1 i386
  Linux kernel headers for 3.14.2-gnu-antix.1-486-smp on i386

linux-headers-3.14.2-gnu-antix.2-486-smp/testing 3.14.2-gnu-antix.2-486-smp-2 i386
  Linux kernel headers for 3.14.2-gnu-antix.2-486-smp on i386

linux-headers-3.14.3-antix.1-486-smp/testing 3.14.3-antix.1-486-smp-2 i386
  Linux kernel headers for 3.14.3-antix.1-486-smp on i386

linux-headers-3.14.3-gnu-antix.1-486-smp/testing 3.14.3-gnu-antix.1-486-smp-1 i386
  Linux kernel headers for 3.14.3-gnu-antix.1-486-smp on i386

linux-headers-3.14.4-antix.1-486/testing 3.14.4-antix.1-486-1 i386
  Linux kernel headers for 3.14.4-antix.1-486 on i386

linux-headers-3.14.4-antix.1-486-smp/testing 3.14.4-antix.1-486-smp-1 i386
  Linux kernel headers for 3.14.4-antix.1-486-smp on i386

linux-headers-3.14.4-antix.2-486/testing 3.14.4-antix.2-486-2 i386
  Linux kernel headers for 3.14.4-antix.2-486 on i386

linux-headers-3.14.4-antix.3-486/testing 3.14.4-antix.3-486-3 i386
  Linux kernel headers for 3.14.4-antix.3-486 on i386

linux-headers-3.14.4-gnu-antix.1-486/testing 3.14.4-gnu-antix.1-486-1 i386
  Linux kernel headers for 3.14.4-gnu-antix.1-486 on i386

linux-headers-3.15.2-antix.1-486/testing 3.15.2-antix.1-486-2 i386
  Linux kernel headers for 3.15.2-antix.1-486 on i386

linux-headers-3.15.2-antix.2-486/testing 3.15.2-antix.2-486-3 i386
  Linux kernel headers for 3.15.2-antix.2-486 on i386

linux-headers-3.15.2-antix.3-486/testing 3.15.2-antix.3-486-4 i386
  Linux kernel headers for 3.15.2-antix.3-486 on i386

linux-headers-3.15.2-gnu-antix.1-486/testing 3.15.2-gnu-antix.1-486-1 i386
  Linux kernel headers for 3.15.2-gnu-antix.1-486 on i386

linux-headers-3.16.7-antix.1-486/testing 3.16.7-antix.1-486-2 i386
  Linux kernel headers for 3.16.7-antix.1-486 on i386

linux-headers-3.16.7-antix.2-486/testing 3.16.7-antix.2-486-8 i386
  Linux kernel headers for 3.16.7-antix.2-486 on i386

linux-headers-3.16.7-antix.3-486-smp/testing 3.16.7-antix.3-486-smp-10 i386
  Linux kernel headers for 3.16.7-antix.3-486-smp on i386

linux-headers-3.16.7-antix.5-486-smp/testing 3.16.7-antix.5-486-smp-12 i386
  Linux kernel headers for 3.16.7-antix.5-486-smp on i386

linux-headers-3.16.7-gnu-antix.2-486/testing 3.16.7-gnu-antix.2-486-1 i386
  Linux kernel headers for 3.16.7-gnu-antix.2-486 on i386

linux-headers-3.17.0-antix.1-486/testing 3.17.0-antix.1-486-1 i386
  Linux kernel headers for 3.17.0-antix.1-486 on i386

linux-headers-3.17.0-gnu-antix.1-486/testing 3.17.0-gnu-antix.1-486-1 i386
  Linux kernel headers for 3.17.0-gnu-antix.1-486 on i386

linux-headers-3.17.1-antix.1-486/testing 3.17.1-antix.1-486-3 i386
  Linux kernel headers for 3.17.1-antix.1-486 on i386

linux-headers-3.17.1-antix.2-486/testing 3.17.1-antix.2-486-4 i386
  Linux kernel headers for 3.17.1-antix.2-486 on i386

linux-headers-3.17.1-gnu-antix.1-486/testing 3.17.1-gnu-antix.1-486-1 i386
  Linux kernel headers for 3.17.1-gnu-antix.1-486 on i386

linux-headers-3.17.2-antix.1-486/testing 3.17.2-antix.1-486-1 i386
  Linux kernel headers for 3.17.2-antix.1-486 on i386

linux-headers-3.17.2-antix.2-486/testing 3.17.2-antix.2-486-2 i386
  Linux kernel headers for 3.17.2-antix.2-486 on i386

linux-headers-3.17.2-antix.3-486/testing 3.17.2-antix.3-486-4 i386
  Linux kernel headers for 3.17.2-antix.3-486 on i386

linux-headers-3.17.2-gnu-antix.1-486/testing 3.17.2-gnu-antix.1-486-1 i386
  Linux kernel headers for 3.17.2-gnu-antix.1-486 on i386

linux-headers-3.17.2-gnu-antix.2-486/testing 3.17.2-gnu-antix.2-486-2 i386
  Linux kernel headers for 3.17.2-gnu-antix.2-486 on i386

linux-headers-3.17.2-gnu-antix.3-486/testing 3.17.2-gnu-antix.3-486-3 i386
  Linux kernel headers for 3.17.2-gnu-antix.3-486 on i386

linux-headers-3.17.4-antix.1-486/testing 3.17.4-antix.1-486-1 i386
  Linux kernel headers for 3.17.4-antix.1-486 on i386

linux-headers-3.18.1-antix.1-486-smp/testing 3.18.1-antix.1-486-smp-2 i386
  Linux kernel headers for 3.18.1-antix.1-486-smp on i386

linux-headers-3.18.1-gnu-antix.1-486-smp/testing 3.18.1-gnu-antix.1-486-smp-2 i386
  Linux kernel headers for 3.18.1-gnu-antix.1-486-smp on i386

linux-headers-3.18.6-antix.2-486-smp/testing 3.18.6-antix.2-486-smp-4 i386
  Linux kernel headers for 3.18.6-antix.2-486-smp on i386

linux-headers-3.18.6-antix.3-486-smp/testing,now 3.18.6-antix.3-486-smp-5 i386 [installed]
  Linux kernel headers for 3.18.6-antix.3-486-smp on i386

linux-headers-3.18.6-gnu-antix.3-486-smp/testing 3.18.6-gnu-antix.3-486-smp-2 i386
  Linux kernel headers for 3.18.6-gnu-antix.3-486-smp on i386

linux-headers-3.19.1-antix.1-486-smp/testing 3.19.1-antix.1-486-smp-1 i386
  Linux kernel headers for 3.19.1-antix.1-486-smp on i386

linux-headers-3.19.1-gnu-antix.1-486-smp/testing 3.19.1-gnu-antix.1-486-smp-1 i386
  Linux kernel headers for 3.19.1-gnu-antix.1-486-smp on i386

linux-headers-3.6.11-antix.1-486-smp/testing 3.6.11-antix.1-486-smp-10.00.Custom i386
  Header files related to Linux kernel, specifically,

linux-headers-3.7.10-antix.3-486-smp/testing 3.7.10-antix.3-486-smp-1 i386
  Linux kernel headers for 3.7.10-antix.3-486-smp on i386

linux-headers-3.7.10-antix.5-486-smp/testing 3.7.10-antix.5-486-smp-2 i386
  Linux kernel headers for 3.7.10-antix.5-486-smp on i386

linux-headers-3.7.10-gnu-antix.3-486-smp/testing 3.7.10-gnu-antix.3-486-smp-1 i386
  Linux kernel headers for 3.7.10-gnu-antix.3-486-smp on i386

linux-headers-3.7.10-gnu-antix.5-486-smp/testing 3.7.10-gnu-antix.5-486-smp-2 i386
  Linux kernel headers for 3.7.10-gnu-antix.5-486-smp on i386

linux-headers-3.9.5-antix.1-486-smp/testing 3.9.5-antix.1-486-smp-1 i386
  Linux kernel headers for 3.9.5-antix.1-486-smp on i386

linux-headers-3.9.5-gnu-antix.1-486-smp/testing 3.9.5-gnu-antix.1-486-smp-1 i386
  Linux kernel headers for 3.9.5-gnu-antix.1-486-smp on i386

linux-image-3.11.3-antix.2-486-smp/testing 3.11.3-antix.2-486-smp-1 i386
  Linux kernel, version 3.11.3-antix.2-486-smp

linux-image-3.11.3-gnu-antix.2-486-smp/testing 3.11.3-gnu-antix.2-486-smp-1 i386
  Linux kernel, version 3.11.3-gnu-antix.2-486-smp

linux-image-3.11.5-antix.1-486-smp/testing 3.11.5-antix.1-486-smp-1 i386
  Linux kernel, version 3.11.5-antix.1-486-smp

linux-image-3.11.5-gnu-antix.1-486-smp/testing 3.11.5-gnu-antix.1-486-smp-1 i386
  Linux kernel, version 3.11.5-gnu-antix.1-486-smp

linux-image-3.12.1-antix.1-486-smp/testing 3.12.1-antix.1-486-smp-1 i386
  Linux kernel, version 3.12.1-antix.1-486-smp

linux-image-3.12.1-gnu-antix.1-486-smp/testing 3.12.1-gnu-antix.1-486-smp-1 i386
  Linux kernel, version 3.12.1-gnu-antix.1-486-smp

linux-image-3.12.3-antix.2-486-smp/testing 3.12.3-antix.2-486-smp-2 i386
  Linux kernel, version 3.12.3-antix.2-486-smp

linux-image-3.12.3-gnu-antix.2-486-smp/testing 3.12.3-gnu-antix.2-486-smp-1 i386
  Linux kernel, version 3.12.3-gnu-antix.2-486-smp

linux-image-3.12.5-antix.2-486-smp/testing 3.12.5-antix.2-486-smp-3 i386
  Linux kernel, version 3.12.5-antix.2-486-smp

linux-image-3.12.6-antix.1-486-smp/testing 3.12.6-antix.1-486-smp-1 i386
  Linux kernel, version 3.12.6-antix.1-486-smp

linux-image-3.12.6-gnu-antix.1-486-smp/testing 3.12.6-gnu-antix.1-486-smp-1 i386
  Linux kernel, version 3.12.6-gnu-antix.1-486-smp

linux-image-3.13.3-antix.1-486-smp/testing 3.13.3-antix.1-486-smp-1 i386
  Linux kernel, version 3.13.3-antix.1-486-smp

linux-image-3.13.3-gnu-antix.1-486-smp/testing 3.13.3-gnu-antix.1-486-smp-1 i386
  Linux kernel, version 3.13.3-gnu-antix.1-486-smp

linux-image-3.14.0-antix.1-486-smp/testing 3.14.0-antix.1-486-smp-1 i386
  Linux kernel, version 3.14.0-antix.1-486-smp

linux-image-3.14.0-gnu-antix.1-486-smp/testing 3.14.0-gnu-antix.1-486-smp-1 i386
  Linux kernel, version 3.14.0-gnu-antix.1-486-smp

linux-image-3.14.1-antix.1-486-smp/testing 3.14.1-antix.1-486-smp-1 i386
  Linux kernel, version 3.14.1-antix.1-486-smp

linux-image-3.14.1-gnu-antix.1-486-smp/testing 3.14.1-gnu-antix.1-486-smp-1 i386
  Linux kernel, version 3.14.1-gnu-antix.1-486-smp

linux-image-3.14.2-antix.1-486-smp/testing 3.14.2-antix.1-486-smp-1 i386
  Linux kernel, version 3.14.2-antix.1-486-smp

linux-image-3.14.2-antix.2-486-smp/testing 3.14.2-antix.2-486-smp-2 i386
  Linux kernel, version 3.14.2-antix.2-486-smp

linux-image-3.14.2-gnu-antix.1-486-smp/testing 3.14.2-gnu-antix.1-486-smp-1 i386
  Linux kernel, version 3.14.2-gnu-antix.1-486-smp

linux-image-3.14.2-gnu-antix.2-486-smp/testing 3.14.2-gnu-antix.2-486-smp-2 i386
  Linux kernel, version 3.14.2-gnu-antix.2-486-smp

linux-image-3.14.3-antix.1-486-smp/testing 3.14.3-antix.1-486-smp-2 i386
  Linux kernel, version 3.14.3-antix.1-486-smp

linux-image-3.14.3-gnu-antix.1-486-smp/testing 3.14.3-gnu-antix.1-486-smp-1 i386
  Linux kernel, version 3.14.3-gnu-antix.1-486-smp

linux-image-3.14.4-antix.1-486/testing 3.14.4-antix.1-486-1 i386
  Linux kernel, version 3.14.4-antix.1-486

linux-image-3.14.4-antix.1-486-smp/testing 3.14.4-antix.1-486-smp-1 i386
  Linux kernel, version 3.14.4-antix.1-486-smp

linux-image-3.14.4-antix.2-486/testing 3.14.4-antix.2-486-2 i386
  Linux kernel, version 3.14.4-antix.2-486

linux-image-3.14.4-antix.3-486/testing 3.14.4-antix.3-486-3 i386
  Linux kernel, version 3.14.4-antix.3-486

linux-image-3.14.4-gnu-antix.1-486/testing 3.14.4-gnu-antix.1-486-1 i386
  Linux kernel, version 3.14.4-gnu-antix.1-486

linux-image-3.15.2-antix.1-486/testing 3.15.2-antix.1-486-2 i386
  Linux kernel, version 3.15.2-antix.1-486

linux-image-3.15.2-antix.2-486/testing 3.15.2-antix.2-486-3 i386
  Linux kernel, version 3.15.2-antix.2-486

linux-image-3.15.2-antix.3-486/testing 3.15.2-antix.3-486-4 i386
  Linux kernel, version 3.15.2-antix.3-486

linux-image-3.15.2-gnu-antix.1-486/testing 3.15.2-gnu-antix.1-486-1 i386
  Linux kernel, version 3.15.2-gnu-antix.1-486

linux-image-3.16.7-antix.1-486/testing 3.16.7-antix.1-486-2 i386
  Linux kernel, version 3.16.7-antix.1-486

linux-image-3.16.7-antix.2-486/testing 3.16.7-antix.2-486-8 i386
  Linux kernel, version 3.16.7-antix.2-486

linux-image-3.16.7-antix.3-486-smp/testing 3.16.7-antix.3-486-smp-10 i386
  Linux kernel, version 3.16.7-antix.3-486-smp

linux-image-3.16.7-antix.5-486-smp/testing 3.16.7-antix.5-486-smp-12 i386
  Linux kernel, version 3.16.7-antix.5-486-smp

linux-image-3.16.7-gnu-antix.2-486/testing 3.16.7-gnu-antix.2-486-1 i386
  Linux kernel, version 3.16.7-gnu-antix.2-486

linux-image-3.17.0-antix.1-486/testing 3.17.0-antix.1-486-1 i386
  Linux kernel, version 3.17.0-antix.1-486

linux-image-3.17.0-gnu-antix.1-486/testing 3.17.0-gnu-antix.1-486-1 i386
  Linux kernel, version 3.17.0-gnu-antix.1-486

linux-image-3.17.1-antix.1-486/testing 3.17.1-antix.1-486-3 i386
  Linux kernel, version 3.17.1-antix.1-486

linux-image-3.17.1-antix.2-486/testing 3.17.1-antix.2-486-4 i386
  Linux kernel, version 3.17.1-antix.2-486

linux-image-3.17.1-gnu-antix.1-486/testing 3.17.1-gnu-antix.1-486-1 i386
  Linux kernel, version 3.17.1-gnu-antix.1-486

linux-image-3.17.2-antix.1-486/testing 3.17.2-antix.1-486-1 i386
  Linux kernel, version 3.17.2-antix.1-486

linux-image-3.17.2-antix.2-486/testing 3.17.2-antix.2-486-2 i386
  Linux kernel, version 3.17.2-antix.2-486

linux-image-3.17.2-antix.3-486/testing 3.17.2-antix.3-486-4 i386
  Linux kernel, version 3.17.2-antix.3-486

linux-image-3.17.2-gnu-antix.1-486/testing 3.17.2-gnu-antix.1-486-1 i386
  Linux kernel, version 3.17.2-gnu-antix.1-486

linux-image-3.17.2-gnu-antix.2-486/testing 3.17.2-gnu-antix.2-486-2 i386
  Linux kernel, version 3.17.2-gnu-antix.2-486

linux-image-3.17.2-gnu-antix.3-486/testing 3.17.2-gnu-antix.3-486-3 i386
  Linux kernel, version 3.17.2-gnu-antix.3-486

linux-image-3.17.4-antix.1-486/testing 3.17.4-antix.1-486-1 i386
  Linux kernel, version 3.17.4-antix.1-486

linux-image-3.18.1-antix.1-486-smp/testing,now 3.18.1-antix.1-486-smp-2 i386 [residual-config]
  Linux kernel, version 3.18.1-antix.1-486-smp

linux-image-3.18.1-gnu-antix.1-486-smp/testing 3.18.1-gnu-antix.1-486-smp-2 i386
  Linux kernel, version 3.18.1-gnu-antix.1-486-smp

linux-image-3.18.6-antix.2-486-smp/testing 3.18.6-antix.2-486-smp-4 i386
  Linux kernel, version 3.18.6-antix.2-486-smp

linux-image-3.18.6-antix.3-486-smp/testing,now 3.18.6-antix.3-486-smp-5 i386 [installed]
  Linux kernel, version 3.18.6-antix.3-486-smp

linux-image-3.18.6-gnu-antix.3-486-smp/testing 3.18.6-gnu-antix.3-486-smp-2 i386
  Linux kernel, version 3.18.6-gnu-antix.3-486-smp

linux-image-3.19.1-antix.1-486-smp/testing 3.19.1-antix.1-486-smp-1 i386
  Linux kernel, version 3.19.1-antix.1-486-smp

linux-image-3.19.1-gnu-antix.1-486-smp/testing 3.19.1-gnu-antix.1-486-smp-1 i386
  Linux kernel, version 3.19.1-gnu-antix.1-486-smp

linux-image-3.6.11-antix.1-486-smp/testing 3.6.11-antix.1-486-smp-10.00.Custom i386
  Linux kernel binary image for version 3.6.11-antix.1-486-smp

linux-image-3.7.10-antix.2-486-smp/testing 3.7.10-antix.2-486-smp-1 i386
  Linux kernel, version 3.7.10-antix.2-486-smp

linux-image-3.7.10-antix.3-486-smp/testing 3.7.10-antix.3-486-smp-1 i386
  Linux kernel, version 3.7.10-antix.3-486-smp

linux-image-3.7.10-antix.5-486-smp/testing 3.7.10-antix.5-486-smp-2 i386
  Linux kernel, version 3.7.10-antix.5-486-smp

linux-image-3.7.10-gnu-antix.2-486-smp/testing 3.7.10-gnu-antix.2-486-smp-1 i386
  Linux kernel, version 3.7.10-gnu-antix.2-486-smp

linux-image-3.7.10-gnu-antix.3-486-smp/testing 3.7.10-gnu-antix.3-486-smp-1 i386
  Linux kernel, version 3.7.10-gnu-antix.3-486-smp

linux-image-3.7.10-gnu-antix.5-486-smp/testing 3.7.10-gnu-antix.5-486-smp-2 i386
  Linux kernel, version 3.7.10-gnu-antix.5-486-smp

linux-image-3.9.5-antix.1-486-smp/testing 3.9.5-antix.1-486-smp-1 i386
  Linux kernel, version 3.9.5-antix.1-486-smp

linux-image-3.9.5-gnu-antix.1-486-smp/testing 3.9.5-gnu-antix.1-486-smp-1 i386
  Linux kernel, version 3.9.5-gnu-antix.1-486-smp

harry@scuzbucket:~
</code></pre></div>
Be back in a bit. <span class="emoticon"> __{{emoticon}}__ </span></div>
</div>
</div>

</div>
</div>
<div id="p_39956" class="post has-profile bg2">
<div class="inner">
<dl class="postprofile" id="profile39956">
<dt class="no-profile-rank has-avatar avatar-username">
<div class="avatar-username-inner">
<div class="thread-user-detail">
<div class="detail-title-numposts"><span class="detail-title-numposts">Posts: 4,164</span></div>

</div>
</div>
<span class="username">rokytnji</span>
</dt>
<dd class="profile-joined">Joined: 20 Feb 2009</dd>
</dl>
<div class="postbody">
<div id="post_content39956">

<time datetime="2015-03-10T17:07">posted: 2015-03-10 &nbsp; 17:07</time>
<span class="permalink"><a href="./3-19-1-kernel-available-t5558.html#p39956" title="permalink">#3</a></span>

<div class="content"><div class="codebox"><p>Code: <a href="#" onclick="selectCode(this); return false;">Select all</a></p><pre><code>harry@scuzbucket:~
$ inxi -zv7
System:    Host: scuzbucket Kernel: 3.19.1-antix.1-486-smp i686 (32 bit gcc: 4.9.2)
           Desktop: IceWM 1.3.8 dm: slim
           Distro: antiX-14-a5-RV_386-full Killah_P 14 January 2015
Machine:   System: Intel product: Intel powered classmate PC v: 3rd Gen
           Mobo: QCI model: Intel powered classmate PC v: 3rd Gen
           Bios: Phoenix v: HP94510A.86A.0035.2009.0427.2020 date: 04/27/2009
CPU:       Single core Intel Atom N270 (-HT-) cache: 512 KB
           flags: (nx pae sse sse2 sse3 ssse3) bmips: 3192
           clock speeds: min/max: 800/1600 MHz 1: 1333 MHz 2: 800 MHz
Memory:    Using dmidecode: you must be root to run dmidecode
Graphics:  Card: Intel Mobile 945GSE Express Integrated Graphics Controller
           bus-ID: 00:02.0 chip-ID: 8086:27ae
           Display Server: X.Org 1.16.4 drivers: intel (unloaded: fbdev,vesa)
           Resolution: 1024x600@60.00hz
           GLX Renderer: Mesa DRI Intel 945GME x86/MMX/SSE2
           GLX Version: 2.1 Mesa 10.3.2 Direct Rendering: Yes
Audio:     Card Intel NM10/ICH7 Family High Definition Audio Controller
           driver: snd_hda_intel bus-ID: 00:1b.0 chip-ID: 8086:27d8
           Sound: ALSA v: k3.19.1-antix.1-486-smp
Network:   Card-1: Realtek RTL8101E/RTL8102E PCI Express Fast Ethernet controller
           driver: r8169 v: 2.3LK-NAPI port: 2000
           bus-ID: 02:00.0 chip-ID: 10ec:8136
           IF: eth0 state: down mac: &lt;filter&gt;
           Card-2: Ralink RT2870/RT3070 Wireless Adapter
           driver: rt2800usb v: 2.3.0 usb-ID: 005-004 chip-ID: 148f:3070
           IF: wlan0 state: N/A mac: N/A
           WAN IP: &lt;filter&gt; IF: eth0 ip: N/A ip-v6: N/A
           IF: wlan0 ip: &lt;filter&gt; ip-v6: &lt;filter&gt;
Drives:    HDD Total Size: 60.0GB (10.8% used)
           ID-1: /dev/sda model: TOSHIBA_MK6028GA size: 60.0GB serial: Y8EMW5AWW
           Optical: No optical drives detected.
Partition: ID-1: / size: 15G used: 6.0G (44%) fs: ext4 dev: /dev/sda1
           label: N/A uuid: 129d95eb-70ae-4fc1-8699-0b415b0fd761
           ID-2: /media/data size: 37G used: 110M (1%) fs: ext4 dev: /dev/sda5
           label: /data uuid: e3728887-6e16-4261-b727-4772665997e9
RAID:      No RAID data: /proc/mdstat missing-is md_mod kernel module loaded?
Unmounted: ID-1: /dev/sda2 size: 4.24G
           label: N/A uuid: 382f5510-30a9-4453-abf2-ed218834396d
Sensors:   System Temperatures: cpu: 40.0C mobo: N/A
           Fan Speeds (in rpm): cpu: N/A
Info:      Processes: 108 Uptime: 1 min Memory: 91.6/2010.5MB
           Init: SysVinit v: 2.88 runlevel: 5 default: 5 Gcc sys: 4.9.1
           Client: Shell (bash 4.3.301 running in roxterm) inxi: 2.2.18 
harry@scuzbucket:</code></pre></div>
Ram usage low. Conky and terminal and other cruft reflect in ram report in inxi.<br>
Touchscreen, Sound, SD card automount. Usb automount. Wifi.<br>
All work. Think of this as a older version of the intel classmate you posted Anti in the AntiX laptop thread. Instead of N450 Atom. This one is N270. Outside casing though.<br>
They could be twins.</div>
</div>
</div>

</div>
</div>
<div id="p_39985" class="post has-profile bg1">
<div class="inner">
<dl class="postprofile" id="profile39985">
<dt class="no-profile-rank has-avatar avatar-username">
<div class="avatar-username-inner">
<div class="thread-user-detail">
<div class="detail-title-numposts"><span class="detail-title-numposts">Posts: 127</span></div>

</div>
</div>
<span class="username">KrunchTime</span>
</dt>
<dd class="profile-joined">Joined: 05 Dec 2014</dd>
</dl>
<div class="postbody">
<div id="post_content39985">

<time datetime="2015-03-12T22:15">posted: 2015-03-12 &nbsp; 22:15</time>
<span class="permalink"><a href="./3-19-1-kernel-available-t5558.html#p39985" title="permalink">#4</a></span>

<div class="content">Will do. I was holding off because I read a post recently where the user stated that he never used .0 kernel releases as .0 releases usually have bugs. Thank you for your work anticapitalista. <span class="emoticon"> __{{emoticon}}__ </span><br>
<br>
20150312-01 edit: Running fine so far on my ASUS AIO ET2322. However, I don't notice any improvements over the 3.18.6 kernel.<br>
<br>
20150316-01 edit: Decided to uninstall the kernel. I found out that installation of the <em>broadcom-sta-dkms</em> package from the Testing repo would allow me to finally get wireless working on my ASUS AIO ET2322. Unfortunately, the package would not compile against the kernel. I installed the latest Debian kernel (3.16.0-4) from the Testing repo and the package compiled against that and I got wireless working.</div>
<div class="notice">
Last edited by <b>KrunchTime</b> on 17 Mar 2015, 22:18, edited 4 times in total.
</div>
</div>
</div>

</div>
</div>
<div id="p_39993" class="post has-profile bg2">
<div class="inner">
<dl class="postprofile" id="profile39993">
<dt class="no-profile-rank has-avatar avatar-username">
<div class="avatar-username-inner">
<div class="thread-user-detail">
<div class="detail-title-numposts"><span class="detail-title-numposts">Posts: 325</span></div>

</div>
</div>
<span class="username">male</span>
</dt>
<dd class="profile-joined">Joined: 04 Nov 2011</dd>
</dl>
<div class="postbody">
<div id="post_content39993">

<time datetime="2015-03-14T10:30">posted: 2015-03-14 &nbsp; 10:30</time>
<span class="permalink"><a href="./3-19-1-kernel-available-t5558.html#p39993" title="permalink">#5</a></span>

<div class="content"><div class="codebox"><p>Code: <a href="#" onclick="selectCode(this); return false;">Select all</a></p><pre><code>inxi -Fxz
System:    Host: antix14i386RD Kernel: 3.19.1-antix.1-486-smp i686 (32 bit gcc: 4.9.2)
           Desktop: Fluxbox 1.3.5 Distro: antiX-14-a3-RD_386-full Killah P 11 October 2014
Machine:   Mobo: ASUSTeK model: P4P800SE v: Rev 2.xx
           Bios: American Megatrends v: 080009 date: 01/27/2004
CPU:       Single core Intel Pentium 4 (-HT-) cache: 512 KB flags: (pae sse sse2) bmips: 5597 
           clock speeds: max: 2798 MHz 1: 2798 MHz 2: 2798 MHz
Graphics:  Card: Advanced Micro Devices [AMD/ATI] RV280 [Radeon 9200] bus-ID: 01:00.0
           Display Server: X.Org 1.16.4 drivers: ati,radeon (unloaded: fbdev,vesa)
           Resolution: 1280x1024@60.02hz
           GLX Renderer: Mesa DRI R200 (RV280 5961) x86/MMX/SSE2 DRI2
           GLX Version: 1.3 Mesa 10.3.2 Direct Rendering: Yes
Audio:     Card Intel 82801EB/ER (ICH5/ICH5R) AC'97 Audio Controller
           driver: snd_intel8x0 ports: e800 ee80 bus-ID: 00:1f.5
           Sound: Advanced Linux Sound Architecture v: k3.19.1-antix.1-486-smp
Network:   Card: Marvell 88E8001 Gigabit Ethernet Controller
           driver: skge v: 1.14 port: d800 bus-ID: 02:05.0
           IF: eth0 state: up speed: 100 Mbps duplex: full mac: &lt;filter&gt;
Drives:    HDD Total Size: 281.8GB (7.5% used) ID-1: /dev/sdb model: Maxtor_6E030L0 size: 30.8GB
           ID-2: /dev/sda model: Maxtor_6L250R0 size: 251.0GB
Partition: ID-1: / size: 17G used: 3.3G (22%) fs: ext4 dev: /dev/sda11
Sensors:   None detected - is lm-sensors installed and configured?
Info:      Processes: 88 Uptime: 1 min Memory: 95.5/2019.6MB
           Init: systemd runlevel: 5 Gcc sys: 4.9.2 Client: Shell (bash 4.3.301) inxi: 2.2.16 </code></pre></div>
By the way, <br>
all antiX14-beta machines run with systemd<br>
excellent since publication. This applies to both 32 and 64bit.<br>
The DU is made regularly.<br>
<br>
I will very sorry if systemd no longer is used in future versions of antiX.<br>
I can not imagine that the developers strike a balance between Jessie with systemd ---&gt; antiX without systemd to create. <span class="emoticon"> __{{emoticon}}__ </span></div>
</div>
</div>

</div>
</div>
<div id="p_40012" class="post has-profile bg1">
<div class="inner">
<dl class="postprofile" id="profile40012">
<dt class="no-profile-rank has-avatar avatar-username">
<div class="avatar-username-inner">

<span> <strong><span class="username">Alanarchy</span></strong> </span>
<div class="thread-user-detail">
<table>
<tr>
<td valign="top" class="detail-title"><a><span>Posts</span></a></td>
<td valign="top" class="detail-value"><span>0</span></td>
</tr>
</table>

</div>
</div>
<section class="desktop-hide">

<strong><span class="username">Alanarchy</span></strong> </section>
</dt>
</dl>
<div class="postbody">
<div id="post_content40012">

<time datetime="2015-03-15T11:36">posted: 2015-03-15 &nbsp; 11:36</time>
<span class="permalink"><a href="./3-19-1-kernel-available-t5558.html#p40012" title="permalink">#6</a></span>

<div class="content">Didn't you know yet? Debian has been forked:<br>
<br>

<br>========= SCRAPER REMOVED AN EMBEDDED LINK HERE ===========<br>url was:"https://devuan.org/"<br>linktext was:"https://devuan.org/"<br>====================================<br>
<br>
<blockquote class="uncited"><div>In short: we plan to have a well stable, production ready fork of Debian in place about the time Jessie will come out: we will keep everything intact, just avoid systemd and its overwhelming web of dependencies.</div></blockquote></div>
</div>
</div>

</div>
</div>
<div id="p_40013" class="post has-profile bg2">
<div class="inner">
<dl class="postprofile" id="profile40013">
<dt class="no-profile-rank has-avatar avatar-username">
<div class="avatar-username-inner">
<div class="thread-user-detail">
<div class="detail-title-numposts"><span class="detail-title-numposts">Posts: 325</span></div>

</div>
</div>
<span class="username">male</span>
</dt>
<dd class="profile-joined">Joined: 04 Nov 2011</dd>
</dl>
<div class="postbody">
<div id="post_content40013">

<time datetime="2015-03-15T13:02">posted: 2015-03-15 &nbsp; 13:02</time>
<span class="permalink"><a href="./3-19-1-kernel-available-t5558.html#p40013" title="permalink">#7</a></span>

<div class="content">Oh yes, this is known to me. <br>
However, the belief is not granted me. <br>
<br>
In short: m.M. has no future.</div>
</div>
</div>

</div>
</div>
<div id="p_40046" class="post has-profile bg1">
<div class="inner">
<dl class="postprofile" id="profile40046">
<dt class="no-profile-rank has-avatar avatar-username">
<div class="avatar-username-inner">
<div class="thread-user-detail">
<div class="detail-title-numposts"><span class="detail-title-numposts">Posts: 127</span></div>

</div>
</div>
<span class="username">KrunchTime</span>
</dt>
<dd class="profile-joined">Joined: 05 Dec 2014</dd>
</dl>
<div class="postbody">
<div id="post_content40046">

<time datetime="2015-03-17T22:17">posted: 2015-03-17 &nbsp; 22:17</time>
<span class="permalink"><a href="./3-19-1-kernel-available-t5558.html#p40046" title="permalink">#8</a></span>

<div class="content"><em>we will keep everything intact, just avoid systemd and its overwhelming web of dependencies.</em> It will be interesting to see how long they can keep that up. SystemD seems to be entwined with more and more packages. I just read an interview with Lennart Poettering in the March issue of Linux Voice and he seems to have more plans for systemD.</div>
</div>
</div>

</div>
</div>
<div id="p_40238" class="post has-profile bg2">
<div class="inner">
<dl class="postprofile" id="profile40238">
<dt class="no-profile-rank has-avatar avatar-username">
<div class="avatar-username-inner">
<div class="thread-user-detail">
<div class="detail-title-numposts"><span class="detail-title-numposts">Posts: 11</span></div>

</div>
</div>
<span class="username">ko</span>
</dt>
<dd class="profile-joined">Joined: 12 Sep 2007</dd>
</dl>
<div class="postbody">
<div id="post_content40238">

<time datetime="2015-03-30T10:45">posted: 2015-03-30 &nbsp; 10:45</time>
<span class="permalink"><a href="./3-19-1-kernel-available-t5558.html#p40238" title="permalink">#9</a></span>

<div class="content">All 3.19.x kernels have this bug at boottime:<br>
<br>
<strong>APCI PCC probe failed</strong><br>
<br>

<br>========= SCRAPER REMOVED AN EMBEDDED LINK HERE ===========<br>url was:"https://bugzilla.kernel.org/show_bug.cgi?id=92551"<br>linktext was:"https://bugzilla.kernel.org/show_bug.cgi?id=92551"<br>====================================<br>
<br>
<br>
See comment 2: nobody is really doing anything about it - sofar.</div>
</div>
</div>

</div>
</div>
<div id="p_40239" class="post has-profile bg1">
 <div class="inner">
<dl class="postprofile" id="profile40239">
<dt class="no-profile-rank has-avatar avatar-username">
<div class="avatar-username-inner">
<div class="thread-user-detail">
<div class="detail-title-numposts"><span class="detail-title-numposts">Posts: 325</span></div>

</div>
</div>
<span class="username">male</span>
</dt>
<dd class="profile-joined">Joined: 04 Nov 2011</dd>
</dl>
<div class="postbody">
<div id="post_content40239">

<time datetime="2015-03-30T15:10">posted: 2015-03-30 &nbsp; 15:10</time>
<span class="permalink"><a href="./3-19-1-kernel-available-t5558.html#p40239" title="permalink">#10</a></span>

<div class="content">Can I not confirm here:<div class="codebox"><p>Code: <a href="#" onclick="selectCode(this); return false;">Select all</a></p><pre><code>inxi -S
System:    Host: antix1 Kernel: 3.19.1-antix.1-486-smp i686 (32 bit) Desktop: Fluxbox 1.3.5
           Distro: antiX-15-beta1-V_386-full Killah P 16 March 2015
</code></pre></div>
here showing 2 lines before and after each Fund<div class="codebox"><p>Code: <a href="#" onclick="selectCode(this); return false;">Select all</a></p><pre><code># dmesg | grep -C2 ACPI
[    0.000000] BIOS-e820: [mem 0x00000000000dc000-0x00000000000fffff] reserved
[    0.000000] BIOS-e820: [mem 0x0000000000100000-0x000000005f6cffff] usable
[    0.000000] BIOS-e820: [mem 0x000000005f6d0000-0x000000005f6e6fff] ACPI data
[    0.000000] BIOS-e820: [mem 0x000000005f6e7000-0x000000005f6f8fff] ACPI NVS
[    0.000000] BIOS-e820: [mem 0x000000005f700000-0x000000005fffffff] reserved
[    0.000000] BIOS-e820: [mem 0x00000000fec00000-0x00000000fec0ffff] reserved
--
[    0.000000] BRK [0x018b9000, 0x018b9fff] PGTABLE
[    0.000000] RAMDISK: [mem 0x36180000-0x370b7fff]
[    0.000000] ACPI: Early table checksum verification disabled
[    0.000000] ACPI: RSDP 0x000F6D10 000024 (v02 IBM   )
[    0.000000] ACPI: XSDT 0x5F6D7E57 000054 (v01 IBM    TP-1U    00002080  LTP 00000000)
[    0.000000] ACPI: FACP 0x5F6D7F00 0000F4 (v03 IBM    TP-1U    00002080 IBM  00000001)
[    0.000000] ACPI BIOS Warning (bug): 32/64X length mismatch in FADT/Gpe0Block: 64/32 (20141107/tbfadt-618)
[    0.000000] ACPI BIOS Warning (bug): 32/64X length mismatch in FADT/Gpe1Block: 0/32 (20141107/tbfadt-618)
[    0.000000] ACPI BIOS Warning (bug): Optional FADT field Gpe1Block has zero address or length: 0x000000000000102C/0x0 (20141107/tbfadt-649)
[    0.000000] ACPI: DSDT 0x5F6D80E7 00ECE9 (v01 IBM    TP-1U    00002080 MSFT 0100000E)
[    0.000000] ACPI: FACS 0x5F6F8000 000040
[    0.000000] ACPI: SSDT 0x5F6D80B4 000033 (v01 IBM    TP-1U    00002080 MSFT 0100000E)
[    0.000000] ACPI: ECDT 0x5F6E6DD0 000052 (v01 IBM    TP-1U    00002080 IBM  00000001)
[    0.000000] ACPI: TCPA 0x5F6E6E22 000032 (v01 IBM    TP-1U    00002080 PTL  00000001)
[    0.000000] ACPI: APIC 0x5F6E6E54 00005A (v01 IBM    TP-1U    00002080 IBM  00000001)
[    0.000000] ACPI: BOOT 0x5F6E6FD8 000028 (v01 IBM    TP-1U    00002080  LTP 00000001)
[    0.000000] ACPI: Local APIC address 0xfee00000
[    0.000000] 638MB HIGHMEM available.
[    0.000000] 887MB LOWMEM available.
--
[    0.000000] Using APIC driver default
[    0.000000] Reserving Intel graphics stolen memory at 0x5f700000-0x5fefffff
[    0.000000] ACPI: PM-Timer IO Port: 0x1008
[    0.000000] ACPI: Local APIC address 0xfee00000
[    0.000000] ACPI: LAPIC (acpi_id[0x01] lapic_id[0x00] enabled)
[    0.000000] ACPI: LAPIC_NMI (acpi_id[0x01] high edge lint[0x1])
[    0.000000] ACPI: IOAPIC (id[0x01] address[0xfec00000] gsi_base[0])
[    0.000000] IOAPIC[0]: apic_id 1, version 32, address 0xfec00000, GSI 0-23
[    0.000000] ACPI: INT_SRC_OVR (bus 0 bus_irq 0 global_irq 2 dfl dfl)
[    0.000000] ACPI: INT_SRC_OVR (bus 0 bus_irq 9 global_irq 9 high level)
[    0.000000] ACPI: IRQ0 used by override.
[    0.000000] ACPI: IRQ9 used by override.
[    0.000000] Using ACPI (MADT) for SMP configuration information
[    0.000000] smpboot: Allowing 1 CPUs, 0 hotplug CPUs
[    0.000000] PM: Registered nosave memory: [mem 0x00000000-0x00000fff]
--
[    0.004013] Calibrating delay loop (skipped), value calculated using timer frequency.. 2790.89 BogoMIPS (lpj=5581780)
[    0.004098] pid_max: default: 32768 minimum: 301
[    0.004154] ACPI: Core revision 20141107
[    0.029373] ACPI: All ACPI Tables successfully acquired
[    0.032054] Security Framework initialized
[    0.032099] Yama: becoming mindful.
--
[    0.084000] smpboot: Total of 1 processors activated (2790.89 BogoMIPS)
[    0.084000] devtmpfs: initialized
[    0.084000] PM: Registering ACPI NVS region [mem 0x5f6e7000-0x5f6f8fff] (73728 bytes)
[    0.084000] pinctrl core: initialized pinctrl subsystem
[    0.084000] regulator-dummy: no parameters
--
[    0.084000] cpuidle: using governor ladder
[    0.084000] cpuidle: using governor menu
[    0.084077] ACPI: bus type PCI registered
[    0.084117] acpiphp: ACPI Hot Plug PCI Controller Driver version: 0.5
[    0.084447] PCI: PCI BIOS revision 2.10 entry at 0xfd8c8, last bus=5
[    0.084491] PCI: Using configuration type 1 for base access
[    0.087347] ACPI: Added _OSI(Module Device)
[    0.087389] ACPI: Added _OSI(Processor Device)
[    0.087430] ACPI: Added _OSI(3.0 _SCP Extensions)
[    0.087470] ACPI: Added _OSI(Processor Aggregator Device)
[    0.089698] ACPI : EC: EC description table is found, configuring boot EC
[    0.224973] ACPI: Interpreter enabled
[    0.225024] ACPI Exception: AE_NOT_FOUND, While evaluating Sleep State [\_S1_] (20141107/hwxface-580)
[    0.225126] ACPI Exception: AE_NOT_FOUND, While evaluating Sleep State [\_S2_] (20141107/hwxface-580)
[    0.225241] ACPI: (supports S0 S3 S4 S5)
[    0.225280] ACPI: Using IOAPIC for interrupt routing
[    0.225359] PCI: Ignoring host bridge windows from ACPI; if necessary, use"pci=use_crs" and report a bug
[    0.228154] ACPI: Power Resource [PUBS] (on)
[    0.232057] acpi PNP0C0A:01: ACPI dock station (docks/bays count: 1)
[    0.234287] acpi LNXIOBAY:00: ACPI dock station (docks/bays count: 2)
[    0.234603] acpi LNXIOBAY:01: ACPI dock station (docks/bays count: 3)
[    0.236910] acpi IBM007A:00: ACPI dock station (docks/bays count: 4)
[    0.237282] acpi IBM007B:00: ACPI dock station (docks/bays count: 5)
[    0.237854] ACPI: PCI Interrupt Link [LNKA] (IRQs 3 4 5 6 7 9 10 *11)
[    0.238252] ACPI: PCI Interrupt Link [LNKB] (IRQs 3 4 5 6 7 9 10 *11)
[    0.238647] ACPI: PCI Interrupt Link [LNKC] (IRQs 3 4 5 6 7 9 10 *11)
[    0.239041] ACPI: PCI Interrupt Link [LNKD] (IRQs 3 4 5 6 7 9 10 *11)
[    0.240325] ACPI: PCI Interrupt Link [LNKE] (IRQs 3 4 5 6 7 9 10 11) *0, disabled.
[    0.240771] ACPI: PCI Interrupt Link [LNKF] (IRQs 3 4 5 6 7 9 10 *11)
[    0.241118] ACPI: PCI Interrupt Link [LNKG] (IRQs 3 4 5 6 7 9 10 11) *0, disabled.
[    0.241564] ACPI: PCI Interrupt Link [LNKH] (IRQs 3 4 5 6 7 9 10 *11)
[    0.241954] ACPI: PCI Root Bridge [PCI0] (domain 0000 [bus 00-ff])
[    0.241954] acpi PNP0A03:00: _OSC: OS supports [ASPM ClockPM Segments MSI]
[    0.241954] acpi PNP0A03:00: _OSC failed (AE_NOT_FOUND); disabling ASPM
--
[    0.245718] pci 0000:00:1d.0: [8086:24c2] type 00 class 0x0c0300
[    0.245762] pci 0000:00:1d.0: reg 0x20: [io  0x1820-0x183f]
[    0.245948] pci 0000:00:1d.0: System wakeup disabled by ACPI
[    0.245948] pci 0000:00:1d.1: [8086:24c4] type 00 class 0x0c0300
[    0.245948] pci 0000:00:1d.1: reg 0x20: [io  0x1840-0x185f]
[    0.245948] pci 0000:00:1d.1: System wakeup disabled by ACPI
[    0.245948] pci 0000:00:1d.2: [8086:24c7] type 00 class 0x0c0300
[    0.245948] pci 0000:00:1d.2: reg 0x20: [io  0x1860-0x187f]
[    0.245948] pci 0000:00:1d.2: System wakeup disabled by ACPI
[    0.245948] pci 0000:00:1d.7: [8086:24cd] type 00 class 0x0c0320
[    0.245948] pci 0000:00:1d.7: reg 0x10: [mem 0xd0100000-0xd01003ff]
[    0.245948] pci 0000:00:1d.7: PME# supported from D0 D3hot D3cold
[    0.245948] pci 0000:00:1e.0: [8086:2448] type 01 class 0x060400
[    0.245948] pci 0000:00:1e.0: System wakeup disabled by ACPI
[    0.245948] pci 0000:00:1f.0: [8086:24cc] type 00 class 0x060100
[    0.245948] pci 0000:00:1f.0: can't claim BAR 13 [io  0x1000-0x107f]: address conflict with ACPI CPU throttle [io  0x1010-0x1015]
[    0.245948] pci 0000:00:1f.0: quirk: [io  0x1180-0x11bf] claimed by ICH4 GPIO
[    0.245948] pci 0000:00:1f.1: [8086:24ca] type 00 class 0x01018a
--
[    0.248569] pci 0000:00:1f.6: reg 0x14: [io  0x2000-0x207f]
[    0.248630] pci 0000:00:1f.6: PME# supported from D0 D3hot D3cold
[    0.248688] pci 0000:00:1f.6: System wakeup disabled by ACPI
[    0.248898] pci 0000:02:00.0: [1180:0476] type 02 class 0x060700
[    0.248917] pci 0000:02:00.0: reg 0x10: [mem 0xb0000000-0xb0000fff]
--
[    0.249595] pci_bus 0000:03: busn_res: [bus 03-ff] end is updated to 04
[    0.249607] pci_bus 0000:00: on NUMA node 0
[    0.250166] ACPI : EC: GPE = 0x1c, I/O: command/status = 0x66, data = 0x62
[    0.250166] vgaarb: setting as boot device: PCI:0000:00:02.0
[    0.250166] vgaarb: device added: PCI:0000:00:02.0,decodes=io+mem,owns=io+mem,locks=none
--
[    0.250166] SCSI subsystem initialized
[    0.252053] libata version 3.00 loaded.
[    0.252114] ACPI: bus type USB registered
[    0.252196] usbcore: registered new interface driver usbfs
[    0.252258] usbcore: registered new interface driver hub
[    0.252320] usbcore: registered new device driver usb
[    0.252488] PCI: Using ACPI for IRQ routing
[    0.252612] PCI: pci_cache_line_size set to 64 bytes
[    0.252657] e820: reserve RAM buffer [mem 0x0009f000-0x0009ffff]
--
[    0.253018] NetLabel:  unlabeled traffic allowed by default
[    0.253139] Switched to clocksource refined-jiffies
[    0.256157] pnp: PnP ACPI init
[    0.256923] system 00:00: [mem 0x00000000-0x0009ffff] could not be reserved
[    0.256971] system 00:00: [mem 0x000c0000-0x000c3fff] could not be reserved
--
[    0.257434] system 00:00: [mem 0x00100000-0x01fdffff] could not be reserved
[    0.257480] system 00:00: [mem 0xfec00000-0xffffffff] could not be reserved
[    0.257527] system 00:00: Plug and Play ACPI device, IDs PNP0c01 (active)
[    0.257650] system 00:01: [io  0x1000-0x107f] could not be reserved
[    0.257695] system 00:01: [io  0x1180-0x11bf] has been reserved
--
[    0.257784] system 00:01: [io  0x1600-0x167f] has been reserved
[    0.257829] system 00:01: [io  0x1680-0x169f] has been reserved
[    0.257874] system 00:01: Plug and Play ACPI device, IDs PNP0c02 (active)
[    0.257938] pnp 00:02: Plug and Play ACPI device, IDs PNP0b00 (active)
[    0.257991] pnp 00:03: Plug and Play ACPI device, IDs PNP0303 (active)
[    0.258045] pnp 00:04: Plug and Play ACPI device, IDs IBM3780 PNP0f13 (active)
[    0.258430] pnp 00:05: Plug and Play ACPI device, IDs IBM0071 PNP0511 (disabled)
[    0.258469] pnp: PnP ACPI: found 6 devices
[    0.293997] Switched to clocksource acpi_pm
[    0.294058] pci 0000:00:1f.0: BAR 13: [io  0x1000-0x107f] has bogus alignment
--
[    1.179252] usb usb1: SerialNumber: 0000:00:1d.0
[    1.180109] thermal LNXTHERM:00: registered as thermal_zone0
[    1.180153] ACPI: Thermal Zone [THM0] (46 C)
[    1.180411] hub 1-0:1.0: USB hub found
[    1.180460] hub 1-0:1.0: 2 ports detected
--
[    2.454312] input: Lid Switch as /devices/LNXSYSTM:00/LNXSYBUS:00/PNP0C0D:00/input/input2
[    2.454475] tsc: Marking TSC unstable due to TSC halts in idle
[    2.454530] ACPI: acpi_idle registered with cpuidle
[    2.455085] ACPI: Lid Switch [LID]
[    2.455331] input: Sleep Button as /devices/LNXSYSTM:00/LNXSYBUS:00/PNP0C0E:00/input/input3
[    2.455399] ACPI: Sleep Button [SLPB]
[    2.456688] input: Power Button as /devices/LNXSYSTM:00/LNXPWRBN:00/input/input4
[    2.456754] ACPI: Power Button [PWRF]
[    2.462123] agpgart-intel 0000:00:00.0: Intel 855GM Chipset
[    2.462189] agpgart-intel 0000:00:00.0: detected gtt size: 131072K total, 131072K mappable
--
[    2.465919] agpgart-intel 0000:00:00.0: AGP aperture is 128M @ 0xe0000000
[    2.466406] P-state transition latency capped at 20 uS
[    2.517567] ACPI: Video Device [VID] (multi-head: yes  rom: no  post: no)
[    2.517893] input: Video Bus as /devices/LNXSYSTM:00/LNXSYBUS:00/PNP0A03:00/LNXVIDEO:00/input/input5
[    2.523632] [drm] Initialized drm 1.1.0 20060810
[    2.559258] NET: Registered protocol family 23
[    2.573375] ACPI: AC Adapter [AC] (on-line)
[    2.589921] ACPI: Battery Slot [BAT0] (battery present)
[    2.597444] nsc-ircc 00:05: [io  0x02f8-0x02ff]
[    2.597510] nsc-ircc 00:05: [irq 3]
--
[    2.599787] nsc-ircc, Using dongle: IBM31T1100 or Temic TFDS6000/TFDS6500
[    2.603866] Non-volatile memory driver v1.3
[    2.629203] thinkpad_acpi: ThinkPad ACPI Extras v0.25
[    2.629259] thinkpad_acpi: http://ibm-acpi.sf.net/
[    2.629305] thinkpad_acpi: ThinkPad BIOS 1UETD3WW (2.08 ), EC 1UHTB2WW-1.62</code></pre></div>
under antix14 with systemd is no different. <span class="emoticon"> __{{emoticon}}__ </span></div>
</div>
</div>

</div>
</div>
<div id="p_40242" class="post has-profile bg2">
<div class="inner">
<dl class="postprofile" id="profile40242">
<dt class="no-profile-rank has-avatar avatar-username">
<div class="avatar-username-inner">
<div class="thread-user-detail">
<div class="detail-title-numposts"><span class="detail-title-numposts">Posts: 4,164</span></div>

</div>
</div>
<span class="username">rokytnji</span>
</dt>
<dd class="profile-joined">Joined: 20 Feb 2009</dd>
</dl>
<div class="postbody">
<div id="post_content40242">

<time datetime="2015-03-31T04:15">posted: 2015-03-31 &nbsp; 04:15</time>
<span class="permalink"><a href="./3-19-1-kernel-available-t5558.html#p40242" title="permalink">#11</a></span>

<div class="content"><div class="codebox"><p>Code: <a href="#" onclick="selectCode(this); return false;">Select all</a></p><pre><code>harry@biker:~
$ inxi -S
System:    Host: biker Kernel: 3.19.1-antix.1-486-smp i686 (32 bit)
           Desktop: IceWM 1.3.8 Distro: antiX-13_386-full Luddite 01 June 2013</code></pre></div>
<div class="codebox"><p>Code: <a href="#" onclick="selectCode(this); return false;">Select all</a></p><pre><code>harry@biker:~
$ inxi -M
Machine:   System: manda product: Intel powered classmate PC v: Gen 1.5L
           Mobo: N/A model: N/A
           Bios: American Megatrends v: CM94515A.86A.0024.2008.0715.1716 date: 07/15/2008
harry@bike</code></pre></div>
<div class="codebox"><p>Code: <a href="#" onclick="selectCode(this); return false;">Select all</a></p><pre><code>harry@biker:~
$ df -h --total
Filesystem      Size  Used Avail Use% Mounted on
udev             10M     0   10M   0% /dev
tmpfs           200M  4.8M  195M   3% /run
/dev/sda1        59G   34G   22G  62% /
tmpfs           499M  4.0K  499M   1% /dev/shm
tmpfs           5.0M  4.0K  5.0M   1% /run/lock
tmpfs           499M     0  499M   0% /sys/fs/cgroup
tmpfs           100M  4.0K  100M   1% /run/user/1000
total            60G   34G   23G  60% -
</code></pre></div>
<div class="codebox"><p>Code: <a href="#" onclick="selectCode(this); return false;">Select all</a></p><pre><code>harry@biker:~
$ inxi -r
Repos:     Active apt sources in file: /*etc/apt/sources.list.d/antix.list
           deb http://antix.daveserver.info/testing/ testing main
           Active apt sources in file: /*etc/apt/sources.list.d/debian.list
           deb http://ftp.us.debian.org/debian/ testing main contrib non-free
           deb http://security.debian.org/ testing/updates main contrib non-free
           Active apt sources in file: /*etc/apt/sources.list.d/various.list
           deb http://mozilla.debian.net/ experimental iceweasel-beta
           deb http://www.duinsoft.nl/pkg/ debs all
</code></pre></div></div>
</div>
</div>

</div>
</div>
<div id="p_40314" class="post has-profile bg1">
<div class="inner">
<dl class="postprofile" id="profile40314">
<dt class="no-profile-rank has-avatar avatar-username">
<div class="avatar-username-inner">
<div class="thread-user-detail">
<div class="detail-title-numposts"><span class="detail-title-numposts">Posts: 11</span></div>

</div>
</div>
<span class="username">ko</span>
</dt>
<dd class="profile-joined">Joined: 12 Sep 2007</dd>
</dl>
<div class="postbody">
<div id="post_content40314">

 <time datetime="2015-04-08T11:39">posted: 2015-04-08 &nbsp; 11:39</time>
<span class="permalink"><a href="./3-19-1-kernel-available-t5558.html#p40314" title="permalink">#12</a></span>

<div class="content"><strong>APCI PCC probe failed</strong><br>
<br>
This notice at boottime has disappeared after installing and using kernel 3.19-<strong>3</strong>.dmz.1-liquorix-686-pae.<br>
Added: and now the notice is also gone when using the previously used kernel 3.19.1-antix.1-486-smp......<br>
<br>
Haven't got a clue</div>
</div>
</div>

</div>
</div>
<div id="p_40362" class="post has-profile bg2">
<div class="inner">
<dl class="postprofile" id="profile40362">
<dt class="no-profile-rank has-avatar avatar-username">
<div class="avatar-username-inner">

<span> <strong><span class="username">Alanarchy</span></strong> </span>
<div class="thread-user-detail">
<table>
<tr>
<td valign="top" class="detail-title"><a><span>Posts</span></a></td>
<td valign="top" class="detail-value"><span>0</span></td>
</tr>
</table>

</div>
</div>
<section class="desktop-hide">

<strong><span class="username">Alanarchy</span></strong> </section>
</dt>
</dl>
<div class="postbody">
<div id="post_content40362">

<time datetime="2015-04-13T14:01">posted: 2015-04-13 &nbsp; 14:01</time>
<span class="permalink"><a href="./3-19-1-kernel-available-t5558.html#p40362" title="permalink">#13</a></span>

<div class="content">Kernel 3.19.1 on Luddite Stable, on my oldest machine.<br>
<blockquote class="uncited"><div> inxi -Fxz<br>
System: Host: antiX32 Kernel: 3.19.1-antix.1-486-smp i686 (32 bit gcc: 4.9.2)<br>
Desktop: Fluxbox 1.3.2<br>
Distro: antiX-13.2_386-full Luddite 4 November 2013<br>
Machine: Mobo: ECS model: K7SOM+ v: 1.0<br>
Bios: American Megatrends v: 07.00T date: 04/02/01<br>
CPU: Single core AMD Duron (-UP-) cache: 64 KB<br>
flags: (pae sse) bmips: 2400 speed: 1200 MHz (max)<br>
Graphics: Card: Silicon Integrated Systems [SiS] 65x/M650/740 PCI/AGP VGA Display Adapter<br>
bus-ID: 01:00.0<br>
Display Server: X.Org 1.12.4 driver: sis<br>
Resolution: 1280x1024@60.0hz<br>
GLX Renderer: Gallium 0.4 on softpipe<br>
GLX Version: 2.1 Mesa 8.0.5 Direct Rendering: Yes<br>
Audio: Card Silicon Integrated Systems [SiS] SiS7012 AC'97 Sound Controller<br>
driver: snd_intel8x0 ports: dc00 d800 bus-ID: 00:02.7<br>
Sound: ALSA v: k3.19.1-antix.1-486-smp<br>
Network: Card: Silicon Integrated Systems [SiS] SiS900 PCI Fast Ethernet<br>
driver: sis900 port: d400 bus-ID: 00:04.0<br>
IF: eth0 state: up speed: 100 Mbps duplex: full mac: &lt;filter&gt;<br>
Drives: HDD Total Size: 40.0GB (14.9% used)<br>
ID-1: /dev/sda model: WDC_WD400BB size: 40.0GB<br>
Partition: ID-1: / size: 35G used: 3.7G (12%) fs: ext4 dev: /dev/sda1<br>
ID-2: swap-1 size: 2.17GB used: 0.00GB (0%) fs: swap dev: /dev/sda2<br>
Sensors: System Temperatures: cpu: 51.0C mobo: 26.0C<br>
Fan Speeds (in rpm): cpu: 3068 fan-1: 4687 fan-3: 0<br>
Info: Processes: 86 Uptime: 1 min Memory: 88.7/434.9MB<br>
Init: SysVinit runlevel: 5 Gcc sys: 4.7.2<br>
Client: Shell (bash 4.2.371) inxi: 2.2.19
</div></blockquote></div>
</div>
</div>

</div>
</div>
</div>
<div class="action-bar bar-bottom">

<div class="pagination">
13 posts
&bull; Page <strong>1</strong> of <strong>1</strong>
</div>
</div>
</div>
</div>
</div>
<div class="scrollToTopText"><a href="#top">goto top of page</a></div>

</div>
</body></html>
