<!DOCTYPE html>
<html dir="ltr" lang="en-gb">
<head>
<meta charset="utf-8" />
<meta http-equiv="X-UA-Compatible" content="IE=edge">
<meta name="viewport" content="width=device-width, initial-scale=1, maximum-scale=1.0, user-scalable=no" />
<title>antiX - antiX oldforums archive</title>
   
<link rel="stylesheet" href="../aaa_style.css">
<script type="text/javascript" src ="../aaa_oldforums.js"></script>
</head>
<body>
<div id="wrap" class="wrap">
<a id="top" class="top-anchor" accesskey="t"></a>

<div id="inner-wrap">
<ul id="nav-breadcrumbs" class="nav-breadcrumbs linklist navlinks clear-after" role="menubar">
<li class="scroll-breadcrumbs breadcrumbs">
<span class="crumb"><a href="./index.html" accesskey="h" data-navbar-reference="index"><span>antiX - oldforums archive</span></a> &raquo;&raquo; </span>

<span class="crumb"><a href="./new-users-f22/index.html"><span>New Users</span></a> &raquo;&raquo; </span>

<span class="crumb"><a href="./welcome-to-antix-f1/index.html"><span>Welcome to antiX</span></a></span>
</li>
</ul>

<div id="page-body" class="page-body" role="main">
<div class="postprofile_container postprofile_Left">
<div>
<div class="topictitleheader"><span class="statictopictitle">topic title: </span><span class="topic-titleb"><a href="./antix-t2867.html">antiX</a></div>
<div class="pagination">
14 posts
&bull; Page <strong>1</strong> of <strong>1</strong>
</div>
</div>


<div class="viewtopic_wrapper">
<div id="p_18761" class="post has-profile bg2">
<div class="inner">
<dl class="postprofile" id="profile18761">
<dt class="no-profile-rank has-avatar avatar-username">
<div class="avatar-username-inner">
<div class="thread-user-detail">
<div class="detail-title-numposts"><span class="detail-title-numposts">Posts: 64</span></div>

</div>
</div>
<span class="username">floppy</span>
</dt>
<dd class="profile-joined">Joined: 26 Dec 2010</dd>
</dl>
<div class="postbody">
<div id="post_content18761">
<time datetime="2010-12-26T19:59">posted: 2010-12-26 &nbsp; 19:59</time>
<span class="permalink"><a href="./antix-t2867.html#p18761" title="permalink">#1</a></span>

<div class="content">Hello there,<br>
I am using an AMD K6-450MHz (newly 3x256MB RAM) PC with<br>
- board K6XV3/+66<br>
- first HDD 10GB with antiX since 1 day (since I deleted windows98.. no return.. good decision)<br>
- second HDD 6GB with TinyCoreLinux (TCL 3.4; very good thing)<br>
- LAN card (working)<br>
- USB Fritz WLAN (working currently with ndiswrapper in TCL boot)<br>
- USB 2.0 card for memory sticks and the wlan USB.<br>
- for internet, abiword and gnumeric file updates<br>
antiX M8.5 base looks good and slim.<br>
I was looking for such an operating system since a long time. My wife has a laptop with ubuntu 10.04. I am a bit disappointed of the gnome environment which is excessive in size and has instable icons in my point of view.<br>
My works the next days will be<br>
a) making the keyboard de-latin1 be recognized by every boot (persistent)<br>
b) making working my fritz USB wlan with antiX and ndiswrapper (advices how to.. are welcome)<br>
c) making working a ftp; how..?<br>
d) delete the unnecessary programs from antiX<br>
e) install an hp4110 scanner/printer<br>
f) making working the usb memory stick<br>
Regards,<br>
Pascal</div>
</div>
</div>

</div>
</div>
<div id="p_18773" class="post has-profile bg1">
<div class="inner">
<dl class="postprofile" id="profile18773">
<dt class="no-profile-rank has-avatar avatar-username">
<div class="avatar-username-inner">
<div class="thread-user-detail">
<div class="detail-title-numposts"><span class="detail-title-numposts">Posts: 4,164</span></div>

</div>
</div>
<span class="username">rokytnji</span>
</dt>
<dd class="profile-joined">Joined: 20 Feb 2009</dd>
</dl>
<div class="postbody">
<div id="post_content18773">

<time datetime="2010-12-28T04:48">posted: 2010-12-28 &nbsp; 04:48</time>
<span class="permalink"><a href="./antix-t2867.html#p18773" title="permalink">#2</a></span>

<div class="content">The one time I had to use ndiswrapper in AntiX was in 4th post down in thread and on down from there. Howdy and Welcome <span class="emoticon"> __{{emoticon}}__ </span> floppy to AntiX. Happy New Years also.<br>
<br>
antix-8-5-asus-eeepc-701sd-rtl8187-solved-t2610-15.html<br>
<br>
I have not given Tiny Core a shot yet. So many choices. So little time.</div>
</div>
</div>

</div>
</div>
<div id="p_18939" class="post has-profile bg2">
<div class="inner">
<dl class="postprofile" id="profile18939">
<dt class="no-profile-rank has-avatar avatar-username">
<div class="avatar-username-inner">
<div class="thread-user-detail">
<div class="detail-title-numposts"><span class="detail-title-numposts">Posts: 64</span></div>

</div>
</div>
<span class="username">floppy</span>
</dt>
<dd class="profile-joined">Joined: 26 Dec 2010</dd>
</dl>
<div class="postbody">
<div id="post_content18939">

<time datetime="2011-01-04T15:34">posted: 2011-01-04 &nbsp; 15:34</time>
<span class="permalink"><a href="./antix-t2867.html#p18939" title="permalink">#3</a></span>

<div class="content"><blockquote><div><cite>rokytnji wrote:</cite>The one time I had to use ndiswrapper in AntiX was in 4th post down in thread and on down from there. Howdy and Welcome <span class="emoticon"> __{{emoticon}}__ </span> floppy to AntiX. Happy New Years also.<br>
<br>
antix-8-5-asus-eeepc-701sd-rtl8187-solved-t2610-15.html<br>
<br>
I have not given Tiny Core a shot yet. So many choices. So little time.</div></blockquote>
Thanks. So, I loaded in fact now M11 pt1 full version because I had boot issues with M9.5 after an update and wicd loading.<br>
And I read your post regarding ndiswrapper but could not load the file. Can you post it here?<br>
I see I have ndiswrapper and wicd now. But how to make the setup now?<br>
Any help would be appreciated.</div>
</div>
</div>

</div>
</div>
<div id="p_18941" class="post has-profile bg1">
<div class="inner">
<dl class="postprofile" id="profile18941">
<dt class="no-profile-rank has-avatar avatar-username">
<div class="avatar-username-inner">
<div class="thread-user-detail">
<div class="detail-title-numposts"><span class="detail-title-numposts">Posts: 4,164</span></div>

</div>
</div>
<span class="username">rokytnji</span>
</dt>
<dd class="profile-joined">Joined: 20 Feb 2009</dd>
</dl>
<div class="postbody">
<div id="post_content18941">

<time datetime="2011-01-04T16:58">posted: 2011-01-04 &nbsp; 16:58</time>
<span class="permalink"><a href="./antix-t2867.html#p18941" title="permalink">#4</a></span>

<div class="content"><blockquote class="uncited"><div>And I read your post regarding ndiswrapper but could not load the file. Can you post it here?</div></blockquote>
Not sure what you mean by uploading a file. Besides. I don't run that persistent usb anymore. I used it for testing AntiX 11 and I did not load ndiswrapper on that test because I was going to use it with other gear.<br>
<br>
You need to find the Windows driver (usually a .exe file). Extract it. Find the Windows folder in the driver and look for a Windows 2000,98, or XP folder and look inside for the .inf file. That file is all that is needed by ndiswrapper to work.<br>
<br>
But I guess you should already know this since you are using ndiswrapper in tiny core. <br>
<br>
In case you need that zip file (my terminal readout text file I saved) if that is what you meant. Here it is within the code tags.<br>
<div class="codebox"><p>Code: <a href="#" onclick="selectCode(this); return false;">Select all</a></p><pre><code>demo@antiX1:/aufs/home/demo$ su
Password: 
root@antiX1:/aufs/home/demo# modprobe ndiswrapper
root@antiX1:/aufs/home/demo# dmesg
Initializing cgroup subsys cpuset
Initializing cgroup subsys cpu
Linux version 2.6.32-1-mepis-smp (MEPIS 2.6.32-12mepis1) (waldi@debian.org) (gcc version 4.3.2 (Debian 4.3.2-1.1) ) #1 SMP PREEMPT Mon May 10 11:40:09 EDT 2010
KERNEL supported cpus:
  Intel GenuineIntel
  AMD AuthenticAMD
  NSC Geode by NSC
  Cyrix CyrixInstead
  Centaur CentaurHauls
  Transmeta GenuineTMx86
  Transmeta TransmetaCPU
  UMC UMC UMC UMC
BIOS-provided physical RAM map:
 BIOS-e820: 0000000000000000 - 000000000009fc00 (usable)
 BIOS-e820: 000000000009fc00 - 00000000000a0000 (reserved)
 BIOS-e820: 00000000000e4000 - 0000000000100000 (reserved)
 BIOS-e820: 0000000000100000 - 000000003f780000 (usable)
 BIOS-e820: 000000003f780000 - 000000003f790000 (ACPI data)
 BIOS-e820: 000000003f790000 - 000000003f7d0000 (ACPI NVS)
 BIOS-e820: 000000003f7d0000 - 000000003f7de000 (reserved)
 BIOS-e820: 000000003f7e0000 - 000000003f800000 (reserved)
 BIOS-e820: 00000000fee00000 - 00000000fee01000 (reserved)
 BIOS-e820: 00000000fff80000 - 0000000100000000 (reserved)
DMI present.
AMI BIOS detected: BIOS may corrupt low RAM, working around it.
e820 update range: 0000000000000000 - 0000000000010000 (usable) ==&gt; (reserved)
last_pfn = 0x3f780 max_arch_pfn = 0x100000
MTRR default type: uncachable
MTRR fixed ranges enabled:
  00000-9FFFF write-back
  A0000-DFFFF uncachable
  E0000-EFFFF write-through
  F0000-FFFFF write-protect
MTRR variable ranges enabled:
  0 base 000000000 mask FC0000000 write-back
  1 base 03F800000 mask FFF800000 uncachable
  2 disabled
  3 disabled
  4 disabled
  5 disabled
  6 disabled
  7 disabled
PAT not supported by CPU.
initial memory mapped : 0 - 01800000
init_memory_mapping: 0000000000000000-00000000373fe000
 0000000000 - 0000400000 page 4k
 0000400000 - 0037000000 page 2M
 0037000000 - 00373fe000 page 4k
kernel direct mapping tables up to 373fe000 @ 10000-16000
RAMDISK: 37d95000 - 37fefbd9
Allocated new RAMDISK: 00100000 - 0035abd9
Move RAMDISK from 0000000037d95000 - 0000000037fefbd8 to 00100000 - 0035abd8
ACPI: RSDP 000fbe60 00014 (v00 ACPIAM)
ACPI: RSDT 3f780000 00034 (v01 A M I  OEMRSDT  07000823 MSFT 00000097)
ACPI: FACP 3f780200 00081 (v01 A M I  OEMFACP  07000823 MSFT 00000097)
ACPI: DSDT 3f780400 05E11 (v01  A1027 A1027042 00000042 INTL 20051117)
ACPI: FACS 3f790000 00040
ACPI: APIC 3f780390 00068 (v01 A M I  OEMAPIC  07000823 MSFT 00000097)
ACPI: OEMB 3f790040 00046 (v01 A M I  AMI_OEM  07000823 MSFT 00000097)
ACPI: MCFG 3f786220 0003C (v01 A M I  OEMMCFG  07000823 MSFT 00000097)
ACPI: Local APIC address 0xfee00000
131MB HIGHMEM available.
883MB LOWMEM available.
  mapped low ram: 0 - 373fe000
  low ram: 0 - 373fe000
  node 0 low ram: 00000000 - 373fe000
  node 0 bootmap 00012000 - 00018e80
(9 early reservations) ==&gt; bootmem [0000000000 - 00373fe000]
  #0 [0000000000 - 0000001000]   BIOS data page ==&gt; [0000000000 - 0000001000]
  #1 [0000001000 - 0000002000]    EX TRAMPOLINE ==&gt; [0000001000 - 0000002000]
  #2 [0000006000 - 0000007000]       TRAMPOLINE ==&gt; [0000006000 - 0000007000]
  #3 [0001000000 - 00015d2728]    TEXT DATA BSS ==&gt; [0001000000 - 00015d2728]
  #4 [000009fc00 - 0000100000]    BIOS reserved ==&gt; [000009fc00 - 0000100000]
  #5 [00015d3000 - 00015d91fc]              BRK ==&gt; [00015d3000 - 00015d91fc]
  #6 [0000010000 - 0000012000]          PGTABLE ==&gt; [0000010000 - 0000012000]
  #7 [0000100000 - 000035abd9]      NEW RAMDISK ==&gt; [0000100000 - 000035abd9]
  #8 [0000012000 - 0000019000]          BOOTMAP ==&gt; [0000012000 - 0000019000]
found SMP MP-table at [c00ff780] ff780
Zone PFN ranges:
  DMA      0x00000010 -&gt; 0x00001000
  Normal   0x00001000 -&gt; 0x000373fe
  HighMem  0x000373fe -&gt; 0x0003f780
Movable zone start PFN for each node
early_node_map[2] active PFN ranges
    0: 0x00000010 -&gt; 0x0000009f
    0: 0x00000100 -&gt; 0x0003f780
On node 0 totalpages: 259855
free_area_init_node: node 0, pgdat c14e89e0, node_mem_map c15db200
  DMA zone: 32 pages used for memmap
  DMA zone: 0 pages reserved
  DMA zone: 3951 pages, LIFO batch:0
  Normal zone: 1736 pages used for memmap
  Normal zone: 220470 pages, LIFO batch:31
  HighMem zone: 264 pages used for memmap
  HighMem zone: 33402 pages, LIFO batch:7
Using APIC driver default
ACPI: PM-Timer IO Port: 0x808
ACPI: Local APIC address 0xfee00000
ACPI: LAPIC (acpi_id[0x01] lapic_id[0x00] enabled)
ACPI: IOAPIC (id[0x01] address[0xfec00000] gsi_base[0])
IOAPIC[0]: apic_id 1, version 32, address 0xfec00000, GSI 0-23
ACPI: INT_SRC_OVR (bus 0 bus_irq 0 global_irq 2 dfl dfl)
ACPI: INT_SRC_OVR (bus 0 bus_irq 9 global_irq 9 high level)
ACPI: INT_SRC_OVR (bus 0 bus_irq 0 global_irq 2 dfl dfl)
ACPI: INT_SRC_OVR (bus 0 bus_irq 9 global_irq 9 high level)
ACPI: IRQ0 used by override.
ACPI: IRQ2 used by override.
ACPI: IRQ9 used by override.
Using ACPI (MADT) for SMP configuration information
SMP: Allowing 1 CPUs, 0 hotplug CPUs
nr_irqs_gsi: 24
PM: Registered nosave memory: 000000000009f000 - 00000000000a0000
PM: Registered nosave memory: 00000000000a0000 - 00000000000e4000
PM: Registered nosave memory: 00000000000e4000 - 0000000000100000
Allocating PCI resources starting at 3f800000 (gap: 3f800000:bf600000)
Booting paravirtualized kernel on bare hardware
NR_CPUS:32 nr_cpumask_bits:32 nr_cpu_ids:1 nr_node_ids:1
PERCPU: Embedded 13 pages/cpu @c2000000 s29624 r0 d23624 u4194304
pcpu-alloc: s29624 r0 d23624 u4194304 alloc=1*4194304
pcpu-alloc: [0] 0 
Built 1 zonelists in Zone order, mobility grouping on.  Total pages: 257823
Kernel command line: nosplash fromhd=UUID=f7d89640-9458-48c8-a8ae-2152771aaef3 fromiso=antiX-M8.5-686-update.iso aufs  vga=791 rootfs=UUID=af8d6a06-7041-4c8b-ad5b-b044320c9a8c homefs=UUID=af8d6a06-7041-4c8b-ad5b-b044320c9a8c
PID hash table entries: 4096 (order: 2, 16384 bytes)
Dentry cache hash table entries: 131072 (order: 7, 524288 bytes)
Inode-cache hash table entries: 65536 (order: 6, 262144 bytes)
Enabling fast FPU save and restore... done.
Enabling unmasked SIMD FPU exception support... done.
Initializing CPU#0
Initializing HighMem for node 0 (000373fe:0003f780)
Memory: 1021608k/1039872k available (3422k kernel code, 17428k reserved, 1629k data, 376k init, 134664k highmem)
virtual kernel memory layout:
    fixmap  : 0xffd56000 - 0xfffff000   (2724 kB)
    pkmap   : 0xff400000 - 0xff800000   (4096 kB)
    vmalloc : 0xf7bfe000 - 0xff3fe000   ( 120 MB)
    lowmem  : 0xc0000000 - 0xf73fe000   ( 883 MB)
      .init : 0xc14ef000 - 0xc154d000   ( 376 kB)
      .data : 0xc1357881 - 0xc14eee58   (1629 kB)
      .text : 0xc1000000 - 0xc1357881   (3422 kB)
Checking if this processor honours the WP bit even in supervisor mode...Ok.
SLUB: Genslabs=13, HWalign=64, Order=0-3, MinObjects=0, CPUs=1, Nodes=1
Hierarchical RCU implementation.
NR_IRQS:1280
Console: colour VGA+ 80x25
console [tty0] enabled
Fast TSC calibration using PIT
Detected 897.712 MHz processor.
Calibrating delay loop (skipped), value calculated using timer frequency.. 1796.23 BogoMIPS (lpj=2992373)
Security Framework initialized
SELinux:  Disabled at boot.
Mount-cache hash table entries: 512
Initializing cgroup subsys ns
Initializing cgroup subsys cpuacct
Initializing cgroup subsys devices
Initializing cgroup subsys freezer
Initializing cgroup subsys net_cls
CPU: L1 I cache: 32K, L1 D cache: 32K
CPU: L2 cache: 512K
mce: CPU supports 5 MCE banks
CPU0: Thermal monitoring enabled (TM1)
Performance Events: p6 PMU driver.
... version:                0
... bit width:              32
... generic registers:      2
... value mask:             00000000ffffffff
... max period:             000000007fffffff
... fixed-purpose events:   0
... event mask:             0000000000000003
Checking 'hlt' instruction... OK.
SMP alternatives: switching to UP code
Freeing SMP alternatives: 15k freed
ACPI: Core revision 20090903
Enabling APIC mode:  Flat.  Using 1 I/O APICs
..TIMER: vector=0x30 apic1=0 pin1=2 apic2=-1 pin2=-1
CPU0: Intel(R) Celeron(R) M processor          900MHz stepping 08
Brought up 1 CPUs
Total of 1 processors activated (1796.23 BogoMIPS).
devtmpfs: initialized
regulator: core version 0.5
NET: Registered protocol family 16
ACPI: bus type pci registered
PCI: MCFG configuration 0: base e0000000 segment 0 buses 0 - 255
PCI: Not using MMCONFIG.
PCI: PCI BIOS revision 3.00 entry at 0xf0031, last bus=5
PCI: Using configuration type 1 for base access
bio: create slab &lt;bio-0&gt; at 0
ACPI: EC: Look up EC in DSDT
ACPI: Executed 1 blocks of module-level executable AML code
ACPI: Interpreter enabled
ACPI: (supports S0 S3 S4 S5)
ACPI: Using IOAPIC for interrupt routing
PCI: MCFG configuration 0: base e0000000 segment 0 buses 0 - 255
PCI: MCFG area at e0000000 reserved in ACPI motherboard resources
PCI: Using MMCONFIG for extended config space
ACPI: EC: GPE = 0x18, I/O: command/status = 0x66, data = 0x62
ACPI: No dock devices found.
ACPI: PCI Root Bridge [PCI0] (0000:00)
pci 0000:00:02.0: reg 10 32bit mmio: [0xf3f00000-0xf3f7ffff]
pci 0000:00:02.0: reg 14 io port: [0xbc00-0xbc07]
pci 0000:00:02.0: reg 18 32bit mmio pref: [0xc0000000-0xcfffffff]
pci 0000:00:02.0: reg 1c 32bit mmio: [0xf3ec0000-0xf3efffff]
pci 0000:00:02.1: reg 10 32bit mmio: [0xf3f80000-0xf3ffffff]
pci 0000:00:1b.0: reg 10 64bit mmio: [0xf3eb8000-0xf3ebbfff]
pci 0000:00:1b.0: PME# supported from D0 D3hot D3cold
pci 0000:00:1b.0: PME# disabled
pci 0000:00:1c.0: PME# supported from D0 D3hot D3cold
pci 0000:00:1c.0: PME# disabled
pci 0000:00:1c.1: PME# supported from D0 D3hot D3cold
pci 0000:00:1c.1: PME# disabled
pci 0000:00:1c.2: PME# supported from D0 D3hot D3cold
pci 0000:00:1c.2: PME# disabled
pci 0000:00:1d.0: reg 20 io port: [0xb400-0xb41f]
pci 0000:00:1d.1: reg 20 io port: [0xb480-0xb49f]
pci 0000:00:1d.2: reg 20 io port: [0xb800-0xb81f]
pci 0000:00:1d.3: reg 20 io port: [0xb880-0xb89f]
pci 0000:00:1d.7: reg 10 32bit mmio: [0xf3eb7c00-0xf3eb7fff]
pci 0000:00:1d.7: PME# supported from D0 D3hot D3cold
pci 0000:00:1d.7: PME# disabled
pci 0000:00:1f.0: Force enabled HPET at 0xfed00000
pci 0000:00:1f.0: quirk: region 0800-087f claimed by ICH6 ACPI/GPIO/TCO
pci 0000:00:1f.0: quirk: region 0480-04bf claimed by ICH6 GPIO
pci 0000:00:1f.0: LPC Generic IO decode 2 PIO at 0380-038f
pci 0000:00:1f.2: reg 10 io port: [0x00-0x07]
pci 0000:00:1f.2: reg 14 io port: [0x00-0x03]
pci 0000:00:1f.2: reg 18 io port: [0x00-0x07]
pci 0000:00:1f.2: reg 1c io port: [0x00-0x03]
pci 0000:00:1f.2: reg 20 io port: [0xffa0-0xffaf]
pci 0000:00:1f.2: PME# supported from D3hot
pci 0000:00:1f.2: PME# disabled
pci 0000:00:1f.3: reg 20 io port: [0x400-0x41f]
pci 0000:03:00.0: reg 10 64bit mmio: [0xfbfc0000-0xfbffffff]
pci 0000:03:00.0: reg 18 io port: [0xec00-0xec7f]
pci 0000:03:00.0: PME# supported from D3hot D3cold
pci 0000:03:00.0: PME# disabled
pci 0000:00:1c.1: bridge io port: [0xe000-0xefff]
pci 0000:00:1c.1: bridge 32bit mmio: [0xfbf00000-0xfbffffff]
pci 0000:01:00.0: reg 10 io port: [0xd800-0xd8ff]
pci 0000:01:00.0: reg 14 32bit mmio: [0xfbefc000-0xfbefffff]
pci 0000:01:00.0: supports D1 D2
pci 0000:01:00.0: PME# supported from D0 D1 D2 D3hot
pci 0000:01:00.0: PME# disabled
pci 0000:00:1c.2: bridge io port: [0xc000-0xdfff]
pci 0000:00:1c.2: bridge 32bit mmio: [0xf4000000-0xfbefffff]
pci 0000:00:1c.2: bridge 64bit mmio pref: [0xdc000000-0xdfffffff]
pci 0000:00:1e.0: transparent bridge
pci_bus 0000:00: on NUMA node 0
ACPI: PCI Interrupt Routing Table [\_SB_.PCI0._PRT]
ACPI: PCI Interrupt Routing Table [\_SB_.PCI0.P0P3._PRT]
ACPI: PCI Interrupt Routing Table [\_SB_.PCI0.P0P5._PRT]
ACPI: PCI Interrupt Routing Table [\_SB_.PCI0.P0P6._PRT]
ACPI: PCI Interrupt Link [LNKA] (IRQs 3 4 *5 6 7 10 11 12 14 15)
ACPI: PCI Interrupt Link [LNKB] (IRQs 3 4 5 6 7 10 *11 12 14 15)
ACPI: PCI Interrupt Link [LNKC] (IRQs 3 4 5 6 7 *10 11 12 14 15)
ACPI: PCI Interrupt Link [LNKD] (IRQs 3 4 5 6 *7 10 11 12 14 15)
ACPI: PCI Interrupt Link [LNKE] (IRQs 3 4 5 6 7 10 11 12 14 15) *0, disabled.
ACPI: PCI Interrupt Link [LNKF] (IRQs 3 4 5 6 7 10 11 12 14 15) *0, disabled.
ACPI: PCI Interrupt Link [LNKG] (IRQs 3 4 5 6 7 10 11 12 14 15) *0, disabled.
ACPI: PCI Interrupt Link [LNKH] (IRQs *3 4 5 6 7 10 11 12 14 15)
vgaarb: device added: PCI:0000:00:02.0,decodes=io+mem,owns=io+mem,locks=none
vgaarb: loaded
SCSI subsystem initialized
libata version 3.00 loaded.
usbcore: registered new interface driver usbfs
usbcore: registered new interface driver hub
usbcore: registered new device driver usb
PCI: Using ACPI for IRQ routing
hpet clockevent registered
HPET: 3 timers in total, 0 timers will be used for per-cpu timer
hpet0: at MMIO 0xfed00000, IRQs 2, 8, 0
hpet0: 3 comparators, 64-bit 14.318180 MHz counter
Switching to clocksource tsc
pnp: PnP ACPI init
ACPI: bus type pnp registered
pnp: PnP ACPI: found 13 devices
ACPI: ACPI bus type pnp unregistered
PnPBIOS: Disabled by ACPI PNP
system 00:01: iomem range 0xfed13000-0xfed19fff has been reserved
system 00:08: ioport range 0x4d0-0x4d1 has been reserved
system 00:08: ioport range 0x800-0x87f has been reserved
system 00:08: ioport range 0x480-0x4bf has been reserved
system 00:08: ioport range 0x380-0x395 has been reserved
system 00:08: iomem range 0xfed1c000-0xfed1ffff has been reserved
system 00:08: iomem range 0xfed20000-0xfed8ffff has been reserved
system 00:08: iomem range 0xfff80000-0xfffcffff has been reserved
system 00:08: iomem range 0xfffd0000-0xfffeb3ff has been reserved
system 00:08: iomem range 0xfffec000-0xfffeebff has been reserved
system 00:08: iomem range 0xffff0000-0xffffffff has been reserved
system 00:09: iomem range 0xfec00000-0xfec00fff could not be reserved
system 00:09: iomem range 0xfee00000-0xfee00fff has been reserved
system 00:0a: iomem range 0xe0000000-0xefffffff has been reserved
system 00:0b: iomem range 0xe0000000-0xefffffff has been reserved
system 00:0c: iomem range 0x0-0x9ffff could not be reserved
system 00:0c: iomem range 0xc0000-0xcffff could not be reserved
system 00:0c: iomem range 0xe0000-0xfffff could not be reserved
system 00:0c: iomem range 0x100000-0x3f7fffff could not be reserved
pci 0000:00:1c.0: PCI bridge, secondary bus 0000:04
pci 0000:00:1c.0:   IO window: 0x1000-0x1fff
pci 0000:00:1c.0:   MEM window: 0x40000000-0x401fffff
pci 0000:00:1c.0:   PREFETCH window: 0x00000040200000-0x000000403fffff
pci 0000:00:1c.1: PCI bridge, secondary bus 0000:03
pci 0000:00:1c.1:   IO window: 0xe000-0xefff
pci 0000:00:1c.1:   MEM window: 0xfbf00000-0xfbffffff
pci 0000:00:1c.1:   PREFETCH window: 0x00000040400000-0x000000405fffff
pci 0000:00:1c.2: PCI bridge, secondary bus 0000:01
pci 0000:00:1c.2:   IO window: 0xc000-0xdfff
pci 0000:00:1c.2:   MEM window: 0xf4000000-0xfbefffff
pci 0000:00:1c.2:   PREFETCH window: 0x000000dc000000-0x000000dfffffff
pci 0000:00:1e.0: PCI bridge, secondary bus 0000:05
pci 0000:00:1e.0:   IO window: disabled
pci 0000:00:1e.0:   MEM window: disabled
pci 0000:00:1e.0:   PREFETCH window: disabled
pci 0000:00:1c.0: enabling device (0104 -&gt; 0107)
pci 0000:00:1c.0: PCI INT A -&gt; GSI 16 (level, low) -&gt; IRQ 16
pci 0000:00:1c.0: setting latency timer to 64
pci 0000:00:1c.1: PCI INT B -&gt; GSI 17 (level, low) -&gt; IRQ 17
pci 0000:00:1c.1: setting latency timer to 64
pci 0000:00:1c.2: PCI INT C -&gt; GSI 18 (level, low) -&gt; IRQ 18
pci 0000:00:1c.2: setting latency timer to 64
pci 0000:00:1e.0: setting latency timer to 64
pci_bus 0000:00: resource 0 io:  [0x00-0xffff]
pci_bus 0000:00: resource 1 mem: [0x000000-0xffffffff]
pci_bus 0000:04: resource 0 io:  [0x1000-0x1fff]
pci_bus 0000:04: resource 1 mem: [0x40000000-0x401fffff]
pci_bus 0000:04: resource 2 pref mem [0x40200000-0x403fffff]
pci_bus 0000:03: resource 0 io:  [0xe000-0xefff]
pci_bus 0000:03: resource 1 mem: [0xfbf00000-0xfbffffff]
pci_bus 0000:03: resource 2 pref mem [0x40400000-0x405fffff]
pci_bus 0000:01: resource 0 io:  [0xc000-0xdfff]
pci_bus 0000:01: resource 1 mem: [0xf4000000-0xfbefffff]
pci_bus 0000:01: resource 2 pref mem [0xdc000000-0xdfffffff]
pci_bus 0000:05: resource 3 io:  [0x00-0xffff]
pci_bus 0000:05: resource 4 mem: [0x000000-0xffffffff]
NET: Registered protocol family 2
IP route cache hash table entries: 32768 (order: 5, 131072 bytes)
TCP established hash table entries: 131072 (order: 8, 1048576 bytes)
TCP bind hash table entries: 65536 (order: 7, 524288 bytes)
TCP: Hash tables configured (established 131072 bind 65536)
TCP reno registered
NET: Registered protocol family 1
pci 0000:00:02.0: Boot video device
Trying to unpack rootfs image as initramfs...
rootfs image is not initramfs (no cpio magic); looks like an initrd
Freeing initrd memory: 2410k freed
audit: initializing netlink socket (disabled)
type=2000 audit(1282453067.213:1): initialized
highmem bounce pool size: 64 pages
VFS: Disk quotas dquot_6.5.2
Dquot-cache hash table entries: 1024 (order 0, 4096 bytes)
squashfs: version 4.0 (2009/01/31) Phillip Lougher
NTFS driver 2.1.29 [Flags: R/W].
msgmni has been set to 1737
alg: No test for stdrng (krng)
Block layer SCSI generic (bsg) driver version 0.4 loaded (major 253)
io scheduler noop registered
io scheduler anticipatory registered
io scheduler deadline registered
io scheduler cfq registered (default)
pcieport 0000:00:1c.0: irq 24 for MSI/MSI-X
pcieport 0000:00:1c.0: setting latency timer to 64
pcieport 0000:00:1c.1: irq 25 for MSI/MSI-X
pcieport 0000:00:1c.1: setting latency timer to 64
pcieport 0000:00:1c.2: irq 26 for MSI/MSI-X
pcieport 0000:00:1c.2: setting latency timer to 64
isapnp: Scanning for PnP cards...
isapnp: No Plug &amp; Play device found
Linux agpgart interface v0.103
Serial: 8250/16550 driver, 4 ports, IRQ sharing enabled
brd: module loaded
loop: module loaded
input: Macintosh mouse button emulation as /devices/virtual/input/input0
Uniform Multi-Platform E-IDE driver
ide-cd driver 5.00
ahci 0000:00:1f.2: version 3.0
ahci 0000:00:1f.2: PCI INT B -&gt; GSI 19 (level, low) -&gt; IRQ 19
ahci 0000:00:1f.2: PCI INT B disabled
ahci: probe of 0000:00:1f.2 failed with error -22
ata_piix 0000:00:1f.2: version 2.13
ata_piix 0000:00:1f.2: PCI INT B -&gt; GSI 19 (level, low) -&gt; IRQ 19
ata_piix 0000:00:1f.2: MAP [ P0 P2 IDE IDE ]
ata_piix 0000:00:1f.2: setting latency timer to 64
scsi0 : ata_piix
scsi1 : ata_piix
ata1: SATA max UDMA/133 cmd 0x1f0 ctl 0x3f6 bmdma 0xffa0 irq 14
ata2: PATA max UDMA/100 cmd 0x170 ctl 0x376 bmdma 0xffa8 irq 15
ieee1394: raw1394: /dev/raw1394 device initialized
ehci_hcd: USB 2.0 'Enhanced' Host Controller (EHCI) Driver
ehci_hcd 0000:00:1d.7: PCI INT A -&gt; GSI 23 (level, low) -&gt; IRQ 23
ehci_hcd 0000:00:1d.7: setting latency timer to 64
ehci_hcd 0000:00:1d.7: EHCI Host Controller
ehci_hcd 0000:00:1d.7: new USB bus registered, assigned bus number 1
ehci_hcd 0000:00:1d.7: debug port 1
ehci_hcd 0000:00:1d.7: cache line size of 32 is not supported
ehci_hcd 0000:00:1d.7: irq 23, io mem 0xf3eb7c00
ehci_hcd 0000:00:1d.7: USB 2.0 started, EHCI 1.00
usb usb1: New USB device found, idVendor=1d6b, idProduct=0002
usb usb1: New USB device strings: Mfr=3, Product=2, SerialNumber=1
usb usb1: Product: EHCI Host Controller
usb usb1: Manufacturer: Linux 2.6.32-1-mepis-smp ehci_hcd
usb usb1: SerialNumber: 0000:00:1d.7
usb usb1: configuration #1 chosen from 1 choice
hub 1-0:1.0: USB hub found
hub 1-0:1.0: 8 ports detected
Initializing USB Mass Storage driver...
usbcore: registered new interface driver usb-storage
USB Mass Storage support registered.
usbcore: registered new interface driver ums-alauda
usbcore: registered new interface driver ums-cypress
usbcore: registered new interface driver ums-datafab
usbcore: registered new interface driver ums-freecom
usbcore: registered new interface driver ums-isd200
usbcore: registered new interface driver ums-jumpshot
usbcore: registered new interface driver ums-karma
usbcore: registered new interface driver ums-onetouch
usbcore: registered new interface driver ums-sddr09
usbcore: registered new interface driver ums-sddr55
usbcore: registered new interface driver ums-usbat
PNP: PS/2 Controller [PNP0303:PS2K,PNP0f13:PS2M] at 0x60,0x64 irq 1,12
serio: i8042 KBD port at 0x60,0x64 irq 1
serio: i8042 AUX port at 0x60,0x64 irq 12
mice: PS/2 mouse device common for all mice
rtc_cmos 00:03: RTC can wake from S4
rtc_cmos 00:03: rtc core: registered rtc_cmos as rtc0
rtc0: alarms up to one month, 114 bytes nvram, hpet irqs
cpuidle: using governor ladder
cpuidle: using governor menu
No iBFT detected.
TCP cubic registered
NET: Registered protocol family 10
lo: Disabled Privacy Extensions
Mobile IPv6
NET: Registered protocol family 17
Using IPI No-Shortcut mode
rtc_cmos 00:03: setting system clock to 2010-08-22 04:57:48 UTC (1282453068)
input: AT Translated Set 2 keyboard as /devices/platform/i8042/serio0/input/input1
usb 1-5: new high speed USB device using ehci_hcd and address 2
usb 1-5: New USB device found, idVendor=058f, idProduct=6335
usb 1-5: New USB device strings: Mfr=1, Product=2, SerialNumber=3
usb 1-5: Product: Mass Storage Device
usb 1-5: Manufacturer: Generic
usb 1-5: SerialNumber: 058F63356336
usb 1-5: configuration #1 chosen from 1 choice
scsi2 : SCSI emulation for USB Mass Storage devices
usb-storage: device found at 2
usb-storage: waiting for device to settle before scanning
usb 1-8: new high speed USB device using ehci_hcd and address 3
usb 1-8: New USB device found, idVendor=093a, idProduct=2700
usb 1-8: New USB device strings: Mfr=16, Product=96, SerialNumber=0
usb 1-8: Product: Digital_Camera
usb 1-8: Manufacturer: PixArt Imaging Inc.
usb 1-8: configuration #1 chosen from 1 choice
ata2: link is slow to respond, please be patient (ready=0)
usb-storage: device scan complete
scsi 2:0:0:0: Direct-Access     Single   Flash Reader     1.00 PQ: 0 ANSI: 0
sd 2:0:0:0: Attached scsi generic sg0 type 0
sd 2:0:0:0: [sda] 7729152 512-byte logical blocks: (3.95 GB/3.68 GiB)
sd 2:0:0:0: [sda] Write Protect is off
sd 2:0:0:0: [sda] Mode Sense: 03 00 00 00
sd 2:0:0:0: [sda] Assuming drive cache: write through
sd 2:0:0:0: [sda] Assuming drive cache: write through
 sda: sda1 sda2
sd 2:0:0:0: [sda] Assuming drive cache: write through
sd 2:0:0:0: [sda] Attached SCSI removable disk
ata2.00: CFA: ASUS-PHISON SSD, TST2.04U, max UDMA/66
ata2.00: 15761088 sectors, multi 0: LBA 
ata2.00: configured for UDMA/66
scsi 1:0:0:0: Direct-Access     ATA      ASUS-PHISON SSD  TST2 PQ: 0 ANSI: 5
sd 1:0:0:0: Attached scsi generic sg1 type 0
sd 1:0:0:0: [sdb] 15761088 512-byte logical blocks: (8.06 GB/7.51 GiB)
sd 1:0:0:0: [sdb] Write Protect is off
sd 1:0:0:0: [sdb] Mode Sense: 00 3a 00 00
sd 1:0:0:0: [sdb] Write cache: disabled, read cache: enabled, doesn't support DPO or FUA
 sdb: sdb1 sdb2
sd 1:0:0:0: [sdb] Attached SCSI disk
RAMDISK: gzip image found at block 0
EXT2-fs warning: maximal mount count reached, running e2fsck is recommended
VFS: Mounted root (ext2 filesystem) on device 1:0.
ISO 9660 Extensions: RRIP_1991A
ISO 9660 Extensions: RRIP_1991A
aufs 20090126
EXT2-fs warning: mounting unchecked fs, running e2fsck is recommended
devtmpfs: mounted
Freeing unused kernel memory: 376k freed
udev: starting version 158
uhci_hcd: USB Universal Host Controller Interface driver
uhci_hcd 0000:00:1d.0: PCI INT A -&gt; GSI 23 (level, low) -&gt; IRQ 23
uhci_hcd 0000:00:1d.0: setting latency timer to 64
uhci_hcd 0000:00:1d.0: UHCI Host Controller
uhci_hcd 0000:00:1d.0: new USB bus registered, assigned bus number 2
uhci_hcd 0000:00:1d.0: irq 23, io base 0x0000b400
usb usb2: New USB device found, idVendor=1d6b, idProduct=0001
usb usb2: New USB device strings: Mfr=3, Product=2, SerialNumber=1
usb usb2: Product: UHCI Host Controller
usb usb2: Manufacturer: Linux 2.6.32-1-mepis-smp uhci_hcd
usb usb2: SerialNumber: 0000:00:1d.0
usb usb2: configuration #1 chosen from 1 choice
hub 2-0:1.0: USB hub found
hub 2-0:1.0: 2 ports detected
uhci_hcd 0000:00:1d.1: PCI INT B -&gt; GSI 19 (level, low) -&gt; IRQ 19
uhci_hcd 0000:00:1d.1: setting latency timer to 64
uhci_hcd 0000:00:1d.1: UHCI Host Controller
uhci_hcd 0000:00:1d.1: new USB bus registered, assigned bus number 3
uhci_hcd 0000:00:1d.1: irq 19, io base 0x0000b480
usb usb3: New USB device found, idVendor=1d6b, idProduct=0001
usb usb3: New USB device strings: Mfr=3, Product=2, SerialNumber=1
usb usb3: Product: UHCI Host Controller
usb usb3: Manufacturer: Linux 2.6.32-1-mepis-smp uhci_hcd
usb usb3: SerialNumber: 0000:00:1d.1
usb usb3: configuration #1 chosen from 1 choice
hub 3-0:1.0: USB hub found
hub 3-0:1.0: 2 ports detected
uhci_hcd 0000:00:1d.2: PCI INT C -&gt; GSI 18 (level, low) -&gt; IRQ 18
uhci_hcd 0000:00:1d.2: setting latency timer to 64
uhci_hcd 0000:00:1d.2: UHCI Host Controller
uhci_hcd 0000:00:1d.2: new USB bus registered, assigned bus number 4
uhci_hcd 0000:00:1d.2: irq 18, io base 0x0000b800
usb usb4: New USB device found, idVendor=1d6b, idProduct=0001
usb usb4: New USB device strings: Mfr=3, Product=2, SerialNumber=1
usb usb4: Product: UHCI Host Controller
usb usb4: Manufacturer: Linux 2.6.32-1-mepis-smp uhci_hcd
usb usb4: SerialNumber: 0000:00:1d.2
usb usb4: configuration #1 chosen from 1 choice
hub 4-0:1.0: USB hub found
hub 4-0:1.0: 2 ports detected
uhci_hcd 0000:00:1d.3: PCI INT D -&gt; GSI 16 (level, low) -&gt; IRQ 16
uhci_hcd 0000:00:1d.3: setting latency timer to 64
uhci_hcd 0000:00:1d.3: UHCI Host Controller
uhci_hcd 0000:00:1d.3: new USB bus registered, assigned bus number 5
uhci_hcd 0000:00:1d.3: irq 16, io base 0x0000b880
usb usb5: New USB device found, idVendor=1d6b, idProduct=0001
usb usb5: New USB device strings: Mfr=3, Product=2, SerialNumber=1
usb usb5: Product: UHCI Host Controller
usb usb5: Manufacturer: Linux 2.6.32-1-mepis-smp uhci_hcd
usb usb5: SerialNumber: 0000:00:1d.3
usb usb5: configuration #1 chosen from 1 choice
hub 5-0:1.0: USB hub found
hub 5-0:1.0: 2 ports detected
agpgart-intel 0000:00:00.0: Intel 915GM Chipset
agpgart-intel 0000:00:00.0: detected 7932K stolen memory
agpgart-intel 0000:00:00.0: AGP aperture is 256M @ 0xc0000000
ATL1E 0000:03:00.0: PCI INT A -&gt; GSI 17 (level, low) -&gt; IRQ 17
ATL1E 0000:03:00.0: setting latency timer to 64
ACPI: AC Adapter [AC0] (on-line)
pci_hotplug: PCI Hot Plug PCI Core version: 0.5
thermal LNXTHERM:01: registered as thermal_zone0
ACPI: Thermal Zone [TZ00] (61 C)
ACPI: Battery Slot [BAT0] (battery present)
processor LNXCPU:00: registered as cooling_device0
input: Lid Switch as /devices/LNXSYSTM:00/LNXSYBUS:00/PNP0C0D:00/input/input2
intel_rng: FWH not detected
ACPI: Lid Switch [LID]
input: Sleep Button as /devices/LNXSYSTM:00/LNXSYBUS:00/PNP0C0E:00/input/input3
ACPI: Sleep Button [SLPB]
input: Power Button as /devices/LNXSYSTM:00/LNXSYBUS:00/PNP0C0C:00/input/input4
ACPI: Power Button [PWRB]
input: Power Button as /devices/LNXSYSTM:00/LNXPWRBN:00/input/input5
ACPI: Power Button [PWRF]
input: Video Bus as /devices/LNXSYSTM:00/LNXSYBUS:00/PNP0A08:00/LNXVIDEO:00/input/input6
ACPI: Video Device [VGA] (multi-head: yes  rom: no  post: no)
eeepc_laptop: Eee PC Hotkey Driver
eeepc_laptop: Hotkey init flags 0x41
eeepc_laptop: TYPE (2000000) not reported by BIOS, enabling anyway
eeepc_laptop: Get control methods supported: 0x2101711
input: Asus EeePC extra buttons as /devices/platform/eeepc/input/input7
Linux video capture interface: v2.00
uvcvideo: Found UVC 1.00 device Digital_Camera (093a:2700)
input: Digital_Camera as /devices/pci0000:00/0000:00:1d.7/usb1/1-8/1-8:1.0/input/input8
usbcore: registered new interface driver uvcvideo
USB Video Class driver (v0.1.0)
HDA Intel 0000:00:1b.0: PCI INT A -&gt; GSI 16 (level, low) -&gt; IRQ 16
HDA Intel 0000:00:1b.0: setting latency timer to 64
input: HDA Digital PCBeep as /devices/pci0000:00/0000:00:1b.0/input/input9
input: ImPS/2 Logitech Wheel Mouse as /devices/platform/i8042/serio1/input/input10
EXT2-fs warning: maximal mount count reached, running e2fsck is recommended
fuse init (API version 7.13)
ATL1E 0000:03:00.0: irq 27 for MSI/MSI-X
ATL1E 0000:03:00.0: ATL1E: eth0 NIC Link is Up&lt;100 Mbps Full Duplex&gt;
lp: driver loaded but no devices found
ppdev: user-space parallel port driver
[drm] Initialized drm 1.1.0 20060810
i915 0000:00:02.0: PCI INT A -&gt; GSI 16 (level, low) -&gt; IRQ 16
i915 0000:00:02.0: setting latency timer to 64
[drm] set up 7M of stolen space
[drm] DAC-6: set mode 640x480 0
[drm] TV-12: set mode NTSC 480i 0
Console: switching to colour frame buffer device 100x30
fb0: inteldrmfb frame buffer device
registered panic notifier
[drm] Initialized i915 1.6.0 20080730 for 0000:00:02.0 on minor 0
[drm] LVDS-8: set mode 800x480 1c
[drm] DAC-6: set mode 640x480 0
[drm] DAC-6: set mode 640x480 0
[drm] TV-12: set mode NTSC 480i 0
[drm] TV-12: set mode NTSC 480i 0
[drm] DAC-6: set mode 640x480 0
[drm] DAC-6: set mode 640x480 0
[drm] TV-12: set mode NTSC 480i 0
[drm] TV-12: set mode NTSC 480i 0
[drm] DAC-6: set mode 640x480 0
[drm] DAC-6: set mode 640x480 0
[drm] TV-12: set mode NTSC 480i 0
[drm] TV-12: set mode NTSC 480i 0
Disabling lock debugging due to kernel taint
ndiswrapper version 1.56 loaded (smp=yes, preempt=yes)
ndiswrapper: driver net8187se (Realtek Semiconductor Corp.,10/28/2009,5.9109.1028.2009) loaded
ndiswrapper 0000:01:00.0: PCI INT A -&gt; GSI 18 (level, low) -&gt; IRQ 18
ndiswrapper 0000:01:00.0: setting latency timer to 64
ndiswrapper: using IRQ 18
wlan0: ethernet device 00:22:43:12:82:d2 using NDIS driver: net8187se, version: 0x500a5, NDIS version: 0x500, vendor: 'Realtek RTL8185 Wireless LAN (Mini-)PCI NIC                                     ', 10EC:8199.5.conf
wlan0: encryption modes supported: WEP; TKIP with WPA, WPA2, WPA2PSK; AES/CCMP with WPA, WPA2, WPA2PSK
usbcore: registered new interface driver ndiswrapper
root@antiX1:/aufs/home/demo# iwconfig
lo        no wireless extensions.

eth0      no wireless extensions.

wlan0     IEEE 802.11g  ESSID:off/any  
          Mode:Managed  Frequency:2.457 GHz  Access Point: Not-Associated   
          Bit Rate:54 Mb/s   Tx-Power:20 dBm   Sensitivity=0/3  
          RTS thr:off   Fragment thr:off
          Encryption key:off
          Power Management:off
          Link Quality:0  Signal level:0  Noise level:0
          Rx invalid nwid:0  Rx invalid crypt:0  Rx invalid frag:0
          Tx excessive retries:0  Invalid misc:0   Missed beacon:0

root@antiX1:/aufs/home/demo#    iwlist wlan0 scan
wlan0     Scan completed :
          Cell 01 - Address: 00:1C:DF:A8:3A:F5
                    ESSID:" harrybelkin"
                    Protocol:IEEE 802.11g
                    Mode:Managed
                    Frequency:2.462 GHz (Channel 11)
                    Quality:79/100  Signal level:-45 dBm  Noise level:-96 dBm
                    Encryption key:off
                    Bit Rates:1 Mb/s; 2 Mb/s; 5.5 Mb/s; 11 Mb/s; 9 Mb/s
                              18 Mb/s; 36 Mb/s; 54 Mb/s; 6 Mb/s; 12 Mb/s
                              24 Mb/s; 48 Mb/s
                    Extra:bcn_int=100
                    Extra:atim=0

root@antiX1:/aufs/home/demo#     iwconfig wlan0
wlan0     IEEE 802.11g  ESSID:off/any  
          Mode:Managed  Frequency:2.457 GHz  Access Point: Not-Associated   
          Bit Rate:54 Mb/s   Tx-Power:20 dBm   Sensitivity=0/3  
          RTS thr:off   Fragment thr:off
          Encryption key:off
          Power Management:off
          Link Quality:0  Signal level:0  Noise level:0
          Rx invalid nwid:0  Rx invalid crypt:0  Rx invalid frag:0
          Tx excessive retries:0  Invalid misc:0   Missed beacon:0
</code></pre></div>
After driver has been loaded. You will need to insert/type wlan0 into wicd wireless preferences. Then refresh to see your router. Good Luck.</div>
</div>
</div>

</div>
</div>
<div id="p_18984" class="post has-profile bg2">
<div class="inner">
<dl class="postprofile" id="profile18984">
<dt class="no-profile-rank has-avatar avatar-username">
<div class="avatar-username-inner">
<div class="thread-user-detail">
<div class="detail-title-numposts"><span class="detail-title-numposts">Posts: 64</span></div>

</div>
</div>
<span class="username">floppy</span>
</dt>
<dd class="profile-joined">Joined: 26 Dec 2010</dd>
</dl>
<div class="postbody">
<div id="post_content18984">

<time datetime="2011-01-07 &nbsp; 23:00">posted: 2011-01-07 &nbsp; 23:00</time>
<span class="permalink"><a href="./antix-t2867.html#p18984" title="permalink">#5</a></span>

<div class="content">Hello,<br>
I loaded the windows drivers which appear now in the wireless tool in M11 Pt1. But by making sudo modprobe ndiswrapper (ndiswrapper is installed acc synaptic and it loaded correctly the windows drivers), the error appear:<br>
"FATAL: Module ndiswrapper not found".<br>
What happens here? What should I do. Any Idea?</div>
</div>
</div>

</div>
</div>
<div id="p_18985" class="post has-profile bg1">
<div class="inner">
<dl class="postprofile" id="profile18985">
<dt class="no-profile-rank has-avatar avatar-username">
<div class="avatar-username-inner">
<div class="thread-user-detail">
<div class="detail-title-numposts"><span class="detail-title-numposts">Posts: 4,164</span></div>

</div>
</div>
<span class="username">rokytnji</span>
</dt>
<dd class="profile-joined">Joined: 20 Feb 2009</dd>
</dl>
<div class="postbody">
<div id="post_content18985">

<time datetime="2011-01-07T23:32">posted: 2011-01-07 &nbsp; 23:32</time>
<span class="permalink"><a href="./antix-t2867.html#p18985" title="permalink">#6</a></span>

<div class="content">Don't use sudo. It is not enabled/but is installed by default in AntiX. Use sux or su instead of sudo.<br>
<br>
Type sux or su. Then type password. Then do modprobe.<br>
<br>
Notice my first line in code tag readout.<br>
<div class="codebox"><p>Code: <a href="#" onclick="selectCode(this); return false;">Select all</a></p><pre><code>demo@antiX1:/aufs/home/demo$ su
Password: 
root@antiX1:/aufs/home/demo# </code></pre></div>
notice that I am root (#) after putting in my password. I am root through the rest of the process. If wanting to use sudo<br>

<br>========= SCRAPER REMOVED AN EMBEDDED LINK HERE ===========<br>url was:"http://antix.mepis.com/index.php/Further_Lighten_antiX_Ratpoison"<br>linktext was:"http://antix.mepis.com/index.php/Furthe ... _Ratpoison"<br>====================================<br>
!</div>
</div>
</div>

</div>
</div>
<div id="p_18986" class="post has-profile bg2">
<div class="inner">
<dl class="postprofile" id="profile18986">
<dt class="no-profile-rank has-avatar avatar-username">
<div class="avatar-username-inner">
<div class="thread-user-detail">
<div class="detail-title-numposts"><span class="detail-title-numposts">Posts: 64</span></div>

</div>
</div>
<span class="username">floppy</span>
</dt>
<dd class="profile-joined">Joined: 26 Dec 2010</dd>
</dl>
<div class="postbody">
<div id="post_content18986">

<time datetime="2011-01-08T18:25">posted: 2011-01-08 &nbsp; 18:25</time>
<span class="permalink"><a href="./antix-t2867.html#p18986" title="permalink">#7</a></span>

<div class="content">hello,<br>
sorry I forgot to say the error message was the same with"modprobe ndiswrapper" under root (su, PW) account. <br>
I have another Idea: I will make it later when the USB stick is not connected (but driver present).<br>
Any other idea what happens there?<br>
Thanks.<br>
Remark: I have the M11Pt1 full version installed on the HDDs (good things in it like webbrowser"links" etc. a lot of slim things)</div>
</div>
</div>

</div>
</div>
<div id="p_18987" class="post has-profile bg1">
<div class="inner">
<dl class="postprofile" id="profile18987">
<dt class="no-profile-rank has-avatar avatar-username">
<div class="avatar-username-inner">
<div class="thread-user-detail">
<div class="detail-title-numposts"><span class="detail-title-numposts">Posts: 4,164</span></div>

</div>
</div>
<span class="username">rokytnji</span>
</dt>
<dd class="profile-joined">Joined: 20 Feb 2009</dd>
</dl>
<div class="postbody">
<div id="post_content18987">

<time datetime="2011-01-09T02:57">posted: 2011-01-09 &nbsp; 02:57</time>
<span class="permalink"><a href="./antix-t2867.html#p18987" title="permalink">#8</a></span>

<div class="content"><blockquote class="uncited"><div>Any other idea what happens there?</div></blockquote>
Nope. You have ndiswrapper working in Tiny Core. I had no experience with ever having to use ndiswrapper before. When I used it in AntiX. I had to poke and hope as I was in virgin territory. I usually get by using the wireless module in the kernel. In fact. My head is geared to trying to get it working with a linux driver first. So when I used ndiswrapper. I had explored Linux alternatives first (for a considerable amount of time i might say).<br>
<br>
Not sure why modprobe ndiswraper is giving you headaches. Maybe because i used ndisgtk to load the inf. file from Windows first made a difference for me. Since you have experience getting it to wok in Tiny Core. You have more experience than I using ndiswrapper. So no idea fro me. Maybe some other member has a hint. Shouldn't matter about <br>
<blockquote class="uncited"><div>I will make it later when the USB stick is not connected (but driver present).</div></blockquote>
Because mine was internal pci wireless card (which could not be removed). But hey. Could be worth a try I guess. Good Luck with it. Rok</div>
</div>
</div>

</div>
</div>
<div id="p_18989" class="post has-profile bg2">
<div class="inner">
<dl class="postprofile" id="profile18989">
<dt class="no-profile-rank has-avatar avatar-username">
<div class="avatar-username-inner">
<div class="thread-user-detail">
<div class="detail-title-numposts"><span class="detail-title-numposts">Posts: 64</span></div>

</div>
</div>
<span class="username">floppy</span>
</dt>
<dd class="profile-joined">Joined: 26 Dec 2010</dd>
</dl>
<div class="postbody">
<div id="post_content18989">

<time datetime="2011-01-09T17:12">posted: 2011-01-09 &nbsp; 17:12</time>
<span class="permalink"><a href="./antix-t2867.html#p18989" title="permalink">#9</a></span>

<div class="content">thanks for the motivating words. I will try it later (priority 2.. currently.. because LAN is working and other things have to be done).</div>
</div>
</div>

</div>
</div>
<div id="p_37458" class="post has-profile bg1">
<div class="inner">
<dl class="postprofile" id="profile37458">
<dt class="no-profile-rank has-avatar avatar-username">
<dd class="detail-title-numposts">Posts: 64</dd>
<span class="username">floppy</span>
</dt>
<dd class="profile-joined">Joined: 26 Dec 2010</dd>
</dl>
<div class="postbody">
<div id="post_content37458">

<time datetime="2014-10-17T13:30">posted: 2014-10-17 &nbsp; 13:30</time>
<span class="permalink"><a href="./antix-t2867.html#p37458" title="permalink">#10</a></span>

<div class="content">Hello,<br>
back here after few time.<br>
On a P4 hp 7100, I removed Lubuntu and have now the latest antix on it. Happiness is back...</div>
</div>
</div>

</div>
</div>
<div id="p_37463" class="post has-profile bg2">
<div class="inner">
<dl class="postprofile" id="profile37463">
<dt class="no-profile-rank has-avatar avatar-username">
<div class="avatar-username-inner">
<div class="thread-user-detail">
<div class="detail-title-numposts"><span class="detail-title-numposts">Posts: 4,164</span></div>

</div>
</div>
<span class="username">rokytnji</span>
</dt>
<dd class="profile-joined">Joined: 20 Feb 2009</dd>
</dl>
<div class="postbody">
<div id="post_content37463">

<time datetime="2014-10-17T15:10">posted: 2014-10-17 &nbsp; 15:10</time>
<span class="permalink"><a href="./antix-t2867.html#p37463" title="permalink">#11</a></span>

<div class="content">Cool Beans. <span class="emoticon"> __{{emoticon}}__ </span></div>
</div>
</div>

</div>
</div>
<div id="p_37467" class="post has-profile bg1">
<div class="inner">
<dl class="postprofile" id="profile37467">
<dt class="has-profile-rank has-avatar avatar-username">
<span class="username">anticapitalista</span>
<div class="avatar-username-inner">
<div class="thread-user-detail">
<div class="detail-title-numposts"><span class="detail-title-numposts">Posts: 5,955</span></div>

</div>
</div>
</dt>
<dd class="profile-rank">Site Admin</dd>
<dd class="profile-joined">Joined: 11 Sep 2007</dd>
</dl>
<div class="postbody">
<div id="post_content37467">

<time datetime="2014-10-17T17:12">posted: 2014-10-17 &nbsp; 17:12</time>
<span class="permalink"><a href="./antix-t2867.html#p37467" title="permalink">#12</a></span>

<div class="content">floppy - welcome back. When you say the latest antiX, which one? If it is one of the antiX-14R series, do be aware that they are all alpha releases and there are definitely issues.</div>
</div>
</div>

</div>
</div>
<div id="p_37496" class="post has-profile bg2">
<div class="inner">
<dl class="postprofile" id="profile37496">
<dt class="no-profile-rank has-avatar avatar-username">
<dd class="detail-title-numposts">Posts: 64</dd>
<span class="username">floppy</span>
</dt>
<dd class="profile-joined">Joined: 26 Dec 2010</dd>
</dl>
<div class="postbody">
<div id="post_content37496">

<time datetime="2014-10-18T19:08">posted: 2014-10-18 &nbsp; 19:08</time>
<span class="permalink"><a href="./antix-t2867.html#p37496" title="permalink">#13</a></span>

<div class="content"><blockquote><div><cite>anticapitalista wrote:</cite>floppy - welcome back. When you say the latest antiX, which one? If it is one of the antiX-14R series, do be aware that they are all alpha releases and there are definitely issues.</div></blockquote>
I installed the debian stable one (not the fresh unfully tested cut). No issue. The few boot errors are now gone with the boot parameter"nomodeset". So far I remember I got it from 
<br>========= SCRAPER REMOVED AN EMBEDDED LINK HERE ===========<br>url was:"http://sourceforge.net/projects/antix-linux/files/Final/antiX-13.2/"<br>linktext was:"http://sourceforge.net/projects/antix-l ... ntiX-13.2/"<br>====================================<br>
 I like it (again).</div>
</div>
</div>

</div>
</div>
<div id="p_37499" class="post has-profile bg1">
<div class="inner">
<dl class="postprofile" id="profile37499">
<dt class="has-profile-rank has-avatar avatar-username">
<span class="username">anticapitalista</span>
<div class="avatar-username-inner">
<div class="thread-user-detail">
<div class="detail-title-numposts"><span class="detail-title-numposts">Posts: 5,955</span></div>

</div>
</div>
</dt>
<dd class="profile-rank">Site Admin</dd>
<dd class="profile-joined">Joined: 11 Sep 2007</dd>
</dl>
<div class="postbody">
<div id="post_content37499">

<time datetime="2014-10-18T20:17">posted: 2014-10-18 &nbsp; 20:17</time>
<span class="permalink"><a href="./antix-t2867.html#p37499" title="permalink">#14</a></span>

<div class="content">OK, floppy, enjoy!</div>
</div>
</div>

</div>
</div>
</div>
<div class="action-bar bar-bottom">

<div class="pagination">
14 posts
&bull; Page <strong>1</strong> of <strong>1</strong>
</div>
</div>
</div>
</div>
</div>
<div class="scrollToTopText"><a href="#top">goto top of page</a></div>

</div>
</body></html>
