<!DOCTYPE html>
<html dir="ltr" lang="en-gb">
<head>
<meta charset="utf-8" />
<meta http-equiv="X-UA-Compatible" content="IE=edge">
<meta name="viewport" content="width=device-width, initial-scale=1, maximum-scale=1.0, user-scalable=no" />
<title>antiX 14r5 fail i9 error with USB 1.0 Dual  P III's - antiX oldforums archive</title>
   
<link rel="stylesheet" href="../aaa_style.css">
<script type="text/javascript" src ="../aaa_oldforums.js"></script>
</head>
<body>
<div id="wrap" class="wrap">
<a id="top" class="top-anchor" accesskey="t"></a>

<div id="inner-wrap">
<ul id="nav-breadcrumbs" class="nav-breadcrumbs linklist navlinks clear-after" role="menubar">
<li class="scroll-breadcrumbs breadcrumbs">
<span class="crumb"><a href="./index.html" accesskey="h" data-navbar-reference="index"><span>antiX - oldforums archive</span></a> &raquo;&raquo; </span>

<span class="crumb"><a href="./general-f21/index.html"><span>General</span></a> &raquo;&raquo; </span>

<span class="crumb"><a href="./hardware-f13/index.html"><span>Hardware</span></a></span>
</li>
</ul>

<div id="page-body" class="page-body" role="main">
<div class="postprofile_container postprofile_Left">
<div>
<div class="topictitleheader"><span class="statictopictitle">topic title: </span><span class="topic-titleb"><a href="./antix-14r5-fail-i9-error-with-usb-1-0-dual-p-iii-s-t5495.html">antiX 14r5 fail i9 error with USB 1.0 Dual P III's</a></div>
<div class="pagination">
19 posts
<ul>
<li class="active"><span>1</span></li>
<li><a class="button" href="./antix-14r5-fail-i9-error-with-usb-1-0-dual-p-iii-s-t5495-s15.html" role="button">2</a></li>
<li class="arrow next"><a class="button button-icon-only" href="./antix-14r5-fail-i9-error-with-usb-1-0-dual-p-iii-s-t5495-s15.html" rel="next" role="button"><span class="sr-only">Next</span></a></li>
</ul>
</div>
</div>


<div class="viewtopic_wrapper">
<div id="p_39398" class="post has-profile bg2">
<div class="inner">
<dl class="postprofile" id="profile39398">
<dt class="no-profile-rank has-avatar avatar-username">
<div class="avatar-username-inner">
<div class="thread-user-detail">
<div class="detail-title-numposts"><span class="detail-title-numposts">Posts: 604</span></div>

</div>
</div>
<span class="username">thriftee</span>
</dt>
<dd class="profile-joined">Joined: 27 Feb 2009</dd>
</dl>
<div class="postbody">
<div id="post_content39398">
<time datetime="2015-02-01T14:51">posted: 2015-02-01 &nbsp; 14:51</time>
<span class="permalink"><a href="./antix-14r5-fail-i9-error-with-usb-1-0-dual-p-iii-s-t5495.html#p39398" title="permalink">#1</a></span>

<div class="content">I got out my Dual PIII 750 machine. It has an onboard Adaptec 2940w. antiX 14r5 is able to see the aic7xxx SCSI, but with Slacko gparted isn't seeing the drives on one of my dual PIII machines. I have an Adaptec 2940u2/u2w and an Adaptec 29160 for it, but can't partition the drives, which is a shame because it has 10,000 RPM Cheetah's in it and 2 gb of server ram.<br>
<br>
But with antiX 14r5 USB isn't working for Wireless or Flashdrives.</div>
<div class="notice">
Last edited by <b>thriftee</b> on 02 Feb 2015, 22:43, edited 2 times in total.
</div>
</div>
</div>

</div>
</div>
<div id="p_39399" class="post has-profile bg1">
<div class="inner">
<dl class="postprofile" id="profile39399">
<dt class="no-profile-rank has-avatar avatar-username">
<div class="avatar-username-inner">
<div class="thread-user-detail">
<div class="detail-title-numposts"><span class="detail-title-numposts">Posts: 325</span></div>

</div>
</div>
<span class="username">male</span>
</dt>
<dd class="profile-joined">Joined: 04 Nov 2011</dd>
</dl>
<div class="postbody">
<div id="post_content39399">

<time datetime="2015-02-01T15:09">posted: 2015-02-01 &nbsp; 15:09</time>
<span class="permalink"><a href="./antix-14r5-fail-i9-error-with-usb-1-0-dual-p-iii-s-t5495.html#p39399" title="permalink">#2</a></span>

<div class="content">which shows<div class="codebox"><p>Code: <a href="#" onclick="selectCode(this); return false;">Select all</a></p><pre><code># parted -l</code></pre></div>from a live cd / usb</div>
</div>
</div>

</div>
</div>
<div id="p_39401" class="post has-profile bg2">
<div class="inner">
<dl class="postprofile" id="profile39401">
<dt class="no-profile-rank has-avatar avatar-username">
<div class="avatar-username-inner">
<div class="thread-user-detail">
<div class="detail-title-numposts"><span class="detail-title-numposts">Posts: 604</span></div>

</div>
</div>
<span class="username">thriftee</span>
</dt>
<dd class="profile-joined">Joined: 27 Feb 2009</dd>
</dl>
<div class="postbody">
<div id="post_content39401">

<time datetime="2015-02-01T17:18">posted: 2015-02-01 &nbsp; 17:18</time>
<span class="permalink"><a href="./antix-14r5-fail-i9-error-with-usb-1-0-dual-p-iii-s-t5495.html#p39401" title="permalink">#3</a></span>

<div class="content">I'm sorry, I can't get the cd to burn under linux. The md5sum is wrong. I think that means the cd is not the same as the iso file so its no good. I am trying to burn a cd-r in a dvd writer. I need a cd-r for the old machine because it can't read dvd's.<br>
<br>
It is upsetting to need to copy the iso to a flashdrive to copy it to a windows machine to be able to burn a good cd. I am trying not to use windows anymore.<br>
<br>
Maybe next time I shut it down I'll swap in a DVD drive from another laptop. I don't know what else to try. It can boot from the DVD, but under linux it can't write a good one.</div>
</div>
</div>

</div>
</div>
<div id="p_39403" class="post has-profile bg1">
<div class="inner">
<dl class="postprofile" id="profile39403">
<dt class="no-profile-rank has-avatar avatar-username">
<div class="avatar-username-inner">
<div class="thread-user-detail">
<div class="detail-title-numposts"><span class="detail-title-numposts">Posts: 765</span></div>

</div>
</div>
<span class="username">rust collector</span>
</dt>
<dd class="profile-joined">Joined: 27 Dec 2011</dd>
</dl>
<div class="postbody">
<div id="post_content39403">

<time datetime="2015-02-01T17:54">posted: 2015-02-01 &nbsp; 17:54</time>
<span class="permalink"><a href="./antix-14r5-fail-i9-error-with-usb-1-0-dual-p-iii-s-t5495.html#p39403" title="permalink">#4</a></span>

<div class="content">how do you burn your cd's?</div>
</div>
</div>

</div>
</div>
<div id="p_39404" class="post has-profile bg2">
<div class="inner">
<dl class="postprofile" id="profile39404">
<dt class="no-profile-rank has-avatar avatar-username">
<div class="avatar-username-inner">
<div class="thread-user-detail">
<div class="detail-title-numposts"><span class="detail-title-numposts">Posts: 850</span></div>

</div>
</div>
<span class="username">fatmac</span>
</dt>
<dd class="profile-joined">Joined: 26 Jul 2012</dd>
</dl>
<div class="postbody">
<div id="post_content39404">

<time datetime="2015-02-01T19:05">posted: 2015-02-01 &nbsp; 19:05</time>
<span class="permalink"><a href="./antix-14r5-fail-i9-error-with-usb-1-0-dual-p-iii-s-t5495.html#p39404" title="permalink">#5</a></span>

<div class="content">Are you using SimpleBurn - Menu &gt; Sound &amp; Video &gt; SimpleBurn<br>
<br>
At the command line, <br>
to write a dvd image to disc,
<div class="codebox"><p>Code: <a href="#" onclick="selectCode(this); return false;">Select all</a></p><pre><code>growisofs -dvd-compat -Z /dev/dvd=dvd-image.iso</code></pre></div>
&amp; for a cd, I believe it is.
<div class="codebox"><p>Code: <a href="#" onclick="selectCode(this); return false;">Select all</a></p><pre><code>wodim -v speed=2 dev=/cdrom cd-image.iso</code></pre></div></div>
</div>
</div>

</div>
</div>
<div id="p_39405" class="post has-profile bg1">
<div class="inner">
<dl class="postprofile" id="profile39405">
<dt class="no-profile-rank has-avatar avatar-username">
<div class="avatar-username-inner">
<div class="thread-user-detail">
<div class="detail-title-numposts"><span class="detail-title-numposts">Posts: 765</span></div>

</div>
</div>
<span class="username">rust collector</span>
</dt>
<dd class="profile-joined">Joined: 27 Dec 2011</dd>
</dl>
<div class="postbody">
<div id="post_content39405">

<time datetime="2015-02-01T19:18">posted: 2015-02-01 &nbsp; 19:18</time>
<span class="permalink"><a href="./antix-14r5-fail-i9-error-with-usb-1-0-dual-p-iii-s-t5495.html#p39405" title="permalink">#6</a></span>

<div class="content">Or use cdw, if you like that better</div>
</div>
</div>

</div>
</div>
<div id="p_39406" class="post has-profile bg2">
<div class="inner">
<dl class="postprofile" id="profile39406">
<dt class="no-profile-rank has-avatar avatar-username">
<div class="avatar-username-inner">
<div class="thread-user-detail">
<div class="detail-title-numposts"><span class="detail-title-numposts">Posts: 604</span></div>

</div>
</div>
<span class="username">thriftee</span>
</dt>
<dd class="profile-joined">Joined: 27 Feb 2009</dd>
</dl>
<div class="postbody">
<div id="post_content39406">

<time datetime="2015-02-01T19:24">posted: 2015-02-01 &nbsp; 19:24</time>
<span class="permalink"><a href="./antix-14r5-fail-i9-error-with-usb-1-0-dual-p-iii-s-t5495.html#p39406" title="permalink">#7</a></span>

<div class="content">Oh my, Thanks much for the replies.<br>
<br>
I have tried cdrecord and pburn this last time. Its very weird. I do a blkid and see nothing there, so something is wrong. But pburn said it burned a cd, but then the md5sum didn't match.<br>
<br>
As I said, I will try swapping physical drives as I have 3 parts laptops the same as this one, as well as its twin, anyway.<br>
<br>
In the meantime,I copied 14r4 to flash, copied it here from the windows machine, downloded the 5 patch, created the 5 iso, copied it to flash, moved the flash to windows, buned a 14r5 cd, and used that.<br>
<br>
But i'm really trying to get by without windows....<br>
<br>
Anyway, the Dual P III 750 Coppermine server is able to boot and run antiX14r5 full... Thats pretty amazing,I'd say.<br>
<br>
Still having gparted troubles though, so I now rebooted in knoppix 6.21, which is a similar version to the Debian Lenny that has a drive on it, and I'm using knoppix booted live to shrink the lenny partition,and make room toload antix and slacko if i can get that to load.<br>
<br>
And yes, Ineed to find a linux burner program that just works to burn cd's or dvd's or both or either,if that makes sense. I can deal with the differences if I know what to run...</div>
</div>
</div>

</div>
</div>
<div id="p_39408" class="post has-profile bg1">
<div class="inner">
<dl class="postprofile" id="profile39408">
<dt class="no-profile-rank has-avatar avatar-username">
<div class="avatar-username-inner">
<div class="thread-user-detail">
<div class="detail-title-numposts"><span class="detail-title-numposts">Posts: 604</span></div>

</div>
</div>
<span class="username">thriftee</span>
</dt>
<dd class="profile-joined">Joined: 27 Feb 2009</dd>
</dl>
<div class="postbody">
<div id="post_content39408">

<time datetime="2015-02-02T01:31">posted: 2015-02-02 &nbsp; 01:31</time>
<span class="permalink"><a href="./antix-14r5-fail-i9-error-with-usb-1-0-dual-p-iii-s-t5495.html#p39408" title="permalink">#8</a></span>

 <div class="content">Well, its been a terrible day. I got the 10,000 RPM Cheeta in and running, so I have plenty of fast free disk space. Both antiX 14r5 and Slacko 5.7.0 are able to boot, but both are disasters<br>
<br>
antiX can't access the wifi via USB wifi card 0bda:8172 RTL8191S. I got a driver /lib/firmware/RTL8192SU/rtl8192sfw.bin and did a <br>
<div class="codebox"><p>Code: <a href="#" onclick="selectCode(this); return false;">Select all</a></p><pre><code>modprobe 8712U</code></pre></div>
but it does nothing,so no wifi, no internet, etc. So I was able to install it,but can't do anything with it.<br>
<br>
<br>
Slacko is worse because I can't access the hard drives because its missing the aic7xxx and even though I found the files in antiX, I don't know how to make it work from slacko's live cd or if that would work. Wifi works in slacko, but what good is wifi if you can't install because you can't access the disk drives?<br>
<br>
What a terrible day. Very demoralizing.BTW, the machine was last booted to linux on Oct 10, 2008. Its only been booted to Win/98 since then.</div>
</div>
</div>

</div>
</div>
<div id="p_39409" class="post has-profile bg2">
<div class="inner">
<dl class="postprofile" id="profile39409">
<dt class="no-profile-rank has-avatar avatar-username">
<div class="avatar-username-inner">
<div class="thread-user-detail">
<div class="detail-title-numposts"><span class="detail-title-numposts">Posts: 2,238</span></div>

</div>
</div>
<span class="username">dolphin_oracle</span>
</dt>
<dd class="profile-joined">Joined: 16 Dec 2007</dd>
</dl>
<div class="postbody">
<div id="post_content39409">

<time datetime="2015-02-02T02:21">posted: 2015-02-02 &nbsp; 02:21</time>
<span class="permalink"><a href="./antix-14r5-fail-i9-error-with-usb-1-0-dual-p-iii-s-t5495.html#p39409" title="permalink">#9</a></span>

<div class="content">I don't know if that's a typo, but the driver is"r8712u". It should be a part of the kernel. The .bin file in /lib/firmware is just that, firmware.<br>
<br>
It is possible in antiX if you are booting live that networking might be disabled. In the boot parameters at boot up, remove the"antix=LX" and see if it does you any good.</div>
</div>
</div>

</div>
</div>
<div id="p_39410" class="post has-profile bg1">
<div class="inner">
<dl class="postprofile" id="profile39410">
<dt class="no-profile-rank has-avatar avatar-username">
<div class="avatar-username-inner">
<div class="thread-user-detail">
<div class="detail-title-numposts"><span class="detail-title-numposts">Posts: 604</span></div>

</div>
</div>
<span class="username">thriftee</span>
</dt>
<dd class="profile-joined">Joined: 27 Feb 2009</dd>
</dl>
<div class="postbody">
<div id="post_content39410">

<time datetime="2015-02-02T05:01">posted: 2015-02-02 &nbsp; 05:01</time>
<span class="permalink"><a href="./antix-14r5-fail-i9-error-with-usb-1-0-dual-p-iii-s-t5495.html#p39410" title="permalink">#10</a></span>

<div class="content">Thanks for the reply, DO.<br>
<br>
I tried it and it ran, and when I do an lsmod its there with a 0 next to it, but if I go into ceni I don't see anything, and same with wicd.<br>
<br>
I need to go back and try again after I take out the LX. I suppose another option is to buy an old PCI WiFi card or tape cables down onto the carpet, LOL.<br>
<br>
I looked into the SCSI driver for Slacko, and it looks to me like the only solution there is to put in an IDE drive to boot from to avoid booting from SCSI. Even with that, I'm not sure if I could load the module to be able to access the SCSI drives. It looks like I'd need to rebuild the kernel, and I don't think I'd have very good odds at that without help, so that would mean the solution would be to give up, or be forced to reload Win/98 and the games, guessing that it probably would have trouble if I tried to copy the entire Win/98 to an IDE drive and try to boot from that instead. <br>
<br>
The old thing actually runs pretty well considering it was built in 1997. I saw a 3000+ bogomips number there somewhere, which is triple the speed of my old laptop, and I bet that number doesn't factor in the lightning fast drives.</div>
</div>
</div>

</div>
</div>
<div id="p_39411" class="post has-profile bg2">
<div class="inner">
<dl class="postprofile" id="profile39411">
<dt class="no-profile-rank has-avatar avatar-username">
<div class="avatar-username-inner">
<div class="thread-user-detail">
<div class="detail-title-numposts"><span class="detail-title-numposts">Posts: 604</span></div>

</div>
</div>
<span class="username">thriftee</span>
</dt>
<dd class="profile-joined">Joined: 27 Feb 2009</dd>
</dl>
<div class="postbody">
<div id="post_content39411">

<time datetime="2015-02-02T07:16">posted: 2015-02-02 &nbsp; 07:16</time>
<span class="permalink"><a href="./antix-14r5-fail-i9-error-with-usb-1-0-dual-p-iii-s-t5495.html#p39411" title="permalink">#11</a></span>

<div class="content">D.O, I'm going to change the title.<br>
<br>
I appreciate the help, btw. Ok, I checked the boot and Im not using LX. I investigated further, and found that my usb flash drive doesn't work either, and when I look at lspci -k I see I have nodriver attached to the usb ports. My suspicion is that the wireless driver might work if usb was working. Anyway, I'll paste in the relevant info in case someone can spot the problem and knows how to get it working.<br>
<br>
BTW, its an old machine, so its USB 1.0 or 1.1. at best.<br>
<br>
Anyone have any ideas?<br>
<br>
<div class="codebox"><p>Code: <a href="#" onclick="selectCode(this); return false;">Select all</a></p><pre><code> inxi -Fxz
System:    Host: dualp3 Kernel: 3.18.1-antix.1-486-smp i686 (32 bit gcc: 4.9.1) Desktop: IceWM 1.3.8
           Distro: antiX-14-a5-RV_386-full Killah_P 14 January 2015
Machine:   System: To be Filled product: To be Filled v: To be Filled
           Mobo: Supermicro model: Intel 440BX/440GX v: Rev. 1 Bios: American Megatrends v: 063100 date: 01/15/99
CPU:       Single core Pentium III (Coppermine) (-HT-) cache: 256 KB flags: (pae sse) bmips: 1503 
           clock speeds: max: 751 MHz 1: 751 MHz 2: 751 MHz
Graphics:  Card: NVIDIA NV34 [GeForce FX 5500] bus-ID: 01:00.0
           Display Server: X.org 1.16.2.901 drivers: vesa,nouveau (unloaded: fbdev)
           tty size: 140x53 Advanced Data: N/A for root
Audio:     Card Ensoniq 5880B [AudioPCI] driver: snd_ens1371 port: ef00 bus-ID: 00:10.0
           Sound: Advanced Linux Sound Architecture v: k3.18.1-antix.1-486-smp
Network:   Card: Standard Microsystems [SMC] 83c170 EPIC/100 Fast Ethernet Adapter
           driver: epic100 port: e400 bus-ID: 00:0f.0
           IF: eth0 state: unknown speed: 100 Mbps duplex: full mac: &lt;filter&gt;
Drives:    HDD Total Size: 29.7GB (9.1% used) ID-1: /dev/sdc model: ST318453LW size: 18.4GB
           ID-2: /dev/sdb model: ST39216W size: 9.2GB ID-3: /dev/sda model: ST32151N size: 2.1GB
Partition: ID-1: / size: 3.0G used: 2.6G (90%) fs: ext2 dev: /dev/sdb5
Sensors:   None detected - is lm-sensors installed and configured?
Info:      Processes: 98 Uptime: 1:03 Memory: 218.9/1004.3MB Init: SysVinit runlevel: 5 Gcc sys: 4.9.1
           Client: Shell (bash 4.3.301) inxi: 2.2.16 
</code></pre></div>
<div class="codebox"><p>Code: <a href="#" onclick="selectCode(this); return false;">Select all</a></p><pre><code> lspci -k
00:00.0 Host bridge: Intel Corporation 440GX - 82443GX Host bridge
    Kernel driver in use: agpgart-intel
00:01.0 PCI bridge: Intel Corporation 440GX - 82443GX AGP bridge
00:07.0 ISA bridge: Intel Corporation 82371AB/EB/MB PIIX4 ISA (rev 02)
00:07.1 IDE interface: Intel Corporation 82371AB/EB/MB PIIX4 IDE (rev 01)
    Kernel driver in use: ata_piix
00:07.2 USB controller: Intel Corporation 82371AB/EB/MB PIIX4 USB (rev 01)
00:07.3 Bridge: Intel Corporation 82371AB/EB/MB PIIX4 ACPI (rev 02)
    Kernel driver in use: piix4_smbus
00:0e.0 SCSI storage controller: Adaptec AHA-2940U2/U2W / 7890/7891 (rev 01)
    Subsystem: Adaptec 2940U2W SCSI Controller
    Kernel driver in use: aic7xxx
00:0f.0 Ethernet controller: Standard Microsystems Corp [SMC] 83c170 EPIC/100 Fast Ethernet Adapter (rev 08)
    Subsystem: Standard Microsystems Corp [SMC] EtherPower II 10/100
    Kernel driver in use: epic100
00:10.0 Multimedia audio controller: Ensoniq 5880B [AudioPCI] (rev 02)
    Subsystem: Ensoniq Creative SoundBlaster AudioPCI 128
    Kernel driver in use: snd_ens1371
01:00.0 VGA compatible controller: NVIDIA Corporation NV34 [GeForce FX 5500] (rev a1)
</code></pre></div>
<div class="codebox"><p>Code: <a href="#" onclick="selectCode(this); return false;">Select all</a></p><pre><code>lsmod
Module                  Size  Used by
xfs                   554215  0 
libcrc32c              12394  1 xfs
jfs                   162644  0 
r8712u                146541  0 
processor              23494  0 
speedstep_lib          12463  0 
cpufreq_userspace      12477  0 
cpufreq_stats          12694  0 
cpufreq_powersave      12422  0 
cpufreq_conservative    13872  0 
af_packet              34646  2 
parport_pc             30495  1 
ppdev                  12590  0 
lp                     16895  0 
parport                35213  3 lp,ppdev,parport_pc
dm_crypt               22135  0 
dm_mod                 74821  1 dm_crypt
snd_ens1371            22679  1 
snd_rawmidi            22284  1 snd_ens1371
ttm                    59685  0 
snd_seq_device         12980  1 snd_rawmidi
snd_ac97_codec         96144  1 snd_ens1371
drm_kms_helper         63057  0 
ac97_bus               12462  1 snd_ac97_codec
drm                   204183  2 ttm,drm_kms_helper
i2c_algo_bit           12640  0 
intel_agp              13136  1 
intel_gtt              17584  1 intel_agp
i2c_piix4              12585  0 
gameport               13270  1 snd_ens1371
evdev                  17136  3 
psmouse                93985  0 
serio_raw              12737  0 
snd_pcm                70084  2 snd_ac97_codec,snd_ens1371
snd_timer              22010  1 snd_pcm
snd                    55130  8 snd_ac97_codec,snd_timer,snd_pcm,snd_rawmidi,snd_ens1371,snd_seq_device
soundcore              12895  1 snd
pcspkr                 12531  0 
btrfs                 818455  0 
xor                    25716  1 btrfs
raid6_pq               95207  1 btrfs
sg                     29598  0 
aic7xxx               113217  1 
epic100                21406  0 
mii                    12595  1 epic100
scsi_transport_spi     23148  1 aic7xxx
uhci_hcd               30468  0 
ehci_hcd               47854  0 
</code></pre></div>
<div class="codebox"><p>Code: <a href="#" onclick="selectCode(this); return false;">Select all</a></p><pre><code>[    0.000000] Initializing cgroup subsys cpuset
[    0.000000] Initializing cgroup subsys cpu
[    0.000000] Initializing cgroup subsys cpuacct
[    0.000000] Linux version 3.18.1-antix.1-486-smp (root@antix1) (gcc version 4.9.1 (Debian 4.9.1-19) ) #2 SMP Wed Jan 7 19:00:36 EET 2015
[    0.000000] e820: BIOS-provided physical RAM map:
[    0.000000] BIOS-e820: [mem 0x0000000000000000-0x000000000009fbff] usable
[    0.000000] BIOS-e820: [mem 0x000000000009fc00-0x000000000009ffff] reserved
[    0.000000] BIOS-e820: [mem 0x00000000000e0000-0x00000000000fffff] reserved
[    0.000000] BIOS-e820: [mem 0x0000000000100000-0x000000003fffffff] usable
[    0.000000] BIOS-e820: [mem 0x00000000fec00000-0x00000000fec00fff] reserved
[    0.000000] BIOS-e820: [mem 0x00000000fee00000-0x00000000fee00fff] reserved
[    0.000000] BIOS-e820: [mem 0x00000000fffc0000-0x00000000ffffffff] reserved
[    0.000000] Notice: NX (Execute Disable) protection missing in CPU!
[    0.000000] Legacy DMI 2.1 present.
[    0.000000] DMI: To   be   Filled To   be   Filled/Intel 440BX/440GX, BIOS 063100 01/15/99
[    0.000000] e820: update [mem 0x00000000-0x00000fff] usable ==&gt; reserved
[    0.000000] e820: remove [mem 0x000a0000-0x000fffff] usable
[    0.000000] e820: last_pfn = 0x40000 max_arch_pfn = 0x100000
[    0.000000] MTRR default type: uncachable
[    0.000000] MTRR fixed ranges enabled:
[    0.000000]   00000-9FFFF write-back
[    0.000000]   A0000-BFFFF uncachable
[    0.000000]   C0000-C7FFF write-protect
[    0.000000]   C8000-DFFFF uncachable
[    0.000000]   E0000-FFFFF write-protect
[    0.000000] MTRR variable ranges enabled:
[    0.000000]   0 base 000000000 mask FC0000000 write-back
[    0.000000]   1 disabled
[    0.000000]   2 disabled
[    0.000000]   3 disabled
[    0.000000]   4 disabled
[    0.000000]   5 disabled
[    0.000000]   6 disabled
[    0.000000]   7 disabled
[    0.000000] PAT not supported by CPU.
[    0.000000] found SMP MP-table at [mem 0x000fb4c0-0x000fb4cf] mapped at [c00fb4c0]
[    0.000000] initial memory mapped: [mem 0x00000000-0x01bfffff]
[    0.000000] Base memory trampoline at [c009b000] 9b000 size 16384
[    0.000000] init_memory_mapping: [mem 0x00000000-0x000fffff]
[    0.000000]  [mem 0x00000000-0x000fffff] page 4k
[    0.000000] init_memory_mapping: [mem 0x35c00000-0x35ffffff]
[    0.000000]  [mem 0x35c00000-0x35ffffff] page 2M
[    0.000000] init_memory_mapping: [mem 0x30000000-0x35bfffff]
[    0.000000]  [mem 0x30000000-0x35bfffff] page 2M
[    0.000000] init_memory_mapping: [mem 0x00100000-0x2fffffff]
[    0.000000]  [mem 0x00100000-0x003fffff] page 4k
[    0.000000]  [mem 0x00400000-0x2fffffff] page 2M
[    0.000000] init_memory_mapping: [mem 0x36000000-0x377fdfff]
[    0.000000]  [mem 0x36000000-0x373fffff] page 2M
[    0.000000]  [mem 0x37400000-0x377fdfff] page 4k
[    0.000000] BRK [0x018c9000, 0x018c9fff] PGTABLE
[    0.000000] RAMDISK: [mem 0x36216000-0x37102fff]
[    0.000000] ACPI: Early table checksum verification disabled
[    0.000000] ACPI BIOS Error (bug): A valid RSDP was not found (20140926/tbxfroot-242)
[    0.000000] 136MB HIGHMEM available.
[    0.000000] 887MB LOWMEM available.
[    0.000000]   mapped low ram: 0 - 377fe000
[    0.000000]   low ram: 0 - 377fe000
[    0.000000] BRK [0x018ca000, 0x018cafff] PGTABLE
[    0.000000] Zone ranges:
[    0.000000]   DMA      [mem 0x00001000-0x00ffffff]
[    0.000000]   Normal   [mem 0x01000000-0x377fdfff]
[    0.000000]   HighMem  [mem 0x377fe000-0x3fffffff]
[    0.000000] Movable zone start for each node
[    0.000000] Early memory node ranges
[    0.000000]   node   0: [mem 0x00001000-0x0009efff]
[    0.000000]   node   0: [mem 0x00100000-0x3fffffff]
[    0.000000] Initmem setup node 0 [mem 0x00001000-0x3fffffff]
[    0.000000] On node 0 totalpages: 262046
[    0.000000] free_area_init_node: node 0, pgdat c17c11c0, node_mem_map f5a16020
[    0.000000]   DMA zone: 32 pages used for memmap
[    0.000000]   DMA zone: 0 pages reserved
[    0.000000]   DMA zone: 3998 pages, LIFO batch:0
[    0.000000]   Normal zone: 1744 pages used for memmap
[    0.000000]   Normal zone: 223230 pages, LIFO batch:31
[    0.000000]   HighMem zone: 273 pages used for memmap
[    0.000000]   HighMem zone: 34818 pages, LIFO batch:7
[    0.000000] Using APIC driver default
[    0.000000] SFI: Simple Firmware Interface v0.81 http://simplefirmware.org
[    0.000000] Intel MultiProcessor Specification v1.4
[    0.000000]     Virtual Wire compatibility mode.
[    0.000000] MPTABLE: OEM ID: INTEL   
[    0.000000] MPTABLE: Product ID: 440BX       
[    0.000000] MPTABLE: APIC at: 0xFEE00000
[    0.000000] Processor #0 (Bootup-CPU)
[    0.000000] Processor #1
[    0.000000] IOAPIC[0]: apic_id 2, version 17, address 0xfec00000, GSI 0-23
[    0.000000] Processors: 2
[    0.000000] smpboot: Allowing 2 CPUs, 0 hotplug CPUs
[    0.000000] PM: Registered nosave memory: [mem 0x00000000-0x00000fff]
[    0.000000] PM: Registered nosave memory: [mem 0x0009f000-0x0009ffff]
[    0.000000] PM: Registered nosave memory: [mem 0x000a0000-0x000dffff]
[    0.000000] PM: Registered nosave memory: [mem 0x000e0000-0x000fffff]
[    0.000000] e820: [mem 0x40000000-0xfebfffff] available for PCI devices
[    0.000000] Booting paravirtualized kernel on bare hardware
[    0.000000] setup_percpu: NR_CPUS:8 nr_cpumask_bits:8 nr_cpu_ids:2 nr_node_ids:1
[    0.000000] PERCPU: Embedded 14 pages/cpu @f77db000 s27904 r0 d29440 u57344
[    0.000000] pcpu-alloc: s27904 r0 d29440 u57344 alloc=14*4096
[    0.000000] pcpu-alloc: [0] 0 [0] 1 
[    0.000000] Built 1 zonelists in Zone order, mobility grouping on.  Total pages: 260270
[    0.000000] Kernel command line: BOOT_IMAGE=/boot/vmlinuz-3.18.1-antix.1-486-smp root=UUID=f9009783-5715-4abf-af13-0ab9fa522d68 ro
[    0.000000] PID hash table entries: 4096 (order: 2, 16384 bytes)
[    0.000000] Dentry cache hash table entries: 131072 (order: 7, 524288 bytes)
[    0.000000] Inode-cache hash table entries: 65536 (order: 6, 262144 bytes)
[    0.000000] Initializing CPU#0
[    0.000000] allocated 2097144 bytes of page_cgroup
[    0.000000] please try 'cgroup_disable=memory' option if you don't want memory cgroups
[    0.000000] Initializing HighMem for node 0 (000377fe:00040000)
[    0.000000] Initializing Movable for node 0 (00000000:00000000)
[    0.000000] Memory: 1012644K/1048184K available (5856K kernel code, 419K rwdata, 1688K rodata, 496K init, 464K bss, 35540K reserved, 139272K highmem)
[    0.000000] virtual kernel memory layout:
    fixmap  : 0xfff16000 - 0xfffff000   ( 932 kB)
    pkmap   : 0xff800000 - 0xffc00000   (4096 kB)
    vmalloc : 0xf7ffe000 - 0xff7fe000   ( 120 MB)
    lowmem  : 0xc0000000 - 0xf77fe000   ( 887 MB)
      .init : 0xc17ca000 - 0xc1846000   ( 496 kB)
      .data : 0xc15b865a - 0xc17c8c80   (2113 kB)
      .text : 0xc1000000 - 0xc15b865a   (5857 kB)
[    0.000000] Checking if this processor honours the WP bit even in supervisor mode...Ok.
[    0.000000] Hierarchical RCU implementation.
[    0.000000]     RCU restricting CPUs from NR_CPUS=8 to nr_cpu_ids=2.
[    0.000000] RCU: Adjusting geometry for rcu_fanout_leaf=16, nr_cpu_ids=2
[    0.000000] NR_IRQS:2304 nr_irqs:440 0
[    0.000000] CPU 0 irqstacks, hard=f5406000 soft=f5408000
[    0.000000] Console: colour VGA+ 80x25
[    0.000000] console [tty0] enabled
[    0.000000] tsc: Fast TSC calibration using PIT
[    0.000000] tsc: Detected 751.664 MHz processor
[    0.004027] Calibrating delay loop (skipped), value calculated using timer frequency.. 1503.32 BogoMIPS (lpj=3006656)
[    0.004141] pid_max: default: 32768 minimum: 301
[    0.008162] Security Framework initialized
[    0.008236] AppArmor: AppArmor disabled by boot time parameter
[    0.008292] Yama: becoming mindful.
[    0.008424] Mount-cache hash table entries: 2048 (order: 1, 8192 bytes)
[    0.008486] Mountpoint-cache hash table entries: 2048 (order: 1, 8192 bytes)
[    0.009446] Initializing cgroup subsys memory
[    0.009559] Initializing cgroup subsys devices
[    0.009624] Initializing cgroup subsys freezer
[    0.009688] Initializing cgroup subsys net_cls
[    0.009754] Initializing cgroup subsys blkio
[    0.009816] Initializing cgroup subsys perf_event
[    0.009988] Last level iTLB entries: 4KB 32, 2MB 0, 4MB 2
Last level dTLB entries: 4KB 64, 2MB 0, 4MB 8, 1GB 0
[    0.010385] Freeing SMP alternatives memory: 28K (c1846000 - c184d000)
[    0.013054] Enabling APIC mode:  Flat.  Using 1 I/O APICs
[    0.013469] ExtINT not setup in hardware but reported by MP table
[    0.014904] ..TIMER: vector=0x30 apic1=0 pin1=2 apic2=0 pin2=0
[    0.054676] smpboot: CPU0: Intel Pentium III (Coppermine) (fam: 06, model: 08, stepping: 06)
[    0.160103] Performance Events: p6 PMU driver.
[    0.160206] ... version:                0
[    0.160259] ... bit width:              32
[    0.160311] ... generic registers:      2
[    0.160363] ... value mask:             00000000ffffffff
[    0.160417] ... max period:             000000007fffffff
[    0.160470] ... fixed-purpose events:   0
[    0.160522] ... event mask:             0000000000000003
[    0.161941] CPU 1 irqstacks, hard=f5490000 soft=f5492000
[    0.161954] x86: Booting SMP configuration:
[    0.162018] .... node  #0, CPUs:      #1
[    0.008000] Initializing CPU#1
[    0.256092] x86: Booted up 1 node, 2 CPUs
[    0.256252] smpboot: Total of 2 processors activated (3006.89 BogoMIPS)
[    0.258009] devtmpfs: initialized
[    0.260180] pinctrl core: initialized pinctrl subsystem
[    0.260834] NET: Registered protocol family 16
[    0.272031] cpuidle: using governor ladder
[    0.284027] cpuidle: using governor menu
[    0.327270] PCI: PCI BIOS revision 2.10 entry at 0xfdb81, last bus=1
[    0.327339] PCI: Using configuration type 1 for base access
[    0.327739] mtrr: your CPUs had inconsistent variable MTRR settings
[    0.327797] mtrr: probably your BIOS does not setup all CPUs.
[    0.327851] mtrr: corrected configuration.
[    0.344668] ACPI: Interpreter disabled.
[    0.344668] vgaarb: loaded
[    0.344668] SCSI subsystem initialized
[    0.344706] libata version 3.00 loaded.
[    0.344940] usbcore: registered new interface driver usbfs
[    0.345044] usbcore: registered new interface driver hub
[    0.345144] usbcore: registered new device driver usb
[    0.345481] PCI: Probing PCI hardware
[    0.345481] PCI: root bus 00: using default resources
[    0.345481] PCI: Probing PCI hardware (bus 00)
[    0.345481] PCI host bridge to bus 0000:00
[    0.345481] pci_bus 0000:00: root bus resource [io  0x0000-0xffff]
[    0.345481] pci_bus 0000:00: root bus resource [mem 0x00000000-0xffffffff]
[    0.345481] pci_bus 0000:00: No busn resource found for root bus, will use [bus 00-ff]
[    0.345481] pci 0000:00:00.0: [8086:71a0] type 00 class 0x060000
[    0.348048] pci 0000:00:00.0: reg 0x10: [mem 0xf8000000-0xfbffffff pref]
[    0.348263] pci 0000:00:01.0: [8086:71a1] type 01 class 0x060400
[    0.348454] pci 0000:00:07.0: [8086:7110] type 00 class 0x060100
[    0.348681] pci 0000:00:07.1: [8086:7111] type 00 class 0x010180
[    0.348741] pci 0000:00:07.1: reg 0x20: [io  0xffa0-0xffaf]
[    0.348773] pci 0000:00:07.1: legacy IDE quirk: reg 0x10: [io  0x01f0-0x01f7]
[    0.348835] pci 0000:00:07.1: legacy IDE quirk: reg 0x14: [io  0x03f6]
[    0.348895] pci 0000:00:07.1: legacy IDE quirk: reg 0x18: [io  0x0170-0x0177]
[    0.348957] pci 0000:00:07.1: legacy IDE quirk: reg 0x1c: [io  0x0376]
[    0.349167] pci 0000:00:07.2: [8086:7112] type 00 class 0x0c0300
[    0.349228] pci 0000:00:07.2: reg 0x20: [io  0xef80-0xef9f]
[    0.349402] pci 0000:00:07.3: [8086:7113] type 00 class 0x068000
[    0.349412] * Found PM-Timer Bug on the chipset. Due to workarounds for a bug,
* this clock source is slow. Consider trying other clock sources
[    0.349579] pci 0000:00:07.3: quirk: [io  0x0400-0x043f] claimed by PIIX4 ACPI
[    0.349652] pci 0000:00:07.3: quirk: [io  0x0440-0x044f] claimed by PIIX4 SMB
[    0.349717] pci 0000:00:07.3: PIIX4 devres B PIO at 0290-0297
[    0.349946] pci 0000:00:0e.0: [9005:001f] type 00 class 0x010000
[    0.349974] pci 0000:00:0e.0: reg 0x10: [io  0xe800-0xe8ff]
[    0.349998] pci 0000:00:0e.0: reg 0x14: [mem 0xfebff000-0xfebfffff 64bit]
[    0.350040] pci 0000:00:0e.0: reg 0x30: [mem 0xfebc0000-0xfebdffff pref]
[    0.350221] pci 0000:00:0f.0: [10b8:0005] type 00 class 0x020000
[    0.350248] pci 0000:00:0f.0: reg 0x10: [io  0xe400-0xe4ff]
[    0.350267] pci 0000:00:0f.0: reg 0x14: [mem 0xfebfe000-0xfebfefff]
[    0.350316] pci 0000:00:0f.0: reg 0x30: [mem 0xfebe0000-0xfebeffff pref]
[    0.350355] pci 0000:00:0f.0: supports D1 D2
[    0.350365] pci 0000:00:0f.0: PME# supported from D1 D2 D3hot D3cold
[    0.350558] pci 0000:00:10.0: [1274:5880] type 00 class 0x040100
[    0.350586] pci 0000:00:10.0: reg 0x10: [io  0xef00-0xef3f]
[    0.350674] pci 0000:00:10.0: supports D2
[    0.350937] pci 0000:01:00.0: [10de:0326] type 00 class 0x030000
[    0.350966] pci 0000:01:00.0: reg 0x10: [mem 0xfd000000-0xfdffffff]
[    0.350985] pci 0000:01:00.0: reg 0x14: [mem 0xe8000000-0xefffffff pref]
[    0.351031] pci 0000:01:00.0: reg 0x30: [mem 0xfeae0000-0xfeafffff pref]
[    0.351192] vgaarb: setting as boot device: PCI:0000:01:00.0
[    0.351253] vgaarb: device added: PCI:0000:01:00.0,decodes=io+mem,owns=io+mem,locks=none
[    0.351385] pci 0000:00:01.0: PCI bridge to [bus 01]
[    0.351447] pci 0000:00:01.0:   bridge window [io  0xd000-0xdfff]
[    0.351459] pci 0000:00:01.0:   bridge window [mem 0xfca00000-0xfeafffff]
[    0.351471] pci 0000:00:01.0:   bridge window [mem 0xe4800000-0xf48fffff pref]
[    0.351490] pci_bus 0000:00: busn_res: [bus 00-ff] end is updated to 01
[    0.351661] PCI: pci_cache_line_size set to 32 bytes
[    0.351714] e820: reserve RAM buffer [mem 0x0009fc00-0x0009ffff]
[    0.352315] NetLabel: Initializing
[    0.352375] NetLabel:  domain hash size = 128
[    0.352427] NetLabel:  protocols = UNLABELED CIPSOv4
[    0.352527] NetLabel:  unlabeled traffic allowed by default
[    0.352831] Switched to clocksource refined-jiffies
[    0.360269] pnp: PnP ACPI: disabled
[    0.360483] pci 0000:00:01.0: PCI bridge to [bus 01]
[    0.360546] pci 0000:00:01.0:   bridge window [io  0xd000-0xdfff]
[    0.360612] pci 0000:00:01.0:   bridge window [mem 0xfca00000-0xfeafffff]
[    0.360676] pci 0000:00:01.0:   bridge window [mem 0xe4800000-0xf48fffff pref]
[    0.360752] pci_bus 0000:00: resource 4 [io  0x0000-0xffff]
[    0.360762] pci_bus 0000:00: resource 5 [mem 0x00000000-0xffffffff]
[    0.360772] pci_bus 0000:01: resource 0 [io  0xd000-0xdfff]
[    0.360781] pci_bus 0000:01: resource 1 [mem 0xfca00000-0xfeafffff]
[    0.360791] pci_bus 0000:01: resource 2 [mem 0xe4800000-0xf48fffff pref]
[    0.360944] NET: Registered protocol family 2
[    0.361804] TCP established hash table entries: 8192 (order: 3, 32768 bytes)
[    0.361974] TCP bind hash table entries: 8192 (order: 4, 65536 bytes)
[    0.364132] TCP: Hash tables configured (established 8192 bind 8192)
[    0.364387] TCP: reno registered
[    0.364460] UDP hash table entries: 512 (order: 2, 16384 bytes)
[    0.364580] UDP-Lite hash table entries: 512 (order: 2, 16384 bytes)
[    0.365030] NET: Registered protocol family 1
[    0.365221] pci 0000:00:07.2: can't find IRQ for PCI INT D; probably buggy MP table
[    0.365361] pci 0000:01:00.0: Video device with shadowed ROM
[    0.365371] PCI: CLS 32 bytes, default 32
[    0.365609] Trying to unpack rootfs image as initramfs...
[    1.706247] Freeing initrd memory: 15284K (f6216000 - f7103000)
[    1.706412] platform rtc_cmos: registered platform RTC device (no PNP device found)
[    1.706412] microcode: CPU0 sig=0x686, pf=0x1, revision=0x7
[    1.706546] microcode: CPU1 sig=0x686, pf=0x1, revision=0x7
[    1.706546] microcode: Microcode Update Driver: v2.00 &lt;tigran@aivazian.fsnet.co.uk&gt;, Peter Oruba
[    1.708900] futex hash table entries: 512 (order: 3, 32768 bytes)
[    1.709074] audit: initializing netlink subsys (disabled)
[    1.709225] audit: type=2000 audit(1422857058.708:1): initialized
[    1.710052] HugeTLB registered 4 MB page size, pre-allocated 0 pages
[    1.710052] zpool: loaded
[    1.710052] zbud: loaded
[    1.710052] VFS: Disk quotas dquot_6.5.2
[    1.710052] Dquot-cache hash table entries: 1024 (order 0, 4096 bytes)
[    1.712243] squashfs: version 4.0 (2009/01/31) Phillip Lougher
[    1.712504] ntfs: driver 2.1.31 [Flags: R/W].
[    1.712615] fuse init (API version 7.23)
[    1.713135] aufs 3.18.1+-20150106
[    1.713209] msgmni has been set to 1735
[    1.716135] alg: No test for stdrng (krng)
[    1.716202] bounce: pool size: 64 pages
[    1.716306] Block layer SCSI generic (bsg) driver version 0.4 loaded (major 252)
[    1.716523] io scheduler noop registered
[    1.716583] io scheduler deadline registered
[    1.716711] io scheduler cfq registered (default)
[    1.717180] pci_hotplug: PCI Hot Plug PCI Core version: 0.5
[    1.717311] pciehp: PCI Express Hot Plug Controller Driver version: 0.4
[    1.717573] Serial: 8250/16550 driver, 4 ports, IRQ sharing enabled
[    1.736127] platform serial8250: ttyS0 at I/O 0x3f8 (irq = 4, base_baud = 115200) is a 16550A
[    1.756111] platform serial8250: ttyS1 at I/O 0x2f8 (irq = 3, base_baud = 115200) is a 16550A
[    1.757128] Linux agpgart interface v0.103
[    1.760157] intel_idle: does not run on family 6 model 8
[    1.765846] brd: module loaded
[    1.768916] loop: module loaded
[    1.769703] ata_piix 0000:00:07.1: version 2.13
[    1.771013] scsi host0: ata_piix
[    1.771013] scsi host1: ata_piix
[    1.771013] ata1: PATA max UDMA/33 cmd 0x1f0 ctl 0x3f6 bmdma 0xffa0 irq 14
[    1.771013] ata2: PATA max UDMA/33 cmd 0x170 ctl 0x376 bmdma 0xffa8 irq 15
[    1.774017] libphy: Fixed MDIO Bus: probed
[    1.774188] usbcore: registered new interface driver usb-storage
[    1.774306] usbcore: registered new interface driver ums-realtek
[    1.774460] i8042: PNP: No PS/2 controller found. Probing ports directly.
[    1.777200] serio: i8042 KBD port at 0x60,0x64 irq 1
[    1.777275] serio: i8042 AUX port at 0x60,0x64 irq 12
[    1.777873] mousedev: PS/2 mouse device common for all mice
[    1.778385] rtc_cmos rtc_cmos: rtc core: registered rtc_cmos as rtc0
[    1.778507] rtc_cmos rtc_cmos: alarms up to one day, 114 bytes nvram
[    1.780184] hidraw: raw HID events driver (C) Jiri Kosina
[    1.780833] usbcore: registered new interface driver usbhid
[    1.780891] usbhid: USB HID core driver
[    1.781227] TCP: cubic registered
[    1.781417] NET: Registered protocol family 10
[    1.781994] Key type dns_resolver registered
[    1.781994] Using IPI No-Shortcut mode
[    1.781994] registered taskstats version 1
[    1.784237] hd: no drives specified - use hd=cyl,head,sectors on kernel command line
[    1.784408] rtc_cmos rtc_cmos: setting system clock to 2015-02-02 06:04:19 UTC (1422857059)
[    1.800312] input: AT Translated Set 2 keyboard as /devices/platform/i8042/serio0/input/input0
[    1.944423] ata1.00: ATAPI: CD-ROM 52X/AKH, A64, max MWDMA2
[    1.960272] ata1.00: configured for MWDMA2
[    1.960411] scsi 0:0:0:0: CD-ROM            E-IDE    CD-ROM 52X/AKH   A64  PQ: 0 ANSI: 5
[    1.976252] sr 0:0:0:0: [sr0] scsi3-mmc drive: 4x/52x cd/rw xa/form2 cdda tray
[    1.976252] cdrom: Uniform CD-ROM driver Revision: 3.20
[    1.976481] sr 0:0:0:0: Attached scsi CD-ROM sr0
[    1.982251] Freeing unused kernel memory: 496K (c17ca000 - c1846000)
[    1.982540] Write protecting the kernel text: 5860k
[    1.982727] Write protecting the kernel read-only data: 1692k
[    2.177061] systemd-udevd[71]: starting version 215
[    2.179090] random: systemd-udevd urandom read with 2 bits of entropy available
[    2.225505] ehci_hcd: USB 2.0 'Enhanced' Host Controller (EHCI) Driver
[    2.228294] uhci_hcd: USB Universal Host Controller Interface driver
[    2.228604] uhci_hcd 0000:00:07.2: can't find IRQ for PCI INT D; probably buggy MP table
[    2.228700] uhci_hcd 0000:00:07.2: Found HC with no IRQ. Check BIOS/PCI 0000:00:07.2 setup!
[    2.228789] uhci_hcd 0000:00:07.2: init 0000:00:07.2 fail, -19
[    2.243769] epic100.c:v1.11 1/7/2001 Written by Donald Becker &lt;becker@scyld.com&gt;  (unofficial 2.4.x kernel port, version 2.1, Sept 11, 2006)
[    2.244067] epic100 0000:00:0f.0: can't find IRQ for PCI INT A; probably buggy MP table
[    2.244354] epic100 0000:00:0f.0: MII transceiver #3 control 3000 status 7809.
[    2.245265] epic100 0000:00:0f.0: Autonegotiation advertising 01e1 link partner 0001.
[    2.246075] epic100 0000:00:0f.0 eth0: SMSC EPIC/100 83c170 at e400, IRQ 10, 00:e0:29:36:17:62
[    2.247358] aic7xxx 0000:00:0e.0: can't find IRQ for PCI INT A; probably buggy MP table
[    2.477033] sr 0:0:0:0: Attached scsi generic sg0 type 5
[    2.704229] Switched to clocksource tsc
[   17.497792] scsi host2: Adaptec AIC7XXX EISA/VLB/PCI SCSI HBA DRIVER, Rev 7.0
        &lt;Adaptec aic7890/91 Ultra2 SCSI adapter&gt;
        aic7890/91: Ultra2 Wide Channel A, SCSI Id=7, 32/253 SCBs

[   17.511549] scsi 2:0:0:0: Direct-Access     SEAGATE  ST32151N         0284 PQ: 0 ANSI: 2
[   17.511652] scsi2:A:0:0: Tagged Queuing enabled.  Depth 4
[   17.511780] scsi target2:0:0: Beginning Domain Validation
[   17.528801] scsi target2:0:0: FAST-10 SCSI 10.0 MB/s ST (100 ns, offset 15)
[   17.541088] scsi target2:0:0: Domain Validation skipping write tests
[   17.541150] scsi target2:0:0: Ending Domain Validation
[   17.551629] scsi 2:0:1:0: Direct-Access     SEAGATE  ST39216W         0005 PQ: 0 ANSI: 3
[   17.551716] scsi2:A:1:0: Tagged Queuing enabled.  Depth 4
[   17.551824] scsi target2:0:1: Beginning Domain Validation
[   17.557532] scsi target2:0:1: wide asynchronous
[   17.561747] scsi target2:0:1: FAST-20 WIDE SCSI 40.0 MB/s ST (50 ns, offset 31)
[   17.565374] scsi target2:0:1: Domain Validation skipping write tests
[   17.565436] scsi target2:0:1: Ending Domain Validation
[   18.081678] scsi 2:0:4:0: Direct-Access     SEAGATE  ST318453LW       0006 PQ: 0 ANSI: 3
[   18.081779] scsi2:A:4:0: Tagged Queuing enabled.  Depth 4
[   18.081893] scsi target2:0:4: Beginning Domain Validation
[   18.084937] scsi target2:0:4: wide asynchronous
[   18.087082] scsi target2:0:4: FAST-40 WIDE SCSI 80.0 MB/s ST (25 ns, offset 63)
[   18.088682] scsi target2:0:4: Domain Validation skipping write tests
[   18.088746] scsi target2:0:4: Ending Domain Validation
[   20.656708] sd 2:0:0:0: Attached scsi generic sg1 type 0
[   20.658717] sd 2:0:1:0: Attached scsi generic sg2 type 0
[   20.660889] sd 2:0:4:0: Attached scsi generic sg3 type 0
[   20.662359] sd 2:0:4:0: [sdc] 35843686 512-byte logical blocks: (18.3 GB/17.0 GiB)
[   20.662828] sd 2:0:1:0: [sdb] 17942584 512-byte logical blocks: (9.18 GB/8.55 GiB)
[   20.663308] sd 2:0:0:0: [sda] 4197405 512-byte logical blocks: (2.14 GB/2.00 GiB)
[   20.663613] sd 2:0:4:0: [sdc] Write Protect is off
[   20.663674] sd 2:0:4:0: [sdc] Mode Sense: ab 00 10 08
[   20.664869] sd 2:0:1:0: [sdb] Write Protect is off
[   20.664934] sd 2:0:1:0: [sdb] Mode Sense: 9f 00 10 08
[   20.665134] sd 2:0:4:0: [sdc] Write cache: enabled, read cache: enabled, supports DPO and FUA
[   20.666761] sd 2:0:1:0: [sdb] Write cache: disabled, read cache: enabled, supports DPO and FUA
[   20.667922] sd 2:0:0:0: [sda] Write Protect is off
[   20.668017] sd 2:0:0:0: [sda] Mode Sense: 87 00 10 08
[   20.672829] sd 2:0:0:0: [sda] Write cache: enabled, read cache: enabled, supports DPO and FUA
[   20.693068]  sdc: sdc1 sdc2 sdc3 &lt; sdc5 &gt;
[   20.698178] sd 2:0:4:0: [sdc] Attached SCSI disk
[   20.714026]  sda: sda1
[   20.730102]  sdb: sdb1 sdb2 sdb3 &lt; sdb5 sdb6 &gt;
[   20.730452] sd 2:0:0:0: [sda] Attached SCSI disk
[   20.737021] sd 2:0:1:0: [sdb] Attached SCSI disk
[   21.275590] random: nonblocking pool is initialized
[   21.650056] raid6: mmxx1      708 MB/s
[   21.718023] raid6: mmxx2      877 MB/s
[   21.786105] raid6: sse1x1     644 MB/s
[   21.854072] raid6: sse1x2     875 MB/s
[   21.922157] raid6: int32x1    238 MB/s
[   21.990068] raid6: int32x2    301 MB/s
[   22.058241] raid6: int32x4    238 MB/s
[   22.126099] raid6: int32x8    234 MB/s
[   22.126152] raid6: using algorithm mmxx2 (877 MB/s)
[   22.126205] raid6: using intx1 recovery algorithm
[   22.128273] xor: measuring software checksum speed
[   22.166055]    pIII_sse  :  1535.000 MB/sec
[   22.206059]    prefetch64-sse:  1751.000 MB/sec
[   22.206116] xor: using function: prefetch64-sse (1751.000 MB/sec)
[   22.245165] Btrfs loaded
[   24.990325] systemd-udevd[285]: starting version 215
[   25.567731] input: PC Speaker as /devices/platform/pcspkr/input/input2
[   26.035797] Error: Driver 'pcspkr' is already registered, aborting...
[   26.117687] ACPI Exception: AE_BAD_PARAMETER, Thread 4118373680 could not acquire Mutex [0x1] (20140926/utmutex-285)
[   26.117869] piix4_smbus 0000:00:07.3: SMBus Host Controller at 0x440, revision 0
[   26.164822] psmouse serio1: hgpk: ID: 10 00 64
[   26.209742] agpgart-intel 0000:00:00.0: Intel 440GX Chipset
[   26.219481] agpgart-intel 0000:00:00.0: AGP aperture is 64M @ 0xf8000000
[   26.275237] [drm] Initialized drm 1.1.0 20060810
[   26.449545] snd_ens1371 0000:00:10.0: can't find IRQ for PCI INT A; probably buggy MP table
[   26.801254] input: ImPS/2 Logitech Wheel Mouse as /devices/platform/i8042/serio1/input/input3
[   37.378670] device-mapper: uevent: version 1.0.3
[   37.379098] device-mapper: ioctl: 4.28.0-ioctl (2014-09-17) initialised: dm-devel@redhat.com
[   37.991276] lp: driver loaded but no devices found
[   38.037450] ppdev: user-space parallel port driver
[   38.081853] parport0: PC-style at 0x378 [PCSPP,TRISTATE]
[   38.082136] parport0: irq 0 detected
[   38.187007] lp0: using parport0 (polling).
[   38.187099] lp0: console ready
[   40.366097] NET: Registered protocol family 17
[  172.617913] r8712u: module is from the staging directory, the quality is unknown, you have been warned.
[  172.624688] usbcore: registered new interface driver r8712u
[  502.894864] JFS: nTxBlock = 8034, nTxLock = 64278
[  503.050308] SGI XFS with ACLs, security attributes, realtime, no debug enabled</code></pre></div></div>
</div>
</div>

</div>
</div>
<div id="p_39412" class="post has-profile bg1">
<div class="inner">
<dl class="postprofile" id="profile39412">
<dt class="no-profile-rank has-avatar avatar-username">
<div class="avatar-username-inner">
<div class="thread-user-detail">
<div class="detail-title-numposts"><span class="detail-title-numposts">Posts: 4,164</span></div>

</div>
</div>
<span class="username">rokytnji</span>
</dt>
<dd class="profile-joined">Joined: 20 Feb 2009</dd>
</dl>
<div class="postbody">
<div id="post_content39412">

<time datetime="2015-02-02T12:31">posted: 2015-02-02 &nbsp; 12:31</time>
<span class="permalink"><a href="./antix-14r5-fail-i9-error-with-usb-1-0-dual-p-iii-s-t5495.html#p39412" title="permalink">#12</a></span>

<div class="content">The command for finding usb is<br>
<div class="codebox"><p>Code: <a href="#" onclick="selectCode(this); return false;">Select all</a></p><pre><code>lsusb</code></pre></div>
<div class="codebox"><p>Code: <a href="#" onclick="selectCode(this); return false;">Select all</a></p><pre><code>lsusb -v</code></pre></div>
<div class="codebox"><p>Code: <a href="#" onclick="selectCode(this); return false;">Select all</a></p><pre><code>lsusb -t</code></pre></div>
At least. That is how I go about looking to see what is connected to my pcmcia 4 port combo card bus.<br>
<br>
psst. <br>
<blockquote class="uncited"><div> [ 172.617913] r8712u: module is from the staging directory, the quality is unknown, you have been warned.<br>
172.624688] usbcore: registered new interface driver r8712u</div></blockquote>
Oh yeah. Every once in while when I trouble shoot wifi<br>
<div class="codebox"><p>Code: <a href="#" onclick="selectCode(this); return false;">Select all</a></p><pre><code>dmesg | tail</code></pre></div>
tells me stuff also.</div>
</div>
</div>

</div>
</div>
<div id="p_39413" class="post has-profile bg2">
<div class="inner">
<dl class="postprofile" id="profile39413">
<dt class="no-profile-rank has-avatar avatar-username">
<div class="avatar-username-inner">
<div class="thread-user-detail">
<div class="detail-title-numposts"><span class="detail-title-numposts">Posts: 604</span></div>

</div>
</div>
<span class="username">thriftee</span>
</dt>
<dd class="profile-joined">Joined: 27 Feb 2009</dd>
</dl>
<div class="postbody">
<div id="post_content39413">

<time datetime="2015-02-02T15:01">posted: 2015-02-02 &nbsp; 15:01</time>
<span class="permalink"><a href="./antix-14r5-fail-i9-error-with-usb-1-0-dual-p-iii-s-t5495.html#p39413" title="permalink">#13</a></span>

<div class="content">Thanks for looking, Roky...<br>
<br>
Yes,I did that but didn't think to paste it because it says there is none when I'm booted with antiX. I'll fire it up and get the exact text in a little bit after I get some coffee, and get permission to tape down the wires over the carpet again, LOL<br>
<br>
Can you point me to someplace I would find learning info for me to learn hot to take an existing kernel, like antiX or Slacko, or Slitaz, and learn how to get the source, change it, recompile it, and test the changes? I'm guessing you might know? Thanks <span class="emoticon"> __{{emoticon}}__ </span></div>
</div>
</div>

</div>
</div>
<div id="p_39414" class="post has-profile bg1">
<div class="inner">
<dl class="postprofile" id="profile39414">
<dt class="no-profile-rank has-avatar avatar-username">
<div class="avatar-username-inner">
<div class="thread-user-detail">
<div class="detail-title-numposts"><span class="detail-title-numposts">Posts: 850</span></div>

</div>
</div>
<span class="username">fatmac</span>
</dt>
<dd class="profile-joined">Joined: 26 Jul 2012</dd>
</dl>
<div class="postbody">
<div id="post_content39414">

<time datetime="2015-02-02T16:21">posted: 2015-02-02 &nbsp; 16:21</time>
<span class="permalink"><a href="./antix-14r5-fail-i9-error-with-usb-1-0-dual-p-iii-s-t5495.html#p39414" title="permalink">#14</a></span>

<div class="content">These might help.<br>
<br>

<br>========= SCRAPER REMOVED AN EMBEDDED LINK HERE ===========<br>url was:"http://www.linuxdocs.org/HOWTOs/Kernel-HOWTO.html"<br>linktext was:"http://www.linuxdocs.org/HOWTOs/Kernel-HOWTO.html"<br>====================================<br>
<br>

<br>========= SCRAPER REMOVED AN EMBEDDED LINK HERE ===========<br>url was:"http://www.kroah.com/lkn/"<br>linktext was:"http://www.kroah.com/lkn/"<br>====================================<br>
</div>
</div>
</div>

</div>
</div>
<div id="p_39415" class="post has-profile bg2">
<div class="inner">
<dl class="postprofile" id="profile39415">
<dt class="no-profile-rank has-avatar avatar-username">
<div class="avatar-username-inner">
<div class="thread-user-detail">
<div class="detail-title-numposts"><span class="detail-title-numposts">Posts: 604</span></div>

</div>
</div>
<span class="username">thriftee</span>
</dt>
<dd class="profile-joined">Joined: 27 Feb 2009</dd>
</dl>
<div class="postbody">
<div id="post_content39415">

<time datetime="2015-02-02T16:49">posted: 2015-02-02 &nbsp; 16:49</time>
<span class="permalink"><a href="./antix-14r5-fail-i9-error-with-usb-1-0-dual-p-iii-s-t5495.html#p39415" title="permalink">#15</a></span>

<div class="content">Here is the output of lsusb....<br>
<div class="codebox"><p>Code: <a href="#" onclick="selectCode(this); return false;">Select all</a></p><pre><code> lsusb
unable to initialize libusb: -99
</code></pre></div>
Thanks, fatmac... I'll go have a look.<br>
<br>
BTW, other than the usb problem, the 14r5 is running fine on the old Dual P III 750. I'll have to try a video, though. That might be interesting...<br>
<br>
As soon as I changed flashplayer to never activate, it played just fine in html5. Not too shabby for an old Frankenstein creation</div>
</div>
</div>

</div>
</div>
</div>
<div class="action-bar bar-bottom">

<div class="pagination">
19 posts
<ul>
<li class="active"><span>1</span></li>
<li><a class="button" href="./antix-14r5-fail-i9-error-with-usb-1-0-dual-p-iii-s-t5495-s15.html" role="button">2</a></li>
<li class="arrow next"><a class="button button-icon-only" href="./antix-14r5-fail-i9-error-with-usb-1-0-dual-p-iii-s-t5495-s15.html" rel="next" role="button"><span class="sr-only">Next</span></a></li>
</ul>
</div>
</div>
</div>
</div>
</div>
<div class="scrollToTopText"><a href="#top">goto top of page</a></div>

</div>
</body></html>
