<!DOCTYPE html>
<html dir="ltr" lang="en-gb">
<head>
<meta charset="utf-8" />
<meta http-equiv="X-UA-Compatible" content="IE=edge">
<meta name="viewport" content="width=device-width, initial-scale=1, maximum-scale=1.0, user-scalable=no" />
<title>New Installation of 64 bit V 16 produced strange results - antiX oldforums archive</title>
   
<link rel="stylesheet" href="../aaa_style.css">
<script type="text/javascript" src ="../aaa_oldforums.js"></script>
</head>
<body>
<div id="wrap" class="wrap">
<a id="top" class="top-anchor" accesskey="t"></a>

<div id="inner-wrap">
<ul id="nav-breadcrumbs" class="nav-breadcrumbs linklist navlinks clear-after" role="menubar">
<li class="scroll-breadcrumbs breadcrumbs">
<span class="crumb"><a href="./index.html" accesskey="h" data-navbar-reference="index"><span>antiX - oldforums archive</span></a> &raquo;&raquo; </span>

<span class="crumb"><a href="./official-releases-f42/index.html"><span>Official releases</span></a> &raquo;&raquo; </span>

<span class="crumb"><a href="./antix-16-berta-caceres-f58/index.html"><span>antiX-16 Berta Cáceres</span></a></span>
</li>
</ul>

<div id="page-body" class="page-body" role="main">
<div class="postprofile_container postprofile_Left">
<div>
<div class="topictitleheader"><span class="statictopictitle">topic title: </span><span class="topic-titleb"><a href="./new-installation-of-64-bit-v-16-produced-strange-r-t6790.html">New Installation of 64 bit V 16 produced strange results</a></div>
<div class="pagination">
14 posts
&bull; Page <strong>1</strong> of <strong>1</strong>
</div>
</div>


<div class="viewtopic_wrapper">
<div id="p_49758" class="post has-profile bg2">
<div class="inner">
<dl class="postprofile" id="profile49758">
<dt class="no-profile-rank has-avatar avatar-username">
<div class="avatar-username-inner">
<div class="thread-user-detail">
<div class="detail-title-numposts"><span class="detail-title-numposts">Posts: 34</span></div>

</div>
</div>
<span class="username">INOV8TN</span>
</dt>
<dd class="profile-joined">Joined: 10 Oct 2016</dd>
</dl>
<div class="postbody">
<div id="post_content49758">
<time datetime="2017-01-12T21:03">posted: 2017-01-12 &nbsp; 21:03</time>
<span class="permalink"><a href="./new-installation-of-64-bit-v-16-produced-strange-r-t6790.html#p49758" title="permalink">#1</a></span>

<div class="content">I seem to be collecting 15daemon errors regardless of machine.<br>
<br>
Now during the suggested update after the install.<br>
<br>
Note: There were two times I was asked about the config file and each time I took the outdated version because it seemed that it was more up-to-date.<br>
<br>
I grabbed the Terminal for the update (via Synaptic):<br>
<div class="codebox"><p>Code: <a href="#" onclick="selectCode(this); return false;">Select all</a></p><pre><code>(synaptic:4688): GLib-CRITICAL **: g_child_watch_add_full: assertion 'pid &gt; 0' failed
Extracting templates from packages: 100%
Preconfiguring packages ...
(Reading database ... 114903 files and directories currently installed.)
Preparing to unpack .../base-files_8+deb8u6_amd64.deb ...
Unpacking base-files (8+deb8u6) over (8+deb8u5) ...
Processing triggers for man-db (2.7.0.2-5) ...
Setting up base-files (8+deb8u6) ...
Installing new version of config file /etc/debian_version ...
(Reading database ... 114903 files and directories currently installed.)
Preparing to unpack .../libc-bin_2.19-18+deb8u6_amd64.deb ...
Unpacking libc-bin (2.19-18+deb8u6) over (2.19-18+deb8u4) ...
Processing triggers for man-db (2.7.0.2-5) ...
Setting up libc-bin (2.19-18+deb8u6) ...
(Reading database ... 114903 files and directories currently installed.)
Preparing to unpack .../libc6_2.19-18+deb8u6_amd64.deb ...
Unpacking libc6:amd64 (2.19-18+deb8u6) over (2.19-18+deb8u4) ...
Setting up libc6:amd64 (2.19-18+deb8u6) ...
Processing triggers for libc-bin (2.19-18+deb8u6) ...
(Reading database ... 114903 files and directories currently installed.)
Preparing to unpack .../e2fslibs_1.42.12-2_amd64.deb ...
Unpacking e2fslibs:amd64 (1.42.12-2) over (1.42.12-1.1) ...
Setting up e2fslibs:amd64 (1.42.12-2) ...
Processing triggers for libc-bin (2.19-18+deb8u6) ...
(Reading database ... 114903 files and directories currently installed.)
Preparing to unpack .../e2fsprogs_1.42.12-2_amd64.deb ...
Unpacking e2fsprogs (1.42.12-2) over (1.42.12-1.1) ...
Processing triggers for man-db (2.7.0.2-5) ...
Setting up e2fsprogs (1.42.12-2) ...
(Reading database ... 114903 files and directories currently installed.)
Preparing to unpack .../libperl5.20_5.20.2-3+deb8u6_amd64.deb ...
Unpacking libperl5.20 (5.20.2-3+deb8u6) over (5.20.2-3+deb8u5) ...
Preparing to unpack .../perl_5.20.2-3+deb8u6_amd64.deb ...
Unpacking perl (5.20.2-3+deb8u6) over (5.20.2-3+deb8u5) ...
Preparing to unpack .../perl-base_5.20.2-3+deb8u6_amd64.deb ...
Unpacking perl-base (5.20.2-3+deb8u6) over (5.20.2-3+deb8u5) ...
Processing triggers for man-db (2.7.0.2-5) ...
Setting up perl-base (5.20.2-3+deb8u6) ...
(Reading database ... 114903 files and directories currently installed.)
Preparing to unpack .../perl-modules_5.20.2-3+deb8u6_all.deb ...
Unpacking perl-modules (5.20.2-3+deb8u6) over (5.20.2-3+deb8u5) ...
Preparing to unpack .../tar_1.27.1-2+deb8u1_amd64.deb ...
Unpacking tar (1.27.1-2+deb8u1) over (1.27.1-2+b1) ...
Processing triggers for mime-support (3.58) ...
Processing triggers for man-db (2.7.0.2-5) ...
Setting up tar (1.27.1-2+deb8u1) ...
(Reading database ... 114903 files and directories currently installed.)
Preparing to unpack .../libapt-pkg4.12_1.0.9.8.4_amd64.deb ...
Unpacking libapt-pkg4.12:amd64 (1.0.9.8.4) over (1.0.9.8.3) ...
Setting up libapt-pkg4.12:amd64 (1.0.9.8.4) ...
Processing triggers for libc-bin (2.19-18+deb8u6) ...
(Reading database ... 114903 files and directories currently installed.)
Preparing to unpack .../gpgv_1.4.18-7+deb8u3_amd64.deb ...
Unpacking gpgv (1.4.18-7+deb8u3) over (1.4.18-7+deb8u1) ...
Processing triggers for man-db (2.7.0.2-5) ...
Setting up gpgv (1.4.18-7+deb8u3) ...
(Reading database ... 114903 files and directories currently installed.)
Preparing to unpack .../gnupg_1.4.18-7+deb8u3_amd64.deb ...
Unpacking gnupg (1.4.18-7+deb8u3) over (1.4.18-7+deb8u1) ...
Processing triggers for man-db (2.7.0.2-5) ...
Setting up gnupg (1.4.18-7+deb8u3) ...
(Reading database ... 114903 files and directories currently installed.)
Preparing to unpack .../apt_1.0.9.8.4_amd64.deb ...
Unpacking apt (1.0.9.8.4) over (1.0.9.8.3) ...
Processing triggers for man-db (2.7.0.2-5) ...
Setting up apt (1.0.9.8.4) ...
Processing triggers for libc-bin (2.19-18+deb8u6) ...
(Reading database ... 114903 files and directories currently installed.)
Preparing to unpack .../ndiswrapper-utils-1.9_1.60-2mx150+1_all.deb ...
Unpacking ndiswrapper-utils-1.9 (1.60-2mx150+1) over (1.59-2+b1) ...
Processing triggers for man-db (2.7.0.2-5) ...
(Reading database ... 114896 files and directories currently installed.)
Removing ndiswrapper-common (1.59-2) ...
Processing triggers for man-db (2.7.0.2-5) ...
Selecting previously unselected package ndiswrapper.
(Reading database ... 114886 files and directories currently installed.)
Preparing to unpack .../ndiswrapper_1.60-2mx150+1_amd64.deb ...
Unpacking ndiswrapper (1.60-2mx150+1) ...
Preparing to unpack .../libcomerr2_1.42.12-2_amd64.deb ...
Unpacking libcomerr2:amd64 (1.42.12-2) over (1.42.12-1.1) ...
Processing triggers for man-db (2.7.0.2-5) ...
Setting up libcomerr2:amd64 (1.42.12-2) ...
Processing triggers for libc-bin (2.19-18+deb8u6) ...
(Reading database ... 114895 files and directories currently installed.)
Preparing to unpack .../libss2_1.42.12-2_amd64.deb ...
Unpacking libss2:amd64 (1.42.12-2) over (1.42.12-1.1) ...
Setting up libss2:amd64 (1.42.12-2) ...
Processing triggers for libc-bin (2.19-18+deb8u6) ...
(Reading database ... 114895 files and directories currently installed.)
Preparing to unpack .../libapt-inst1.5_1.0.9.8.4_amd64.deb ...
Unpacking libapt-inst1.5:amd64 (1.0.9.8.4) over (1.0.9.8.3) ...
Preparing to unpack .../libssl1.0.0_1.0.1t-1+deb8u5_amd64.deb ...
Unpacking libssl1.0.0:amd64 (1.0.1t-1+deb8u5) over (1.0.1t-1+deb8u2) ...
Preparing to unpack .../udev_215-17+deb8u5_amd64.deb ...
Unpacking udev (215-17+deb8u5) over (215-17+deb8u4) ...
Preparing to unpack .../libudev1_215-17+deb8u5_amd64.deb ...
Unpacking libudev1:amd64 (215-17+deb8u5) over (215-17+deb8u4) ...
Preparing to unpack .../libgcrypt20_1.6.3-2+deb8u2_amd64.deb ...
Unpacking libgcrypt20:amd64 (1.6.3-2+deb8u2) over (1.6.3-2+deb8u1) ...
Preparing to unpack .../libidn11_1.29-1+deb8u2_amd64.deb ...
Unpacking libidn11:amd64 (1.29-1+deb8u2) over (1.29-1+deb8u1) ...
Preparing to unpack .../file_1%3a5.22+15-2+deb8u2_amd64.deb ...
Unpacking file (1:5.22+15-2+deb8u2) over (1:5.22+15-2+deb8u1) ...
Preparing to unpack .../libmagic1_1%3a5.22+15-2+deb8u2_amd64.deb ...
Unpacking libmagic1:amd64 (1:5.22+15-2+deb8u2) over (1:5.22+15-2+deb8u1) ...
Preparing to unpack .../libsqlite3-0_3.8.7.1-1+deb8u2_amd64.deb ...
Unpacking libsqlite3-0:amd64 (3.8.7.1-1+deb8u2) over (3.8.7.1-1+deb8u1) ...
Preparing to unpack .../libxml2_2.9.1+dfsg1-5+deb8u4_amd64.deb ...
Unpacking libxml2:amd64 (2.9.1+dfsg1-5+deb8u4) over (2.9.1+dfsg1-5+deb8u2) ...
Preparing to unpack .../wget_1.16-1+deb8u1_amd64.deb ...
Unpacking wget (1.16-1+deb8u1) over (1.16-1) ...
Preparing to unpack .../fontconfig-config_2.11.0-6.3+deb8u1_all.deb ...
Unpacking fontconfig-config (2.11.0-6.3+deb8u1) over (2.11.0-6.3) ...
Preparing to unpack .../libfontconfig1_2.11.0-6.3+deb8u1_amd64.deb ...
Unpacking libfontconfig1:amd64 (2.11.0-6.3+deb8u1) over (2.11.0-6.3) ...
Preparing to unpack .../libnspr4_2%3a4.12-1+debu8u1_amd64.deb ...
Unpacking libnspr4:amd64 (2:4.12-1+debu8u1) over (2:4.10.7-1+deb8u1) ...
Preparing to unpack .../libnss3_2%3a3.26-1+debu8u1_amd64.deb ...
Unpacking libnss3:amd64 (2:3.26-1+debu8u1) over (2:3.17.2-1.1+deb8u2) ...
Preparing to unpack .../libcurl3-gnutls_7.38.0-4+deb8u5_amd64.deb ...
Unpacking libcurl3-gnutls:amd64 (7.38.0-4+deb8u5) over (7.38.0-4+deb8u3) ...
Preparing to unpack .../flashplugin-nonfree_1%3a3.6.1+deb8u1_amd64.deb ...
Unpacking flashplugin-nonfree (1:3.6.1+deb8u1) over (1:3.6.1) ...
Preparing to unpack .../fontconfig_2.11.0-6.3+deb8u1_amd64.deb ...
Unpacking fontconfig (2.11.0-6.3+deb8u1) over (2.11.0-6.3) ...
Preparing to unpack .../libarchive13_3.1.2-11+deb8u3_amd64.deb ...
Unpacking libarchive13:amd64 (3.1.2-11+deb8u3) over (3.1.2-11+deb8u1) ...
Preparing to unpack .../libaudiofile1_0.3.6-2+deb8u1_amd64.deb ...
Unpacking libaudiofile1:amd64 (0.3.6-2+deb8u1) over (0.3.6-2+b1) ...
Preparing to unpack .../libavutil54_6%3a11.8-1~deb8u1_amd64.deb ...
Unpacking libavutil54:amd64 (6:11.8-1~deb8u1) over (6:11.7-1~deb8u1) ...
Preparing to unpack .../libavresample2_6%3a11.8-1~deb8u1_amd64.deb ...
Unpacking libavresample2:amd64 (6:11.8-1~deb8u1) over (6:11.7-1~deb8u1) ...
Preparing to unpack .../libavcodec-extra-56_6%3a11.8-1~deb8u1_amd64.deb ...
Unpacking libavcodec-extra-56:amd64 (6:11.8-1~deb8u1) over (6:11.7-1~deb8u1) ...
Preparing to unpack .../libavformat56_6%3a11.8-1~deb8u1_amd64.deb ...
Unpacking libavformat56:amd64 (6:11.8-1~deb8u1) over (6:11.7-1~deb8u1) ...
Preparing to unpack .../libavdevice55_6%3a11.8-1~deb8u1_amd64.deb ...
Unpacking libavdevice55:amd64 (6:11.8-1~deb8u1) over (6:11.7-1~deb8u1) ...
Preparing to unpack .../libswscale3_6%3a11.8-1~deb8u1_amd64.deb ...
Unpacking libswscale3:amd64 (6:11.8-1~deb8u1) over (6:11.7-1~deb8u1) ...
Preparing to unpack .../libavfilter5_6%3a11.8-1~deb8u1_amd64.deb ...
Unpacking libavfilter5:amd64 (6:11.8-1~deb8u1) over (6:11.7-1~deb8u1) ...
Preparing to unpack .../libav-tools_6%3a11.8-1~deb8u1_amd64.deb ...
Unpacking libav-tools (6:11.8-1~deb8u1) over (6:11.7-1~deb8u1) ...
Preparing to unpack .../libcurl3_7.38.0-4+deb8u5_amd64.deb ...
Unpacking libcurl3:amd64 (7.38.0-4+deb8u5) over (7.38.0-4+deb8u3) ...
Preparing to unpack .../libisc-export95_1%3a9.9.5.dfsg-9+deb8u9_amd64.deb ...
Unpacking libisc-export95 (1:9.9.5.dfsg-9+deb8u9) over (1:9.9.5.dfsg-9+deb8u6) ...
Preparing to unpack .../libdns-export100_1%3a9.9.5.dfsg-9+deb8u9_amd64.deb ...
Unpacking libdns-export100 (1:9.9.5.dfsg-9+deb8u9) over (1:9.9.5.dfsg-9+deb8u6) ...
Preparing to unpack .../libgd3_2.1.0-5+deb8u8_amd64.deb ...
Unpacking libgd3:amd64 (2.1.0-5+deb8u8) over (2.1.0-5+deb8u3) ...
Preparing to unpack .../libgudev-1.0-0_215-17+deb8u5_amd64.deb ...
Unpacking libgudev-1.0-0:amd64 (215-17+deb8u5) over (215-17+deb8u4) ...
Preparing to unpack .../libicu52_52.1-8+deb8u4_amd64.deb ...
Unpacking libicu52:amd64 (52.1-8+deb8u4) over (52.1-8+deb8u3) ...
Preparing to unpack .../libisccfg-export90_1%3a9.9.5.dfsg-9+deb8u9_amd64.deb ...
Unpacking libisccfg-export90 (1:9.9.5.dfsg-9+deb8u9) over (1:9.9.5.dfsg-9+deb8u6) ...
Preparing to unpack .../libirs-export91_1%3a9.9.5.dfsg-9+deb8u9_amd64.deb ...
Unpacking libirs-export91 (1:9.9.5.dfsg-9+deb8u9) over (1:9.9.5.dfsg-9+deb8u6) ...
Preparing to unpack .../libltdl7_2.4.2-1.11+b1_amd64.deb ...
Unpacking libltdl7:amd64 (2.4.2-1.11+b1) over (2.4.2-1.11) ...
Preparing to unpack .../libpcsclite1_1.8.13-1+deb8u1_amd64.deb ...
Unpacking libpcsclite1:amd64 (1.8.13-1+deb8u1) over (1.8.13-1) ...
Preparing to unpack .../libpolkit-gobject-1-0_0.105-15~deb8u2.0nosystemd1_amd64.deb ...
Unpacking libpolkit-gobject-1-0:amd64 (0.105-15~deb8u2.0nosystemd1) over (0.105-8.0nosystemd1) ...
Preparing to unpack .../libpolkit-agent-1-0_0.105-15~deb8u2.0nosystemd1_amd64.deb ...
Unpacking libpolkit-agent-1-0:amd64 (0.105-15~deb8u2.0nosystemd1) over (0.105-8.0nosystemd1) ...
Preparing to unpack .../libpolkit-backend-1-0_0.105-15~deb8u2.0nosystemd1_amd64.deb ...
Unpacking libpolkit-backend-1-0:amd64 (0.105-15~deb8u2.0nosystemd1) over (0.105-8.0nosystemd1) ...
Preparing to unpack .../python2.7_2.7.9-2+deb8u1_amd64.deb ...
Unpacking python2.7 (2.7.9-2+deb8u1) over (2.7.9-2) ...
Preparing to unpack .../python2.7-minimal_2.7.9-2+deb8u1_amd64.deb ...
Unpacking python2.7-minimal (2.7.9-2+deb8u1) over (2.7.9-2) ...
Preparing to unpack .../libpython2.7_2.7.9-2+deb8u1_amd64.deb ...
Unpacking libpython2.7:amd64 (2.7.9-2+deb8u1) over (2.7.9-2) ...
Preparing to unpack .../libpython2.7-stdlib_2.7.9-2+deb8u1_amd64.deb ...
Unpacking libpython2.7-stdlib:amd64 (2.7.9-2+deb8u1) over (2.7.9-2) ...
Preparing to unpack .../libpython2.7-minimal_2.7.9-2+deb8u1_amd64.deb ...
Unpacking libpython2.7-minimal:amd64 (2.7.9-2+deb8u1) over (2.7.9-2) ...
Preparing to unpack .../uno-libs3_4.3.3-2+deb8u5_amd64.deb ...
Unpacking uno-libs3 (4.3.3-2+deb8u5) over (4.3.3-2+deb8u4) ...
Preparing to unpack .../ure_4.3.3-2+deb8u5_amd64.deb ...
Unpacking ure (4.3.3-2+deb8u5) over (4.3.3-2+deb8u4) ...
Preparing to unpack .../libreoffice-calc_1%3a4.3.3-2+deb8u5_amd64.deb ...
Unpacking libreoffice-calc (1:4.3.3-2+deb8u5) over (1:4.3.3-2+deb8u4) ...
Preparing to unpack .../libreoffice-impress_1%3a4.3.3-2+deb8u5_amd64.deb ...
Unpacking libreoffice-impress (1:4.3.3-2+deb8u5) over (1:4.3.3-2+deb8u4) ...
Preparing to unpack .../libreoffice-draw_1%3a4.3.3-2+deb8u5_amd64.deb ...
Unpacking libreoffice-draw (1:4.3.3-2+deb8u5) over (1:4.3.3-2+deb8u4) ...
Preparing to unpack .../libreoffice-gtk_1%3a4.3.3-2+deb8u5_amd64.deb ...
Unpacking libreoffice-gtk (1:4.3.3-2+deb8u5) over (1:4.3.3-2+deb8u4) ...
Preparing to unpack .../libreoffice-base-core_1%3a4.3.3-2+deb8u5_amd64.deb ...
Unpacking libreoffice-base-core (1:4.3.3-2+deb8u5) over (1:4.3.3-2+deb8u4) ...
Preparing to unpack .../libreoffice-math_1%3a4.3.3-2+deb8u5_amd64.deb ...
Unpacking libreoffice-math (1:4.3.3-2+deb8u5) over (1:4.3.3-2+deb8u4) ...
Preparing to unpack .../libreoffice-common_1%3a4.3.3-2+deb8u5_all.deb ...
Unpacking libreoffice-common (1:4.3.3-2+deb8u5) over (1:4.3.3-2+deb8u4) ...
Preparing to unpack .../libreoffice-writer_1%3a4.3.3-2+deb8u5_amd64.deb ...
Unpacking libreoffice-writer (1:4.3.3-2+deb8u5) over (1:4.3.3-2+deb8u4) ...
Preparing to unpack .../libreoffice-core_1%3a4.3.3-2+deb8u5_amd64.deb ...
Unpacking libreoffice-core (1:4.3.3-2+deb8u5) over (1:4.3.3-2+deb8u4) ...
Preparing to unpack .../fonts-opensymbol_2%3a102.6+LibO4.3.3-2+deb8u5_all.deb ...
Unpacking fonts-opensymbol (2:102.6+LibO4.3.3-2+deb8u5) over (2:102.6+LibO4.3.3-2+deb8u4) ...
Preparing to unpack .../libxslt1.1_1.1.28-2+deb8u2_amd64.deb ...
Unpacking libxslt1.1:amd64 (1.1.28-2+deb8u2) over (1.1.28-2+deb8u1) ...
Preparing to unpack .../libreoffice-style-galaxy_1%3a4.3.3-2+deb8u5_all.deb ...
Unpacking libreoffice-style-galaxy (1:4.3.3-2+deb8u5) over (1:4.3.3-2+deb8u4) ...
Preparing to unpack .../libwbclient0_2%3a4.2.14+dfsg-0+deb8u2_amd64.deb ...
Unpacking libwbclient0:amd64 (2:4.2.14+dfsg-0+deb8u2) over (2:4.2.10+dfsg-0+deb8u3) ...
Preparing to unpack .../ntpdate_1%3a4.2.6.p5+dfsg-7+deb8u2_amd64.deb ...
Unpacking ntpdate (1:4.2.6.p5+dfsg-7+deb8u2) over (1:4.2.6.p5+dfsg-7+deb8u1) ...
Preparing to unpack .../samba-common_2%3a4.2.14+dfsg-0+deb8u2_all.deb ...
Unpacking samba-common (2:4.2.14+dfsg-0+deb8u2) over (2:4.2.10+dfsg-0+deb8u3) ...
Preparing to unpack .../multiarch-support_2.19-18+deb8u6_amd64.deb ...
Unpacking multiarch-support (2.19-18+deb8u6) over (2.19-18+deb8u4) ...
Processing triggers for man-db (2.7.0.2-5) ...
Processing triggers for desktop-file-utils (0.22-1) ...
Processing triggers for mime-support (3.58) ...
Processing triggers for hicolor-icon-theme (0.13-1) ...
Processing triggers for menu (2.1.47) ...
Processing triggers for gnome-icon-theme (3.12.0-1) ...
Processing triggers for shared-mime-info (1.3-1) ...
Setting up multiarch-support (2.19-18+deb8u6) ...
(Reading database ... 114897 files and directories currently installed.)
Preparing to unpack .../tzdata_2016f-0+deb8u1_all.deb ...
Unpacking tzdata (2016f-0+deb8u1) over (2016d-0+deb8u1) ...
Setting up tzdata (2016f-0+deb8u1) ...

Current default time zone: 'America/New_York'
Local time is now:      Thu Jan 12 03:30:57 EST 2017.
Universal Time is now:  Thu Jan 12 08:30:57 UTC 2017.
Run 'dpkg-reconfigure tzdata' if you wish to change it.

(Reading database ... 114897 files and directories currently installed.)
Preparing to unpack .../apt-utils_1.0.9.8.4_amd64.deb ...
Unpacking apt-utils (1.0.9.8.4) over (1.0.9.8.3) ...
Preparing to unpack .../vim-tiny_2%3a7.4.488-7+deb8u1_amd64.deb ...
Unpacking vim-tiny (2:7.4.488-7+deb8u1) over (2:7.4.488-7) ...
Preparing to unpack .../vim-common_2%3a7.4.488-7+deb8u1_amd64.deb ...
Unpacking vim-common (2:7.4.488-7+deb8u1) over (2:7.4.488-7) ...
Preparing to unpack .../antix-libs_0.5.20_all.deb ...
Unpacking antix-libs (0.5.20) over (0.5.14) ...
Preparing to unpack .../apt-antix_0.2.6_all.deb ...
Unpacking apt-antix (0.2.6) over (0.2.5) ...
Preparing to unpack .../desktop-session-antix_0.2.7.16_all.deb ...
Unpacking desktop-session-antix (0.2.7.16) over (0.2.7.14) ...
Preparing to unpack .../mountbox-antix_0.1.4_all.deb ...
Unpacking mountbox-antix (0.1.4) over (0.1.2.5) ...
Preparing to unpack .../remaster-antix_0.5.17_all.deb ...
Unpacking remaster-antix (0.5.17) over (0.5.10) ...
Preparing to unpack .../bind9-host_1%3a9.9.5.dfsg-9+deb8u9_amd64.deb ...
Unpacking bind9-host (1:9.9.5.dfsg-9+deb8u9) over (1:9.9.5.dfsg-9+deb8u6) ...
Preparing to unpack .../libisc95_1%3a9.9.5.dfsg-9+deb8u9_amd64.deb ...
Unpacking libisc95 (1:9.9.5.dfsg-9+deb8u9) over (1:9.9.5.dfsg-9+deb8u6) ...
Preparing to unpack .../libdns100_1%3a9.9.5.dfsg-9+deb8u9_amd64.deb ...
Unpacking libdns100 (1:9.9.5.dfsg-9+deb8u9) over (1:9.9.5.dfsg-9+deb8u6) ...
Preparing to unpack .../libisccc90_1%3a9.9.5.dfsg-9+deb8u9_amd64.deb ...
Unpacking libisccc90 (1:9.9.5.dfsg-9+deb8u9) over (1:9.9.5.dfsg-9+deb8u6) ...
Preparing to unpack .../libisccfg90_1%3a9.9.5.dfsg-9+deb8u9_amd64.deb ...
Unpacking libisccfg90 (1:9.9.5.dfsg-9+deb8u9) over (1:9.9.5.dfsg-9+deb8u6) ...
Preparing to unpack .../libbind9-90_1%3a9.9.5.dfsg-9+deb8u9_amd64.deb ...
Unpacking libbind9-90 (1:9.9.5.dfsg-9+deb8u9) over (1:9.9.5.dfsg-9+deb8u6) ...
Preparing to unpack .../liblwres90_1%3a9.9.5.dfsg-9+deb8u9_amd64.deb ...
Unpacking liblwres90 (1:9.9.5.dfsg-9+deb8u9) over (1:9.9.5.dfsg-9+deb8u6) ...
Preparing to unpack .../locales_2.19-18+deb8u6_all.deb ...
Unpacking locales (2.19-18+deb8u6) over (2.19-18+deb8u4) ...
Preparing to unpack .../openssh-sftp-server_1%3a6.7p1-5+deb8u3_amd64.deb ...
Unpacking openssh-sftp-server (1:6.7p1-5+deb8u3) over (1:6.7p1-5+deb8u2) ...
Preparing to unpack .../openssh-server_1%3a6.7p1-5+deb8u3_amd64.deb ...
Unpacking openssh-server (1:6.7p1-5+deb8u3) over (1:6.7p1-5+deb8u2) ...
Preparing to unpack .../openssh-client_1%3a6.7p1-5+deb8u3_amd64.deb ...
Unpacking openssh-client (1:6.7p1-5+deb8u3) over (1:6.7p1-5+deb8u2) ...
Preparing to unpack .../add-desktop-antix_0.3.8_all.deb ...
Unpacking add-desktop-antix (0.3.8) over (0.3.7) ...
Preparing to unpack .../add-key-antix_0.3.3_all.deb ...
Unpacking add-key-antix (0.3.3) over (0.3.2) ...
Preparing to unpack .../add-start-antix_0.3.4_all.deb ...
Unpacking add-start-antix (0.3.4) over (0.3.3) ...
Preparing to unpack .../advert-block-antix_0.2.10_all.deb ...
Unpacking advert-block-antix (0.2.10) over (0.2.9) ...
Preparing to unpack .../wodim_9%3a1.1.11-3mx150+1_amd64.deb ...
Unpacking wodim (9:1.1.11-3mx150+1) over (9:1.1.11-3) ...
Preparing to unpack .../antix-goodies_0.5.14_all.deb ...
Unpacking antix-goodies (0.5.14) over (0.5.13) ...
Preparing to unpack .../partition-info_1.3_all.deb ...
Unpacking partition-info (1.3) over (1.0mx150+4) ...
Preparing to unpack .../antix-installer_0.7.3.6_amd64.deb ...
Unpacking antix-installer (0.7.3.6) over (0.7.3.3) ...
Preparing to unpack .../automount-antix_0.1.3_all.deb ...
Unpacking automount-antix (0.1.3) over (0.1.2) ...
Preparing to unpack .../cherrytree_0.37.4-1mx150+1_all.deb ...
Unpacking cherrytree (0.37.4-1mx150+1) over (0.36.9-1.1) ...
Preparing to unpack .../genisoimage_9%3a1.1.11-3mx150+1_amd64.deb ...
Unpacking genisoimage (9:1.1.11-3mx150+1) over (9:1.1.11-3) ...
Preparing to unpack .../cli-installer-antix_3.9_all.deb ...
Unpacking cli-installer-antix (3.9) over (3.8) ...
Preparing to unpack .../wallpaper-antix_0.3.8_all.deb ...
Unpacking wallpaper-antix (0.3.8) over (0.3.8) ...
Preparing to unpack .../live-usb-gui-antix_0.3.3_all.deb ...
Unpacking live-usb-gui-antix (0.3.3) over (0.3.2) ...
Preparing to unpack .../set-screen-blank-antix_0.2.1_all.deb ...
Unpacking set-screen-blank-antix (0.2.1) over (0.2.0) ...
Preparing to unpack .../control-centre-antix_0.4.22_all.deb ...
Unpacking control-centre-antix (0.4.22) over (0.4.20) ...
Preparing to unpack .../droopy-antix_0.1.2_all.deb ...
Unpacking droopy-antix (0.1.2) over (0.1.1) ...
Preparing to unpack .../faq-docs-antix_0.4.8_all.deb ...
Unpacking faq-docs-antix (0.4.8) over (0.4.7) ...
Preparing to unpack .../fbxkb_0.6-2.3_amd64.deb ...
Unpacking fbxkb (0.6-2.3) over (0.6-2.2) ...
Preparing to unpack .../firefox-esr_45.6.0esr-1~deb8u1_amd64.deb ...
Leaving 'diversion of /usr/bin/firefox to /usr/bin/firefox.real by firefox-esr'
Unpacking firefox-esr (45.6.0esr-1~deb8u1) over (45.2.0esr-1~deb8u1) ...
Preparing to unpack .../ghostscript_9.06~dfsg-2+deb8u4_amd64.deb ...
Unpacking ghostscript (9.06~dfsg-2+deb8u4) over (9.06~dfsg-2+deb8u1) ...
Preparing to unpack .../libgs9_9.06~dfsg-2+deb8u4_amd64.deb ...
Unpacking libgs9 (9.06~dfsg-2+deb8u4) over (9.06~dfsg-2+deb8u1) ...
Preparing to unpack .../libgs9-common_9.06~dfsg-2+deb8u4_all.deb ...
Unpacking libgs9-common (9.06~dfsg-2+deb8u4) over (9.06~dfsg-2+deb8u1) ...
Preparing to unpack .../gir1.2-polkit-1.0_0.105-15~deb8u2.0nosystemd1_amd64.deb ...
Unpacking gir1.2-polkit-1.0 (0.105-15~deb8u2.0nosystemd1) over (0.105-8.0nosystemd1) ...
Preparing to unpack .../gnupg-agent_2.0.26-6+deb8u1_amd64.deb ...
Unpacking gnupg-agent (2.0.26-6+deb8u1) over (2.0.26-6) ...
Preparing to unpack .../gnupg2_2.0.26-6+deb8u1_amd64.deb ...
Unpacking gnupg2 (2.0.26-6+deb8u1) over (2.0.26-6) ...
Preparing to unpack .../gnupg-curl_1.4.18-7+deb8u3_amd64.deb ...
Leaving 'diversion of /usr/lib/gnupg/gpgkeys_curl to /usr/lib/gnupg/gpgkeys_curl.non_curl by gnupg-curl'
Leaving 'diversion of /usr/lib/gnupg/gpgkeys_hkp to /usr/lib/gnupg/gpgkeys_hkp.non_curl by gnupg-curl'
Unpacking gnupg-curl (1.4.18-7+deb8u3) over (1.4.18-7+deb8u1) ...
Preparing to unpack .../icedax_9%3a1.1.11-3mx150+1_amd64.deb ...
Unpacking icedax (9:1.1.11-3mx150+1) over (9:1.1.11-3) ...
Preparing to unpack .../install-meta-antix_0.6.15_amd64.deb ...
Unpacking install-meta-antix (0.6.15) over (0.6.14) ...
Preparing to unpack .../irssi_0.8.17-1+deb8u1_amd64.deb ...
Unpacking irssi (0.8.17-1+deb8u1) over (0.8.17-1) ...
Preparing to unpack .../iso-template-antix_15.25antix16_all.deb ...
Unpacking iso-template-antix (15.25antix16) over (15.17antix16) ...
Preparing to unpack .../iso-snapshot-antix_0.1.4_amd64.deb ...
Unpacking iso-snapshot-antix (0.1.4) over (0.1.3) ...
Preparing to unpack .../linux-headers-4.4.10-antix.1-amd64-smp_4.4.10-antix.1-amd64-smp-1_amd64.deb ...
Unpacking linux-headers-4.4.10-antix.1-amd64-smp (4.4.10-antix.1-amd64-smp-1) over (4.4.10-antix.1-amd64-smp-1) ...
Preparing to unpack .../ndiswrapper-dkms_1.60-2mx150+1_all.deb ...

------------------------------
Deleting module version: 1.59
completely from the DKMS tree.
------------------------------
Done.
Unpacking ndiswrapper-dkms (1.60-2mx150+1) over (1.59-5) ...
Preparing to unpack .../openssl_1.0.1t-1+deb8u5_amd64.deb ...
Unpacking openssl (1.0.1t-1+deb8u5) over (1.0.1t-1+deb8u2) ...
Preparing to unpack .../policykit-1_0.105-15~deb8u2.0nosystemd1_amd64.deb ...
Unpacking policykit-1 (0.105-15~deb8u2.0nosystemd1) over (0.105-8.0nosystemd1) ...
Preparing to unpack .../python-pil_2.6.1-2+deb8u3_amd64.deb ...
Unpacking python-pil:amd64 (2.6.1-2+deb8u3) over (2.6.1-2+deb8u2) ...
Preparing to unpack .../python-imaging_2.6.1-2+deb8u3_all.deb ...
Unpacking python-imaging (2.6.1-2+deb8u3) over (2.6.1-2+deb8u2) ...
Preparing to unpack .../python-libxml2_2.9.1+dfsg1-5+deb8u4_amd64.deb ...
Unpacking python-libxml2 (2.9.1+dfsg1-5+deb8u4) over (2.9.1+dfsg1-5+deb8u2) ...
Preparing to unpack .../smxi-inxi-antix_0.3.7_all.deb ...
Unpacking smxi-inxi-antix (0.3.7) over (0.3.5) ...
Preparing to unpack .../vorbis-tools_1.4.0-6+deb8u1_amd64.deb ...
Unpacking vorbis-tools (1.4.0-6+deb8u1) over (1.4.0-6) ...
Preparing to unpack .../wpasupplicant_2.3-1+deb8u4_amd64.deb ...
Unpacking wpasupplicant (2.3-1+deb8u4) over (2.3-1+deb8u3) ...
Preparing to unpack .../wpagui_2.3-1+deb8u4_amd64.deb ...
Unpacking wpagui (2.3-1+deb8u4) over (2.3-1+deb8u3) ...
Preparing to unpack .../libavcodec-extra_6%3a11.8-1~deb8u1_all.deb ...
Unpacking libavcodec-extra (6:11.8-1~deb8u1) over (6:11.7-1~deb8u1) ...
Preparing to unpack .../streamtuner2_2.1.9-1.1_all.deb ...
Unpacking streamtuner2 (2.1.9-1.1) over (2.1.9-1) ...
Preparing to unpack .../usb-modeswitch_2.4.0+repack0-1~bpo8+1mx150+1_amd64.deb ...
Unpacking usb-modeswitch (2.4.0+repack0-1~bpo8+1mx150+1) over (2.2.0+repack0-2) ...
Preparing to unpack .../usb-modeswitch-data_20160803-1mx150+1_all.deb ...
Unpacking usb-modeswitch-data (20160803-1mx150+1) over (20150115-1) ...
Processing triggers for man-db (2.7.0.2-5) ...
Processing triggers for desktop-file-utils (0.22-1) ...
Processing triggers for mime-support (3.58) ...
Processing triggers for hicolor-icon-theme (0.13-1) ...
Processing triggers for ufw (0.33-2) ...
Processing triggers for shared-mime-info (1.3-1) ...
Processing triggers for menu (2.1.47) ...
Processing triggers for dbus (1.8.20-0.nosystemd1) ...
Setting up libperl5.20 (5.20.2-3+deb8u6) ...
Setting up perl-modules (5.20.2-3+deb8u6) ...
Setting up perl (5.20.2-3+deb8u6) ...
Setting up ndiswrapper (1.60-2mx150+1) ...
Setting up ndiswrapper-utils-1.9 (1.60-2mx150+1) ...
Setting up libapt-inst1.5:amd64 (1.0.9.8.4) ...
Setting up libssl1.0.0:amd64 (1.0.1t-1+deb8u5) ...
Setting up libudev1:amd64 (215-17+deb8u5) ...
Setting up udev (215-17+deb8u5) ...
addgroup: The group `input' already exists as a system group. Exiting.
[ ok ] Stopping the hotplug events dispatcher: udevd.
[ ok ] Starting the hotplug events dispatcher: udevd.
update-initramfs: deferring update (trigger activated)
Setting up libgcrypt20:amd64 (1.6.3-2+deb8u2) ...
Setting up libidn11:amd64 (1.29-1+deb8u2) ...
Setting up libmagic1:amd64 (1:5.22+15-2+deb8u2) ...
Setting up file (1:5.22+15-2+deb8u2) ...
Setting up libsqlite3-0:amd64 (3.8.7.1-1+deb8u2) ...
Setting up libxml2:amd64 (2.9.1+dfsg1-5+deb8u4) ...
Setting up wget (1.16-1+deb8u1) ...
Setting up fontconfig-config (2.11.0-6.3+deb8u1) ...
Setting up libfontconfig1:amd64 (2.11.0-6.3+deb8u1) ...
Setting up libnspr4:amd64 (2:4.12-1+debu8u1) ...
Setting up libnss3:amd64 (2:3.26-1+debu8u1) ...
Setting up libcurl3-gnutls:amd64 (7.38.0-4+deb8u5) ...
Setting up flashplugin-nonfree (1:3.6.1+deb8u1) ...
--2017-01-12 03:33:56--  https://fpdownload.adobe.com/get/flashplayer/pdc/24.0.0.186/flash_player_npapi_linux.x86_64.tar.gz
Resolving fpdownload.adobe.com (fpdownload.adobe.com)... 23.79.33.250
Connecting to fpdownload.adobe.com (fpdownload.adobe.com)|23.79.33.250|:443... connected.
HTTP request sent, awaiting response... 200 OK
Length: 9698084 (9.2M) [application/x-gzip]
Saving to: ‘/tmp/flashplugin-nonfree.ninr6X0IM4/flash_player_npapi_linux.x86_64.tar.gz’

     0K .......... .......... .......... .......... ..........  0% 1.49M 6s
    50K .......... .......... .......... .......... ..........  1% 1.49M 6s
   100K .......... .......... .......... .......... ..........  1% 4.94M 5s
   150K .......... .......... .......... .......... ..........  2% 1.41M 5s
   200K .......... .......... .......... .......... ..........  2% 6.01M 4s
   250K .......... .......... .......... .......... ..........  3% 9.74M 4s
   300K .......... .......... .......... .......... ..........  3% 5.18M 3s
   350K .......... .......... .......... .......... ..........  4% 1.75M 4s
   400K .......... .......... .......... .......... ..........  4% 6.60M 3s
   450K .......... .......... .......... .......... ..........  5% 3.52M 3s
   500K .......... .......... .......... .......... ..........  5% 5.56M 3s
   550K .......... .......... .......... .......... ..........  6% 5.86M 3s
   600K .......... .......... .......... .......... ..........  6% 5.92M 3s
   650K .......... .......... .......... .......... ..........  7% 6.88M 3s
   700K .......... .......... .......... .......... ..........  7% 8.37M 3s
   750K .......... .......... .......... .......... ..........  8% 1.46M 3s
   800K .......... .......... .......... .......... ..........  8% 4.47M 3s
   850K .......... .......... .......... .......... ..........  9% 3.28M 3s
   900K .......... .......... .......... .......... .......... 10% 2.76M 3s
   950K .......... .......... .......... .......... .......... 10% 8.40M 3s
  1000K .......... .......... .......... .......... .......... 11% 5.69M 2s
  1050K .......... .......... .......... .......... .......... 11% 6.48M 2s
  1100K .......... .......... .......... .......... .......... 12% 3.09M 2s
  1150K .......... .......... .......... .......... .......... 12% 5.01M 2s
  1200K .......... .......... .......... .......... .......... 13% 6.05M 2s
  1250K .......... .......... .......... .......... .......... 13% 6.05M 2s
  1300K .......... .......... .......... .......... .......... 14% 7.34M 2s
  1350K .......... .......... .......... .......... .......... 14% 6.87M 2s
  1400K .......... .......... .......... .......... .......... 15% 4.37M 2s
  1450K .......... .......... .......... .......... .......... 15% 8.90M 2s
  1500K .......... .......... .......... .......... .......... 16% 4.18M 2s
  1550K .......... .......... .......... .......... .......... 16% 7.25M 2s
  1600K .......... .......... .......... .......... .......... 17% 6.79M 2s
  1650K .......... .......... .......... .......... .......... 17% 4.89M 2s
  1700K .......... .......... .......... .......... .......... 18% 5.85M 2s
  1750K .......... .......... .......... .......... .......... 19% 6.43M 2s
  1800K .......... .......... .......... .......... .......... 19% 2.83M 2s
  1850K .......... .......... .......... .......... .......... 20% 20.1M 2s
  1900K .......... .......... .......... .......... .......... 20% 10.1M 2s
  1950K .......... .......... .......... .......... .......... 21% 6.63M 2s
  2000K .......... .......... .......... .......... .......... 21% 6.39M 2s
  2050K .......... .......... .......... .......... .......... 22% 5.11M 2s
  2100K .......... .......... .......... .......... .......... 22% 1.31M 2s
  2150K .......... .......... .......... .......... .......... 23% 6.29M 2s
  2200K .......... .......... .......... .......... .......... 23% 8.47M 2s
  2250K .......... .......... .......... .......... .......... 24% 6.22M 2s
  2300K .......... .......... .......... .......... .......... 24% 3.52M 2s
  2350K .......... .......... .......... .......... .......... 25% 11.2M 2s
  2400K .......... .......... .......... .......... .......... 25% 9.76M 2s
  2450K .......... .......... .......... .......... .......... 26% 5.03M 2s
  2500K .......... .......... .......... .......... .......... 26% 3.48M 2s
  2550K .......... .......... .......... .......... .......... 27% 7.53M 2s
  2600K .......... .......... .......... .......... .......... 27% 6.16M 2s
  2650K .......... .......... .......... .......... .......... 28% 6.69M 2s
  2700K .......... .......... .......... .......... .......... 29% 7.21M 2s
  2750K .......... .......... .......... .......... .......... 29% 4.53M 2s
  2800K .......... .......... .......... .......... .......... 30% 7.53M 1s
  2850K .......... .......... .......... .......... .......... 30% 6.19M 1s
  2900K .......... .......... .......... .......... .......... 31% 5.15M 1s
  2950K .......... .......... .......... .......... .......... 31% 11.1M 1s
  3000K .......... .......... .......... .......... .......... 32% 6.16M 1s
  3050K .......... .......... .......... .......... .......... 32% 7.24M 1s
  3100K .......... .......... .......... .......... .......... 33%  917K 1s
  3150K .......... .......... .......... .......... .......... 33% 5.80M 1s
  3200K .......... .......... .......... .......... .......... 34% 9.18M 1s
  3250K .......... .......... .......... .......... .......... 34% 2.83M 1s
  3300K .......... .......... .......... .......... .......... 35% 12.9M 1s
  3350K .......... .......... .......... .......... .......... 35% 18.5M 1s
  3400K .......... .......... .......... .......... .......... 36% 7.68M 1s
  3450K .......... .......... .......... .......... .......... 36% 2.39M 1s
  3500K .......... .......... .......... .......... .......... 37% 3.63M 1s
  3550K .......... .......... .......... .......... .......... 38% 7.67M 1s
  3600K .......... .......... .......... .......... .......... 38% 5.20M 1s
  3650K .......... .......... .......... .......... .......... 39% 8.93M 1s
  3700K .......... .......... .......... .......... .......... 39% 5.10M 1s
  3750K .......... .......... .......... .......... .......... 40% 8.24M 1s
  3800K .......... .......... .......... .......... .......... 40% 2.27M 1s
  3850K .......... .......... .......... .......... .......... 41% 22.0M 1s
  3900K .......... .......... .......... .......... .......... 41% 11.1M 1s
  3950K .......... .......... .......... .......... .......... 42% 6.30M 1s
  4000K .......... .......... .......... .......... .......... 42% 4.20M 1s
  4050K .......... .......... .......... .......... .......... 43% 3.83M 1s
  4100K .......... .......... .......... .......... .......... 43% 7.26M 1s
  4150K .......... .......... .......... .......... .......... 44% 8.51M 1s
  4200K .......... .......... .......... .......... .......... 44% 4.24M 1s
  4250K .......... .......... .......... .......... .......... 45% 8.45M 1s
  4300K .......... .......... .......... .......... .......... 45% 2.45M 1s
  4350K .......... .......... .......... .......... .......... 46% 2.46M 1s
  4400K .......... .......... .......... .......... .......... 46% 29.2M 1s
  4450K .......... .......... .......... .......... .......... 47% 6.87M 1s
  4500K .......... .......... .......... .......... .......... 48% 4.24M 1s
  4550K .......... .......... .......... .......... .......... 48% 4.23M 1s
  4600K .......... .......... .......... .......... .......... 49% 6.64M 1s
  4650K .......... .......... .......... .......... .......... 49% 7.24M 1s
  4700K .......... .......... .......... .......... .......... 50% 6.14M 1s
  4750K .......... .......... .......... .......... .......... 50% 7.51M 1s
  4800K .......... .......... .......... .......... .......... 51% 6.68M 1s
  4850K .......... .......... .......... .......... .......... 51% 5.66M 1s
  4900K .......... .......... .......... .......... .......... 52% 9.07M 1s
  4950K .......... .......... .......... .......... .......... 52% 4.22M 1s
  5000K .......... .......... .......... .......... .......... 53% 7.19M 1s
  5050K .......... .......... .......... .......... .......... 53% 6.27M 1s
  5100K .......... .......... .......... .......... .......... 54% 2.83M 1s
  5150K .......... .......... .......... .......... .......... 54% 9.70M 1s
  5200K .......... .......... .......... .......... .......... 55% 1.29M 1s
  5250K .......... .......... .......... .......... .......... 55% 7.85M 1s
  5300K .......... .......... .......... .......... .......... 56% 6.08M 1s
  5350K .......... .......... .......... .......... .......... 57% 3.44M 1s
  5400K .......... .......... .......... .......... .......... 57% 15.9M 1s
  5450K .......... .......... .......... .......... .......... 58% 6.21M 1s
  5500K .......... .......... .......... .......... .......... 58% 7.42M 1s
  5550K .......... .......... .......... .......... .......... 59% 2.67M 1s
  5600K .......... .......... .......... .......... .......... 59% 3.81M 1s
  5650K .......... .......... .......... .......... .......... 60% 9.73M 1s
  5700K .......... .......... .......... .......... .......... 60% 5.78M 1s
  5750K .......... .......... .......... .......... .......... 61% 7.75M 1s
  5800K .......... .......... .......... .......... .......... 61% 5.08M 1s
  5850K .......... .......... .......... .......... .......... 62% 5.26M 1s
  5900K .......... .......... .......... .......... .......... 62% 3.80M 1s
  5950K .......... .......... .......... .......... .......... 63% 11.2M 1s
  6000K .......... .......... .......... .......... .......... 63% 7.87M 1s
  6050K .......... .......... .......... .......... .......... 64% 5.92M 1s
  6100K .......... .......... .......... .......... .......... 64% 4.30M 1s
  6150K .......... .......... .......... .......... .......... 65% 4.47M 1s
  6200K .......... .......... .......... .......... .......... 65% 6.34M 1s
  6250K .......... .......... .......... .......... .......... 66% 6.22M 1s
  6300K .......... .......... .......... .......... .......... 67% 6.63M 1s
  6350K .......... .......... .......... .......... .......... 67% 9.02M 1s
  6400K .......... .......... .......... .......... .......... 68% 6.29M 1s
  6450K .......... .......... .......... .......... .......... 68% 7.23M 1s
  6500K .......... .......... .......... .......... .......... 69% 5.61M 1s
  6550K .......... .......... .......... .......... .......... 69% 4.76M 1s
  6600K .......... .......... .......... .......... .......... 70% 12.4M 1s
  6650K .......... .......... .......... .......... .......... 70% 1.12M 1s
  6700K .......... .......... .......... .......... .......... 71% 6.73M 1s
  6750K .......... .......... .......... .......... .......... 71% 6.33M 1s
  6800K .......... .......... .......... .......... .......... 72% 6.45M 1s
  6850K .......... .......... .......... .......... .......... 72% 8.84M 1s
  6900K .......... .......... .......... .......... .......... 73% 4.52M 1s
  6950K .......... .......... .......... .......... .......... 73% 7.72M 1s
  7000K .......... .......... .......... .......... .......... 74% 3.17M 1s
  7050K .......... .......... .......... .......... .......... 74% 14.3M 0s
  7100K .......... .......... .......... .......... .......... 75% 9.01M 0s
  7150K .......... .......... .......... .......... .......... 76% 3.20M 0s
  7200K .......... .......... .......... .......... .......... 76% 5.37M 0s
  7250K .......... .......... .......... .......... .......... 77% 5.92M 0s
  7300K .......... .......... .......... .......... .......... 77% 6.20M 0s
  7350K .......... .......... .......... .......... .......... 78% 8.80M 0s
  7400K .......... .......... .......... .......... .......... 78% 5.82M 0s
  7450K .......... .......... .......... .......... .......... 79% 8.38M 0s
  7500K .......... .......... .......... .......... .......... 79% 6.11M 0s
  7550K .......... .......... .......... .......... .......... 80% 6.09M 0s
  7600K .......... .......... .......... .......... .......... 80% 1.21M 0s
  7650K .......... .......... .......... .......... .......... 81% 5.96M 0s
  7700K .......... .......... .......... .......... .......... 81% 7.77M 0s
  7750K .......... .......... .......... .......... .......... 82% 6.29M 0s
  7800K .......... .......... .......... .......... .......... 82% 5.93M 0s
  7850K .......... .......... .......... .......... .......... 83% 7.59M 0s
  7900K .......... .......... .......... .......... .......... 83% 6.52M 0s
  7950K .......... .......... .......... .......... .......... 84% 4.95M 0s
  8000K .......... .......... .......... .......... .......... 84% 6.68M 0s
  8050K .......... .......... .......... .......... .......... 85% 3.03M 0s
  8100K .......... .......... .......... .......... .......... 86% 25.8M 0s
  8150K .......... .......... .......... .......... .......... 86% 8.07M 0s
  8200K .......... .......... .......... .......... .......... 87% 6.96M 0s
  8250K .......... .......... .......... .......... .......... 87% 2.79M 0s
  8300K .......... .......... .......... .......... .......... 88% 6.53M 0s
  8350K .......... .......... .......... .......... .......... 88% 8.52M 0s
  8400K .......... .......... .......... .......... .......... 89% 6.76M 0s
  8450K .......... .......... .......... .......... .......... 89% 7.47M 0s
  8500K .......... .......... .......... .......... .......... 90% 5.75M 0s
  8550K .......... .......... .......... .......... .......... 90% 6.45M 0s
  8600K .......... .......... .......... .......... .......... 91% 1.14M 0s
  8650K .......... .......... .......... .......... .......... 91% 3.41M 0s
  8700K .......... .......... .......... .......... .......... 92% 5.01M 0s
  8750K .......... .......... .......... .......... .......... 92% 6.46M 0s
  8800K .......... .......... .......... .......... .......... 93% 7.90M 0s
  8850K .......... .......... .......... .......... .......... 93% 3.79M 0s
  8900K .......... .......... .......... .......... .......... 94% 5.94M 0s
  8950K .......... .......... .......... .......... .......... 95% 7.60M 0s
  9000K .......... .......... .......... .......... .......... 95% 6.18M 0s
  9050K .......... .......... .......... .......... .......... 96% 6.54M 0s
  9100K .......... .......... .......... .......... .......... 96% 7.30M 0s
  9150K .......... .......... .......... .......... .......... 97% 7.29M 0s
  9200K .......... .......... .......... .......... .......... 97% 3.37M 0s
  9250K .......... .......... .......... .......... .......... 98% 3.79M 0s
  9300K .......... .......... .......... .......... .......... 98% 7.02M 0s
  9350K .......... .......... .......... .......... .......... 99% 6.53M 0s
  9400K .......... .......... .......... .......... .......... 99% 6.70M 0s
  9450K .......... ..........                                 100% 3.24M=2.0s

2017-01-12 03:33:58 (4.73 MB/s) - ‘/tmp/flashplugin-nonfree.ninr6X0IM4/flash_player_npapi_linux.x86_64.tar.gz’ saved [9698084/9698084]

Setting up fontconfig (2.11.0-6.3+deb8u1) ...
Regenerating fonts cache... done.
Setting up libarchive13:amd64 (3.1.2-11+deb8u3) ...
Setting up libaudiofile1:amd64 (0.3.6-2+deb8u1) ...
Setting up libavutil54:amd64 (6:11.8-1~deb8u1) ...
Setting up libavresample2:amd64 (6:11.8-1~deb8u1) ...
Setting up libavcodec-extra-56:amd64 (6:11.8-1~deb8u1) ...
Setting up libavformat56:amd64 (6:11.8-1~deb8u1) ...
Setting up libavdevice55:amd64 (6:11.8-1~deb8u1) ...
Setting up libswscale3:amd64 (6:11.8-1~deb8u1) ...
Setting up libavfilter5:amd64 (6:11.8-1~deb8u1) ...
Setting up libav-tools (6:11.8-1~deb8u1) ...
Setting up libcurl3:amd64 (7.38.0-4+deb8u5) ...
Setting up libisc-export95 (1:9.9.5.dfsg-9+deb8u9) ...
Setting up libdns-export100 (1:9.9.5.dfsg-9+deb8u9) ...
Setting up libgd3:amd64 (2.1.0-5+deb8u8) ...
Setting up libgudev-1.0-0:amd64 (215-17+deb8u5) ...
Setting up libicu52:amd64 (52.1-8+deb8u4) ...
Setting up libisccfg-export90 (1:9.9.5.dfsg-9+deb8u9) ...
Setting up libirs-export91 (1:9.9.5.dfsg-9+deb8u9) ...
Setting up libltdl7:amd64 (2.4.2-1.11+b1) ...
Setting up libpcsclite1:amd64 (1.8.13-1+deb8u1) ...
Setting up libpolkit-gobject-1-0:amd64 (0.105-15~deb8u2.0nosystemd1) ...
Setting up libpolkit-agent-1-0:amd64 (0.105-15~deb8u2.0nosystemd1) ...
Setting up libpolkit-backend-1-0:amd64 (0.105-15~deb8u2.0nosystemd1) ...
Setting up libpython2.7-minimal:amd64 (2.7.9-2+deb8u1) ...
Setting up python2.7-minimal (2.7.9-2+deb8u1) ...
Setting up libpython2.7-stdlib:amd64 (2.7.9-2+deb8u1) ...
Setting up python2.7 (2.7.9-2+deb8u1) ...
Setting up libpython2.7:amd64 (2.7.9-2+deb8u1) ...
Setting up uno-libs3 (4.3.3-2+deb8u5) ...
Setting up ure (4.3.3-2+deb8u5) ...
Setting up fonts-opensymbol (2:102.6+LibO4.3.3-2+deb8u5) ...
Setting up libreoffice-style-galaxy (1:4.3.3-2+deb8u5) ...
Setting up libreoffice-common (1:4.3.3-2+deb8u5) ...
Installing new version of config file /etc/bash_completion.d/libreoffice.sh ...
Setting up libxslt1.1:amd64 (1.1.28-2+deb8u2) ...
Setting up libreoffice-core (1:4.3.3-2+deb8u5) ...
Setting up libreoffice-base-core (1:4.3.3-2+deb8u5) ...
Setting up libreoffice-calc (1:4.3.3-2+deb8u5) ...
Setting up libreoffice-draw (1:4.3.3-2+deb8u5) ...
Setting up libreoffice-impress (1:4.3.3-2+deb8u5) ...
Setting up libreoffice-gtk (1:4.3.3-2+deb8u5) ...
Setting up libreoffice-math (1:4.3.3-2+deb8u5) ...
Setting up libreoffice-writer (1:4.3.3-2+deb8u5) ...
Setting up libwbclient0:amd64 (2:4.2.14+dfsg-0+deb8u2) ...
Setting up ntpdate (1:4.2.6.p5+dfsg-7+deb8u2) ...
Setting up samba-common (2:4.2.14+dfsg-0+deb8u2) ...
Setting up apt-utils (1.0.9.8.4) ...
Setting up vim-common (2:7.4.488-7+deb8u1) ...
Setting up vim-tiny (2:7.4.488-7+deb8u1) ...
Setting up antix-libs (0.5.20) ...
Installing new version of config file /etc/sudoers.d/antixers ...
Setting up apt-antix (0.2.6) ...

Configuration file '/etc/apt/sources.list.d/mx.list'
 ==&gt; Modified (by you or by a script) since installation.
 ==&gt; Package distributor has shipped an updated version.
   What would you like to do about it ?  Your options are:
    Y or I  : install the package maintainer's version
    N or O  : keep your currently-installed version
      D     : show the differences between the versions
      Z     : start a shell to examine the situation
 The default action is to keep your current version.
*** mx.list (Y/I/N/O/D/Z) [default=N] ? y
Installing new version of config file /etc/apt/sources.list.d/mx.list ...

Configuration file '/etc/apt/sources.list.d/various.list'
 ==&gt; Modified (by you or by a script) since installation.
 ==&gt; Package distributor has shipped an updated version.
   What would you like to do about it ?  Your options are:
    Y or I  : install the package maintainer's version
    N or O  : keep your currently-installed version
      D     : show the differences between the versions
      Z     : start a shell to examine the situation
 The default action is to keep your current version.
*** various.list (Y/I/N/O/D/Z) [default=N] ? y
Installing new version of config file /etc/apt/sources.list.d/various.list ...
Setting up desktop-session-antix (0.2.7.16) ...
Installing new version of config file /etc/skel/.desktop-session/desktop-session.conf ...
Setting up mountbox-antix (0.1.4) ...
Setting up remaster-antix (0.5.17) ...
Setting up libisc95 (1:9.9.5.dfsg-9+deb8u9) ...
Setting up libdns100 (1:9.9.5.dfsg-9+deb8u9) ...
Setting up libisccc90 (1:9.9.5.dfsg-9+deb8u9) ...
Setting up libisccfg90 (1:9.9.5.dfsg-9+deb8u9) ...
Setting up libbind9-90 (1:9.9.5.dfsg-9+deb8u9) ...
Setting up liblwres90 (1:9.9.5.dfsg-9+deb8u9) ...
Setting up bind9-host (1:9.9.5.dfsg-9+deb8u9) ...
Setting up locales (2.19-18+deb8u6) ...
Generating locales (this might take a while)...
  ar_EG.UTF-8... done
  be_BY.UTF-8... done
  bg_BG.UTF-8... done
  ca_ES.UTF-8... done
  cs_CZ.UTF-8... done
  da_DK.UTF-8... done
  de_CH.UTF-8... done
  de_DE.UTF-8... done
  el_GR.UTF-8... done
  en_AU.UTF-8... done
  en_CA.UTF-8... done
  en_GB.UTF-8... done
  en_IE.UTF-8... done
  en_NZ.UTF-8... done
  en_US.ISO-8859-1... done
  en_US.UTF-8... done
  es_AR.UTF-8... done
  es_BO.UTF-8... done
  es_ES.UTF-8... done
  es_MX.UTF-8... done
  es_NI.UTF-8... done
  es_PA.UTF-8... done
  es_PE.UTF-8... done
  es_US.UTF-8... done
  es_VE.UTF-8... done
  et_EE.UTF-8... done
  eu_ES.UTF-8... done
  fa_IR.UTF-8... done
  fi_FI.UTF-8... done
  fr_BE.UTF-8... done
  fr_CA.UTF-8... done
  fr_CH.UTF-8... done
  fr_FR.UTF-8... done
  ga_IE.UTF-8... done
  he_IL.UTF-8... done
  hr_HR.UTF-8... done
  hu_HU.UTF-8... done
  is_IS.UTF-8... done
  it_IT.UTF-8... done
  ja_JP.UTF-8... done
  ko_KR.UTF-8... done
  lt_LT.UTF-8... done
  lv_LV.UTF-8... done
  mk_MK.UTF-8... done
  nb_NO.UTF-8... done
  nl_BE.UTF-8... done
  nl_NL.UTF-8... done
  nn_NO.UTF-8... done
  pl_PL.UTF-8... done
  pt_BR.UTF-8... done
  pt_PT.UTF-8... done
  ro_RO.UTF-8... done
  ru_RU.UTF-8... done
  sk_SK.UTF-8... done
  sl_SI.UTF-8... done
  sq_AL.UTF-8... done
  sr_RS.UTF-8... done
  sv_SE.UTF-8... done
  tr_TR.UTF-8... done
  uk_UA.UTF-8... done
  zh_CN.UTF-8... done
  zh_TW.UTF-8... done
Generation complete.
Setting up openssh-client (1:6.7p1-5+deb8u3) ...
Setting up openssh-sftp-server (1:6.7p1-5+deb8u3) ...
Setting up openssh-server (1:6.7p1-5+deb8u3) ...
[ ok ] Restarting OpenBSD Secure Shell server: sshd.
Setting up add-desktop-antix (0.3.8) ...
Setting up add-key-antix (0.3.3) ...
Setting up add-start-antix (0.3.4) ...
Setting up advert-block-antix (0.2.10) ...
Setting up wodim (9:1.1.11-3mx150+1) ...
Setting up antix-goodies (0.5.14) ...
Setting up partition-info (1.3) ...
Setting up antix-installer (0.7.3.6) ...
Setting up automount-antix (0.1.3) ...
Setting up cherrytree (0.37.4-1mx150+1) ...
Setting up genisoimage (9:1.1.11-3mx150+1) ...
Setting up cli-installer-antix (3.9) ...
Setting up wallpaper-antix (0.3.8) ...
Setting up live-usb-gui-antix (0.3.3) ...
Setting up set-screen-blank-antix (0.2.1) ...
Setting up control-centre-antix (0.4.22) ...
Setting up droopy-antix (0.1.2) ...
Setting up faq-docs-antix (0.4.8) ...
Setting up fbxkb (0.6-2.3) ...
Setting up firefox-esr (45.6.0esr-1~deb8u1) ...
Setting up libgs9-common (9.06~dfsg-2+deb8u4) ...
Setting up libgs9 (9.06~dfsg-2+deb8u4) ...
Setting up ghostscript (9.06~dfsg-2+deb8u4) ...
Setting up gir1.2-polkit-1.0 (0.105-15~deb8u2.0nosystemd1) ...
Setting up gnupg-agent (2.0.26-6+deb8u1) ...
Setting up gnupg2 (2.0.26-6+deb8u1) ...
Setting up gnupg-curl (1.4.18-7+deb8u3) ...
Setting up icedax (9:1.1.11-3mx150+1) ...
Setting up install-meta-antix (0.6.15) ...
Setting up irssi (0.8.17-1+deb8u1) ...
Setting up iso-template-antix (15.25antix16) ...
Setting up iso-snapshot-antix (0.1.4) ...
Setting up linux-headers-4.4.10-antix.1-amd64-smp (4.4.10-antix.1-amd64-smp-1) ...
Setting up ndiswrapper-dkms (1.60-2mx150+1) ...
Loading new ndiswrapper-1.60 DKMS files...
Building only for 4.4.10-antix.1-amd64-smp
Building initial module for 4.4.10-antix.1-amd64-smp
Done.

ndiswrapper:
Running module version sanity check.
 - Original module
   - No original module exists within this kernel
 - Installation
   - Installing to /lib/modules/4.4.10-antix.1-amd64-smp/updates/

depmod......

DKMS: install completed.
Setting up openssl (1.0.1t-1+deb8u5) ...
Setting up policykit-1 (0.105-15~deb8u2.0nosystemd1) ...
Setting up python-pil:amd64 (2.6.1-2+deb8u3) ...
Setting up python-imaging (2.6.1-2+deb8u3) ...
Setting up python-libxml2 (2.9.1+dfsg1-5+deb8u4) ...
Setting up smxi-inxi-antix (0.3.7) ...
Setting up vorbis-tools (1.4.0-6+deb8u1) ...
Setting up wpasupplicant (2.3-1+deb8u4) ...
Setting up wpagui (2.3-1+deb8u4) ...
Setting up libavcodec-extra (6:11.8-1~deb8u1) ...
Setting up streamtuner2 (2.1.9-1.1) ...
Setting up usb-modeswitch-data (20160803-1mx150+1) ...
Setting up usb-modeswitch (2.4.0+repack0-1~bpo8+1mx150+1) ...
Installing new version of config file /etc/usb_modeswitch.conf ...
Processing triggers for libc-bin (2.19-18+deb8u6) ...
Processing triggers for initramfs-tools (0.120+deb8u2) ...
update-initramfs: Generating /boot/initrd.img-4.4.10-antix.1-amd64-smp
W: Possible missing firmware /lib/firmware/rtl_nic/rtl8107e-2.fw for module r8169
W: Possible missing firmware /lib/firmware/rtl_nic/rtl8107e-1.fw for module r8169
W: Possible missing firmware /lib/firmware/rtl_nic/rtl8168h-2.fw for module r8169
W: Possible missing firmware /lib/firmware/rtl_nic/rtl8168h-1.fw for module r8169
Processing triggers for menu (2.1.47) ...
Writing Menu: icewm
Writing Menu: fluxbox
Writing Menu: jwm</code></pre></div>
<br>
Thanks for hanging in there with me. I hope that someday I'll be knowledgeable enough to cut out the chaff.<br>
<br>
Again thanks in advance.<br>
<br>
Bill<br>
<br>
Edit by rok. Put terminal readout in code tags next time INOV8TN. I about blew up my netbook screen real estate trying to read your waterfall of terminal readout posted in this thread.<br>
<br>
<strong>Sorry about that. I'll do better next time.</strong></div>

<div class="notice">
Last edited by <b>INOV8TN</b> on 13 Jan 2017, 00:07, edited 1 time in total.
</div>
</div>
</div>

</div>
</div>
<div id="p_49759" class="post has-profile bg1">
<div class="inner">
<dl class="postprofile" id="profile49759">
<dt class="has-profile-rank has-avatar avatar-username">
<span class="username">anticapitalista</span>
<div class="avatar-username-inner">
<div class="thread-user-detail">
<div class="detail-title-numposts"><span class="detail-title-numposts">Posts: 5,955</span></div>

</div>
</div>
</dt>
<dd class="profile-rank">Site Admin</dd>
<dd class="profile-joined">Joined: 11 Sep 2007</dd>
</dl>
<div class="postbody">
<div id="post_content49759">

<time datetime="2017-01-12T21:51">posted: 2017-01-12 &nbsp; 21:51</time>
<span class="permalink"><a href="./new-installation-of-64-bit-v-16-produced-strange-r-t6790.html#p49759" title="permalink">#2</a></span>

<div class="content">So what is the problem?</div>
</div>
</div>

</div>
</div>
<div id="p_49760" class="post has-profile bg2">
<div class="inner">
<dl class="postprofile" id="profile49760">
<dt class="no-profile-rank has-avatar avatar-username">
<div class="avatar-username-inner">
<div class="thread-user-detail">
<div class="detail-title-numposts"><span class="detail-title-numposts">Posts: 4,164</span></div>

</div>
</div>
<span class="username">rokytnji</span>
</dt>
<dd class="profile-joined">Joined: 20 Feb 2009</dd>
</dl>
<div class="postbody">
<div id="post_content49760">

<time datetime="2017-01-12T22:49">posted: 2017-01-12 &nbsp; 22:49</time>
<span class="permalink"><a href="./new-installation-of-64-bit-v-16-produced-strange-r-t6790.html#p49760" title="permalink">#3</a></span>

<div class="content"><blockquote class="uncited"><div>For whatever reason 64 bit V 16 wouldn't install w/o GRUB which I don't think I need (No W now or ever).<br>
<br>
What's done is done wrt GRUB but maybe not (LOL) because there seemed to be no way I could repartition the hdd to cover the memory in this machine.<br>
<br>
I'm ready to throw away my install and serious update-all effort if I can get some certainty wrt:<br>
1) Not being forced to use GRUB which seemed to be an option for an Antix-Only machine and<br>
2) if I can learn how to get a SWAP partition that's big enough to cover the 3+GB memory I have here.<br>
<br>
Thanks in advance.
</div></blockquote>
Another edit by rok. Please keep your rants/? in one thread only. I am deleting your other thread in software.</div>
</div>
</div>

</div>
</div>
<div id="p_49762" class="post has-profile bg1">
<div class="inner">
<dl class="postprofile" id="profile49762">
<dt class="no-profile-rank has-avatar avatar-username">
<div class="avatar-username-inner">
<div class="thread-user-detail">
<div class="detail-title-numposts"><span class="detail-title-numposts">Posts: 1,445</span></div>

</div>
</div>
<span class="username">skidoo</span>
</dt>
<dd class="profile-joined">Joined: 09 Feb 2012</dd>
</dl>
<div class="postbody">
<div id="post_content49762">

<time datetime="2017-01-12T23:43">posted: 2017-01-12 &nbsp; 23:43</time>
<span class="permalink"><a href="./new-installation-of-64-bit-v-16-produced-strange-r-t6790.html#p49762" title="permalink">#4</a></span>

<div class="content">Maybe that quoted bit was from a now deleted post. I don't remember reading that previously.<br>
<br>
In another topic, you were asking whether swapfile could reside on a pendrive partition.<br>
In my reply, I refrained from asking"why would you want to do that?"<br>
Now that I'm reading you have 3Gb RAM available, I'll point out that with only 2Gb RAM here, I run with swap completely disabled.<br>
Sounds like you've read"something, somewhere" (written way back when) which has convinced you that swap is essential.<br>
<blockquote class="uncited"><div>Not being forced to use GRUB which seemed to be an option for an Antix-Only machine and</div></blockquote>This, I can't tell which end's up. Maybe try rephrasing the issue / question</div>
</div>
</div>

</div>
</div>
<div id="p_49793" class="post has-profile bg2">
<div class="inner">
<dl class="postprofile" id="profile49793">
<dt class="no-profile-rank has-avatar avatar-username">
<div class="avatar-username-inner">
<div class="thread-user-detail">
<div class="detail-title-numposts"><span class="detail-title-numposts">Posts: 34</span></div>

</div>
</div>
<span class="username">INOV8TN</span>
</dt>
<dd class="profile-joined">Joined: 10 Oct 2016</dd>
</dl>
<div class="postbody">
<div id="post_content49793">

<time datetime="2017-01-15T01:19">posted: 2017-01-15 &nbsp; 01:19</time>
<span class="permalink"><a href="./new-installation-of-64-bit-v-16-produced-strange-r-t6790.html#p49793" title="permalink">#5</a></span>

<div class="content">What can I do to help you help me?</div>
</div>
</div>

</div>
</div>
<div id="p_49795" class="post has-profile bg1">
<div class="inner">
<dl class="postprofile" id="profile49795">
<dt class="no-profile-rank has-avatar avatar-username">
<div class="avatar-username-inner">
<div class="thread-user-detail">
<div class="detail-title-numposts"><span class="detail-title-numposts">Posts: 850</span></div>

</div>
</div>
<span class="username">fatmac</span>
</dt>
<dd class="profile-joined">Joined: 26 Jul 2012</dd>
</dl>
<div class="postbody">
<div id="post_content49795">

<time datetime="2017-01-15T12:24">posted: 2017-01-15 &nbsp; 12:24</time>
<span class="permalink"><a href="./new-installation-of-64-bit-v-16-produced-strange-r-t6790.html#p49795" title="permalink">#6</a></span>

<div class="content">Telling us what your exact problem is &amp; what your computer specifications are will go a long way to getting a correct answer. <span class="emoticon"> __{{emoticon}}__ </span><br>
<br>
Edit: All I can see from your post on here are some 'warnings' (W:) that can be ignored.</div>
<div class="postcontent_footer">
 
</div>
</div>
</div>

</div>
</div>
<div id="p_49884" class="post has-profile bg2">
<div class="inner">
<dl class="postprofile" id="profile49884">
<dt class="no-profile-rank has-avatar avatar-username">
<div class="avatar-username-inner">
<div class="thread-user-detail">
<div class="detail-title-numposts"><span class="detail-title-numposts">Posts: 34</span></div>

</div>
</div>
<span class="username">INOV8TN</span>
</dt>
<dd class="profile-joined">Joined: 10 Oct 2016</dd>
</dl>
<div class="postbody">
<div id="post_content49884">

<time datetime="2017-01-22T08:13">posted: 2017-01-22 &nbsp; 08:13</time>
<span class="permalink"><a href="./new-installation-of-64-bit-v-16-produced-strange-r-t6790.html#p49884" title="permalink">#7</a></span>

<div class="content">1) The installation instructions that I was following indicated that I had an option to install AntiX 64 with GRUB or without it. I chose 'without' several times but was unable to install AntiX until I selected GRUB. This seemed useless. <br>
<br>
Is there a way to follow the instructions and get a successful install with out installing GRUB?<br>
<br>
2) Also, while following the instructions I was given the opportunity to create a partition for SWAP. The instructions mentioned that in order to use the Hibernate function I set up a SWAP partition that was larger than my RAM. When I attempted to do this within the script I was unable to achieve the suggested SWAP size.<br>
<br>
Is there a way to follow the instructions and create a SWAP partition that is larger than my RAM. If not can I do it outside the instructions/script with the expectation that the install will honor the SWAP partition? If so, how?<br>
<br>
Here's some info about this PC:<br>
<div class="codebox"><p>Code: <a href="#" onclick="selectCode(this); return false;">Select all</a></p><pre><code>wl@antix1:~
$ inxi -F
System:    Host: antix1 Kernel: 4.4.10-antix.1-amd64-smp x86_64 (64 bit)
           Desktop: IceWM 1.3.8
           Distro: antiX-16_x64-full Berta Cáceres 26 June 2016
Machine:   Device: laptop System: Sony product: VPCEE25FX v: C1047XPW
           Mobo: Sony model: VAIO BIOS: Insyde v: R0200Z5 date: 12/09/2010
Battery    BAT1: charge: 41.3 Wh 99.9% condition: 41.3/42.2 Wh (98%)
CPU:       Dual core AMD Athlon II P320 (-MCP-) cache: 1024 KB 
           clock speeds: max: 2100 MHz 1: 800 MHz 2: 1500 MHz
Graphics:  Card: Advanced Micro Devices [AMD/ATI] RS880M [Mobility Radeon HD 4225/4250]
           Display Server: X.Org 1.16.4 drivers: ati,radeon (unloaded: modesetting,fbdev,vesa)
           Resolution: 1366x768@59.97hz
           GLX Renderer: Gallium 0.4 on AMD RS880 GLX Version: 3.0 Mesa 10.3.2
Audio:     Card-1 Advanced Micro Devices [AMD/ATI] RS880 HDMI Audio [Radeon HD 4200 Series]
           driver: snd_hda_intel
           Card-2 Advanced Micro Devices [AMD/ATI] SBx00 Azalia (Intel HDA)
           driver: snd_hda_intel
           Sound: ALSA v: k4.4.10-antix.1-amd64-smp
Network:   Card-1: Realtek RTL8111/8168/8411 PCI Express Gigabit Ethernet Controller
           driver: r8169
           IF: eth0 state: down mac: 00:24:be:f8:e4:fd
           Card-2: Qualcomm Atheros AR9285 Wireless Network Adapter (PCI-Express)
           driver: ath9k
           IF: wlan0 state: up mac: 78:dd:08:da:a2:b2
Drives:    HDD Total Size: 320.1GB (1.7% used)
           ID-1: /dev/sda model: SAMSUNG_HM321HI size: 320.1GB
Partition: ID-1: / size: 292G used: 3.2G (2%) fs: ext4 dev: /dev/sda1
           ID-2: swap-1 size: 2.17GB used: 0.00GB (0%) fs: swap dev: /dev/sda2
Sensors:   System Temperatures: cpu: 53.0C mobo: N/A
           Fan Speeds (in rpm): cpu: N/A
Info:      Processes: 163 Uptime: 2:51 Memory: 600.9/3698.6MB
           Client: Shell (bash) inxi: 2.3.5 
wl@antix1:~
$</code></pre></div>
dmesg | grep firmware was unsuccessful<br>
<div class="codebox"><p>Code: <a href="#" onclick="selectCode(this); return false;">Select all</a></p><pre><code>wl@antix1:~
$ dmesg | grep firmware
wl@antix1:~
$ sudo dmesg | grep firmware
[sudo] password for wl: 
wl@antix1:~
$ dmesg | grep firmware
wl@antix1:~
$ 
</code></pre></div>
But dmesg was prolific:
<div class="codebox"><p>Code: <a href="#" onclick="selectCode(this); return false;">Select all</a></p><pre><code>wl@antix1:~
$ dmesg
[    0.000000] AGP: No AGP bridge found
[    0.000000] AGP: Node 0: aperture [bus addr 0x1d7e000000-0x1d7fffffff] (32MB)
[    0.000000] Aperture beyond 4GB. Ignoring.
[    0.000000] AGP: Your BIOS doesn't leave an aperture memory hole
[    0.000000] AGP: Please enable the IOMMU option in the BIOS setup
[    0.000000] AGP: This costs you 64MB of RAM
[    0.000000] AGP: Mapping aperture over RAM [mem 0xd4000000-0xd7ffffff] (65536KB)
[    0.000000] PM: Registered nosave memory: [mem 0xd4000000-0xd7ffffff]
[    0.000000] Memory: 3702392K/3926936K available (6762K kernel code, 1011K rwdata, 3240K rodata, 1044K init, 716K bss, 224544K reserved, 0K cma-reserved)
[    0.000000] SLUB: HWalign=64, Order=0-3, MinObjects=0, CPUs=4, Nodes=1
[    0.000000] Preemptible hierarchical RCU implementation.
[    0.000000]     RCU restricting CPUs from NR_CPUS=512 to nr_cpu_ids=4.
[    0.000000]     RCU kthread priority: 1.
[    0.000000] RCU: Adjusting geometry for rcu_fanout_leaf=16, nr_cpu_ids=4
[    0.000000] NR_IRQS:33024 nr_irqs:456 16
[    0.000000]     Offload RCU callbacks from all CPUs
[    0.000000]     Offload RCU callbacks from CPUs: 0-3.
[    0.000000] spurious 8259A interrupt: IRQ7.
[    0.000000] Console: colour VGA+ 80x25
[    0.000000] console [tty0] enabled
[    0.000000] clocksource: hpet: mask: 0xffffffff max_cycles: 0xffffffff, max_idle_ns: 133484873504 ns
[    0.000000] hpet clockevent registered
[    0.000000] tsc: Fast TSC calibration using PIT
[    0.000000] tsc: Detected 2094.666 MHz processor
[    0.000035] Calibrating delay loop (skipped), value calculated using timer frequency.. 4189.33 BogoMIPS (lpj=2094666)
[    0.000038] pid_max: default: 32768 minimum: 301
[    0.000045] ACPI: Core revision 20150930
[    0.006444] ACPI: 2 ACPI AML tables successfully acquired and loaded
[    0.006470] Security Framework initialized
[    0.006473] Yama: becoming mindful.
[    0.006479] SELinux:  Disabled at boot.
[    0.006481] AppArmor: AppArmor disabled by boot time parameter
[    0.006766] Dentry cache hash table entries: 524288 (order: 10, 4194304 bytes)
[    0.008293] Inode-cache hash table entries: 262144 (order: 9, 2097152 bytes)
[    0.009010] Mount-cache hash table entries: 8192 (order: 4, 65536 bytes)
[    0.009017] Mountpoint-cache hash table entries: 8192 (order: 4, 65536 bytes)
[    0.009283] Initializing cgroup subsys io
[    0.009288] Initializing cgroup subsys memory
[    0.009297] Initializing cgroup subsys devices
[    0.009301] Initializing cgroup subsys freezer
[    0.009304] Initializing cgroup subsys net_cls
[    0.009307] Initializing cgroup subsys perf_event
[    0.009310] Initializing cgroup subsys net_prio
[    0.009313] Initializing cgroup subsys hugetlb
[    0.009336] CPU: Physical Processor ID: 0
[    0.009338] CPU: Processor Core ID: 0
[    0.009340] mce: CPU supports 6 MCE banks
[    0.009347] LVT offset 0 assigned for vector 0xf9
[    0.009351] process: using AMD E400 aware idle routine
[    0.009353] Last level iTLB entries: 4KB 512, 2MB 16, 4MB 8
[    0.009355] Last level dTLB entries: 4KB 512, 2MB 128, 4MB 64, 1GB 0
[    0.009623] Freeing SMP alternatives memory: 28K (ffffffff81bca000 - ffffffff81bd1000)
[    0.012038] ..TIMER: vector=0x30 apic1=0 pin1=2 apic2=-1 pin2=-1
[    0.123849] smpboot: CPU0: AMD Athlon(tm) II P320 Dual-Core Processor (family: 0x10, model: 0x6, stepping: 0x3)
[    0.123873] Performance Events: AMD PMU driver.
[    0.123878] ... version:                0
[    0.123880] ... bit width:              48
[    0.123881] ... generic registers:      4
[    0.123882] ... value mask:             0000ffffffffffff
[    0.123883] ... max period:             00007fffffffffff
[    0.123884] ... fixed-purpose events:   0
[    0.123885] ... event mask:             000000000000000f
[    0.123936] process: System has AMD C1E enabled
[    0.123944] process: Switch to broadcast mode on CPU0
[    0.133060] x86: Booting SMP configuration:
[    0.133065] .... node  #0, CPUs:      #1
[    0.135198] x86: Booted up 1 node, 2 CPUs
[    0.135200] smpboot: Total of 2 processors activated (8378.66 BogoMIPS)
[    0.135230] process: Switch to broadcast mode on CPU1
[    0.135785] devtmpfs: initialized
[    0.135984] evm: security.selinux
[    0.135986] evm: security.capability
[    0.136077] PM: Registering ACPI NVS region [mem 0xde649000-0xde848fff] (2097152 bytes)
[    0.136110] PM: Registering ACPI NVS region [mem 0xdfdbf000-0xdfebefff] (1048576 bytes)
[    0.136203] clocksource: jiffies: mask: 0xffffffff max_cycles: 0xffffffff, max_idle_ns: 1911260446275000 ns
[    0.136289] prandom: seed boundary self test passed
[    0.137008] prandom: 100 self tests passed
[    0.137011] pinctrl core: initialized pinctrl subsystem
[    0.137231] NET: Registered protocol family 16
[    0.141023] cpuidle: using governor ladder
[    0.143024] cpuidle: using governor menu
[    0.143034] PCCT header not found.
[    0.143042] node 0 link 0: io port [0, ffffff]
[    0.143045] TOM: 00000000e0000000 aka 3584M
[    0.143048] Fam 10h mmconf [mem 0xf8000000-0xfbffffff]
[    0.143050] node 0 link 0: mmio [e0000000, efffffff]
[    0.143053] node 0 link 0: mmio [f0000000, f40fffff]
[    0.143055] node 0 link 0: mmio [f4100000, f42fffff]
[    0.143056] node 0 link 0: mmio [f4300000, f6ffffff]
[    0.143058] node 0 link 0: mmio [f7000000, f7ffffff]
[    0.143060] node 0 link 0: mmio [f8000000, febfffff] ==&gt; [fc000000, febfffff]
[    0.143063] node 0 link 0: mmio [fec00000, fffeffff]
[    0.143064] node 0 link 0: mmio [ffff0000, ffffffff]
[    0.143066] TOM2: 0000000120000000 aka 4608M
[    0.143068] bus: [bus 00-1f] on node 0 link 0
[    0.143070] bus: 00 [io  0x0000-0xffff]
[    0.143071] bus: 00 [mem 0xe0000000-0xf7ffffff]
[    0.143073] bus: 00 [mem 0xfc000000-0xffffffff]
[    0.143074] bus: 00 [mem 0x120000000-0xfcffffffff]
[    0.143131] Simple Boot Flag at 0x44 set to 0x1
[    0.143159] ACPI: bus type PCI registered
[    0.143162] acpiphp: ACPI Hot Plug PCI Controller Driver version: 0.5
[    0.143269] PCI: MMCONFIG for domain 0000 [bus 00-0f] at [mem 0xf8000000-0xf8ffffff] (base 0xf8000000)
[    0.143272] PCI: MMCONFIG at [mem 0xf8000000-0xf8ffffff] reserved in E820
[    0.143277] PCI: Using configuration type 1 for base access
[    0.143395] mtrr: your CPUs had inconsistent fixed MTRR settings
[    0.143396] mtrr: your CPUs had inconsistent variable MTRR settings
[    0.143397] mtrr: probably your BIOS does not setup all CPUs.
[    0.143398] mtrr: corrected configuration.
[    0.146399] ACPI: Added _OSI(Module Device)
[    0.146403] ACPI: Added _OSI(Processor Device)
[    0.146405] ACPI: Added _OSI(3.0 _SCP Extensions)
[    0.146407] ACPI: Added _OSI(Processor Aggregator Device)
[    0.148741] ACPI: Executed 1 blocks of module-level executable AML code
[    0.150932] [Firmware Bug]: ACPI: BIOS _OSI(Linux) query ignored
[    0.151249] ACPI : EC: EC started
[    0.152799] ACPI: Interpreter enabled
[    0.152821] ACPI Exception: AE_NOT_FOUND, While evaluating Sleep State [\_S2_] (20150930/hwxface-580)
[    0.152840] ACPI: (supports S0 S1 S3 S4 S5)
[    0.152843] ACPI: Using IOAPIC for interrupt routing
[    0.153017] PCI: Using host bridge windows from ACPI; if necessary, use"pci=nocrs" and report a bug
[    0.158387] ACPI: PCI Root Bridge [PCI0] (domain 0000 [bus 00-ff])
[    0.158396] acpi PNP0A08:00: _OSC: OS supports [ExtendedConfig ASPM ClockPM Segments MSI]
[    0.158402] acpi PNP0A08:00: _OSC failed (AE_NOT_FOUND); disabling ASPM
[    0.158414] acpi PNP0A08:00: [Firmware Info]: MMCONFIG for domain 0000 [bus 00-0f] only partially covers this bridge
[    0.158778] acpi PNP0A08:00: ignoring host bridge window [mem 0x000cc000-0x000cffff window] (conflicts with Video ROM [mem 0x000c0000-0x000cedff])
[    0.158931] PCI host bridge to bus 0000:00
[    0.158935] pci_bus 0000:00: root bus resource [io  0x0000-0x0cf7 window]
[    0.158937] pci_bus 0000:00: root bus resource [io  0x0d00-0xffff window]
[    0.158939] pci_bus 0000:00: root bus resource [mem 0x000a0000-0x000bffff window]
[    0.158942] pci_bus 0000:00: root bus resource [mem 0x000c0000-0x000c3fff window]
[    0.158944] pci_bus 0000:00: root bus resource [mem 0x000c4000-0x000c7fff window]
[    0.158946] pci_bus 0000:00: root bus resource [mem 0x000c8000-0x000cbfff window]
[    0.158951] pci_bus 0000:00: root bus resource [mem 0x000d0000-0x000d3fff window]
[    0.158953] pci_bus 0000:00: root bus resource [mem 0x000d4000-0x000d7fff window]
[    0.158956] pci_bus 0000:00: root bus resource [mem 0x000d8000-0x000dbfff window]
[    0.158958] pci_bus 0000:00: root bus resource [mem 0x000dc000-0x000dffff window]
[    0.158963] pci_bus 0000:00: root bus resource [mem 0x000e0000-0x000e3fff window]
[    0.158965] pci_bus 0000:00: root bus resource [mem 0x000e4000-0x000e7fff window]
[    0.158967] pci_bus 0000:00: root bus resource [mem 0x000e8000-0x000ebfff window]
[    0.158969] pci_bus 0000:00: root bus resource [mem 0x000ec000-0x000effff window]
[    0.158972] pci_bus 0000:00: root bus resource [mem 0xe0000000-0xf6ffffff window]
[    0.158974] pci_bus 0000:00: root bus resource [mem 0xf8000000-0xfed3ffff window]
[    0.158976] pci_bus 0000:00: root bus resource [mem 0xfed45000-0xffffffff window]
[    0.158979] pci_bus 0000:00: root bus resource [bus 00-ff]
[    0.158989] pci 0000:00:00.0: [1022:9601] type 00 class 0x060000
[    0.159094] pci 0000:00:01.0: [104d:9602] type 01 class 0x060400
[    0.159190] pci 0000:00:04.0: [1022:9604] type 01 class 0x060400
[    0.159229] pci 0000:00:04.0: PME# supported from D0 D3hot D3cold
[    0.159269] pci 0000:00:04.0: System wakeup disabled by ACPI
[    0.159315] pci 0000:00:07.0: [1022:9607] type 01 class 0x060400
[    0.159353] pci 0000:00:07.0: PME# supported from D0 D3hot D3cold
[    0.159442] pci 0000:00:11.0: [1002:4391] type 00 class 0x010601
[    0.159470] pci 0000:00:11.0: reg 0x10: [io  0xb038-0xb03f]
[    0.159479] pci 0000:00:11.0: reg 0x14: [io  0xb04c-0xb04f]
[    0.159489] pci 0000:00:11.0: reg 0x18: [io  0xb030-0xb037]
[    0.159498] pci 0000:00:11.0: reg 0x1c: [io  0xb048-0xb04b]
[    0.159507] pci 0000:00:11.0: reg 0x20: [io  0xb010-0xb01f]
[    0.159517] pci 0000:00:11.0: reg 0x24: [mem 0xf4308000-0xf43083ff]
[    0.159620] pci 0000:00:12.0: [1002:4397] type 00 class 0x0c0310
[    0.159636] pci 0000:00:12.0: reg 0x10: [mem 0xf4307000-0xf4307fff]
[    0.159722] pci 0000:00:12.0: System wakeup disabled by ACPI
[    0.159769] pci 0000:00:12.2: [1002:4396] type 00 class 0x0c0320
[    0.160182] pci 0000:00:12.2: reg 0x10: [mem 0xf4308600-0xf43086ff]
[    0.162464] pci 0000:00:12.2: supports D1 D2
[    0.162466] pci 0000:00:12.2: PME# supported from D0 D1 D2 D3hot
[    0.162505] pci 0000:00:12.2: System wakeup disabled by ACPI
[    0.162552] pci 0000:00:13.0: [1002:4397] type 00 class 0x0c0310
[    0.162568] pci 0000:00:13.0: reg 0x10: [mem 0xf4306000-0xf4306fff]
[    0.162656] pci 0000:00:13.0: System wakeup disabled by ACPI
[    0.162703] pci 0000:00:13.2: [1002:4396] type 00 class 0x0c0320
[    0.163104] pci 0000:00:13.2: reg 0x10: [mem 0xf4308500-0xf43085ff]
[    0.165385] pci 0000:00:13.2: supports D1 D2
[    0.165387] pci 0000:00:13.2: PME# supported from D0 D1 D2 D3hot
[    0.165426] pci 0000:00:13.2: System wakeup disabled by ACPI
[    0.165471] pci 0000:00:14.0: [1002:4385] type 00 class 0x0c0500
[    0.165603] pci 0000:00:14.1: [1002:439c] type 00 class 0x01018a
[    0.165627] pci 0000:00:14.1: reg 0x10: [io  0x0000-0x0007]
[    0.165636] pci 0000:00:14.1: reg 0x14: [io  0x0000-0x0003]
[    0.165646] pci 0000:00:14.1: reg 0x18: [io  0x0000-0x0007]
[    0.165655] pci 0000:00:14.1: reg 0x1c: [io  0x0000-0x0003]
[    0.165664] pci 0000:00:14.1: reg 0x20: [io  0xb000-0xb00f]
[    0.165684] pci 0000:00:14.1: legacy IDE quirk: reg 0x10: [io  0x01f0-0x01f7]
[    0.165686] pci 0000:00:14.1: legacy IDE quirk: reg 0x14: [io  0x03f6]
[    0.165688] pci 0000:00:14.1: legacy IDE quirk: reg 0x18: [io  0x0170-0x0177]
[    0.165690] pci 0000:00:14.1: legacy IDE quirk: reg 0x1c: [io  0x0376]
[    0.165775] pci 0000:00:14.2: [1002:4383] type 00 class 0x040300
[    0.165802] pci 0000:00:14.2: reg 0x10: [mem 0xf4300000-0xf4303fff 64bit]
[    0.165859] pci 0000:00:14.2: PME# supported from D0 D3hot D3cold
[    0.165934] pci 0000:00:14.3: [1002:439d] type 00 class 0x060100
[    0.166067] pci 0000:00:14.4: [1002:4384] type 01 class 0x060401
[    0.166163] pci 0000:00:14.5: [1002:4399] type 00 class 0x0c0310
[    0.166179] pci 0000:00:14.5: reg 0x10: [mem 0xf4305000-0xf4305fff]
[    0.166265] pci 0000:00:14.5: System wakeup disabled by ACPI
[    0.166315] pci 0000:00:15.0: [1002:43a0] type 01 class 0x060400
[    0.166389] pci 0000:00:15.0: supports D1 D2
[    0.166465] pci 0000:00:16.0: [1002:4397] type 00 class 0x0c0310
[    0.166481] pci 0000:00:16.0: reg 0x10: [mem 0xf4304000-0xf4304fff]
[    0.166571] pci 0000:00:16.0: System wakeup disabled by ACPI
[    0.166618] pci 0000:00:16.2: [1002:4396] type 00 class 0x0c0320
[    0.167019] pci 0000:00:16.2: reg 0x10: [mem 0xf4308400-0xf43084ff]
[    0.169298] pci 0000:00:16.2: supports D1 D2
[    0.169300] pci 0000:00:16.2: PME# supported from D0 D1 D2 D3hot
[    0.169338] pci 0000:00:16.2: System wakeup disabled by ACPI
[    0.169383] pci 0000:00:18.0: [1022:1200] type 00 class 0x060000
[    0.169451] pci 0000:00:18.1: [1022:1201] type 00 class 0x060000
[    0.169516] pci 0000:00:18.2: [1022:1202] type 00 class 0x060000
[    0.169581] pci 0000:00:18.3: [1022:1203] type 00 class 0x060000
[    0.169647] pci 0000:00:18.4: [1022:1204] type 00 class 0x060000
[    0.169768] pci 0000:01:05.0: [1002:9712] type 00 class 0x030000
[    0.169781] pci 0000:01:05.0: reg 0x10: [mem 0xe0000000-0xefffffff pref]
[    0.169786] pci 0000:01:05.0: reg 0x14: [io  0xa000-0xa0ff]
[    0.169791] pci 0000:01:05.0: reg 0x18: [mem 0xf4200000-0xf420ffff]
[    0.169802] pci 0000:01:05.0: reg 0x24: [mem 0xf4100000-0xf41fffff]
[    0.169818] pci 0000:01:05.0: supports D1 D2
[    0.169860] pci 0000:01:05.1: [1002:970f] type 00 class 0x040300
[    0.169872] pci 0000:01:05.1: reg 0x10: [mem 0xf4210000-0xf4213fff]
[    0.169902] pci 0000:01:05.1: supports D1 D2
[    0.169968] pci 0000:00:01.0: PCI bridge to [bus 01]
[    0.169973] pci 0000:00:01.0:   bridge window [io  0xa000-0xafff]
[    0.169976] pci 0000:00:01.0:   bridge window [mem 0xf4100000-0xf42fffff]
[    0.169980] pci 0000:00:01.0:   bridge window [mem 0xe0000000-0xefffffff 64bit pref]
[    0.170037] pci 0000:02:00.0: [10ec:8168] type 00 class 0x020000
[    0.170067] pci 0000:02:00.0: reg 0x10: [io  0x6000-0x60ff]
[    0.170088] pci 0000:02:00.0: reg 0x18: [mem 0xf0004000-0xf0004fff 64bit pref]
[    0.170102] pci 0000:02:00.0: reg 0x20: [mem 0xf0000000-0xf0003fff 64bit pref]
[    0.170112] pci 0000:02:00.0: reg 0x30: [mem 0xfffe0000-0xffffffff pref]
[    0.170162] pci 0000:02:00.0: supports D1 D2
[    0.170164] pci 0000:02:00.0: PME# supported from D0 D1 D2 D3hot D3cold
[    0.172023] pci 0000:00:04.0: PCI bridge to [bus 02-07]
[    0.172031] pci 0000:00:04.0:   bridge window [io  0x6000-0x9fff]
[    0.172035] pci 0000:00:04.0:   bridge window [mem 0xf3100000-0xf40fffff]
[    0.172040] pci 0000:00:04.0:   bridge window [mem 0xf0000000-0xf0ffffff 64bit pref]
[    0.172130] pci 0000:09:00.0: [168c:002b] type 00 class 0x028000
[    0.172164] pci 0000:09:00.0: reg 0x10: [mem 0xf3000000-0xf300ffff 64bit]
[    0.172252] pci 0000:09:00.0: supports D1
[    0.172254] pci 0000:09:00.0: PME# supported from D0 D1 D3hot D3cold
[    0.174018] pci 0000:00:07.0: PCI bridge to [bus 09]
[    0.174028] pci 0000:00:07.0:   bridge window [mem 0xf3000000-0xf30fffff]
[    0.174135] pci 0000:00:14.4: PCI bridge to [bus 0a] (subtractive decode)
[    0.174145] pci 0000:00:14.4:   bridge window [io  0x0000-0x0cf7 window] (subtractive decode)
[    0.174147] pci 0000:00:14.4:   bridge window [io  0x0d00-0xffff window] (subtractive decode)
[    0.174150] pci 0000:00:14.4:   bridge window [mem 0x000a0000-0x000bffff window] (subtractive decode)
[    0.174152] pci 0000:00:14.4:   bridge window [mem 0x000c0000-0x000c3fff window] (subtractive decode)
[    0.174154] pci 0000:00:14.4:   bridge window [mem 0x000c4000-0x000c7fff window] (subtractive decode)
[    0.174156] pci 0000:00:14.4:   bridge window [mem 0x000c8000-0x000cbfff window] (subtractive decode)
[    0.174158] pci 0000:00:14.4:   bridge window [mem 0x000d0000-0x000d3fff window] (subtractive decode)
[    0.174160] pci 0000:00:14.4:   bridge window [mem 0x000d4000-0x000d7fff window] (subtractive decode)
[    0.174162] pci 0000:00:14.4:   bridge window [mem 0x000d8000-0x000dbfff window] (subtractive decode)
[    0.174164] pci 0000:00:14.4:   bridge window [mem 0x000dc000-0x000dffff window] (subtractive decode)
[    0.174166] pci 0000:00:14.4:   bridge window [mem 0x000e0000-0x000e3fff window] (subtractive decode)
[    0.174168] pci 0000:00:14.4:   bridge window [mem 0x000e4000-0x000e7fff window] (subtractive decode)
[    0.174170] pci 0000:00:14.4:   bridge window [mem 0x000e8000-0x000ebfff window] (subtractive decode)
[    0.174172] pci 0000:00:14.4:   bridge window [mem 0x000ec000-0x000effff window] (subtractive decode)
[    0.174175] pci 0000:00:14.4:   bridge window [mem 0xe0000000-0xf6ffffff window] (subtractive decode)
[    0.174177] pci 0000:00:14.4:   bridge window [mem 0xf8000000-0xfed3ffff window] (subtractive decode)
[    0.174179] pci 0000:00:14.4:   bridge window [mem 0xfed45000-0xffffffff window] (subtractive decode)
[    0.174226] pci 0000:00:15.0: PCI bridge to [bus 0b-10]
[    0.174232] pci 0000:00:15.0:   bridge window [io  0x2000-0x5fff]
[    0.174236] pci 0000:00:15.0:   bridge window [mem 0xf2000000-0xf2ffffff]
[    0.174242] pci 0000:00:15.0:   bridge window [mem 0xf1000000-0xf1ffffff 64bit pref]
[    0.174822] ACPI: PCI Interrupt Link [LNKA] (IRQs 3 4 5 7 10 11 12 14 15) *0
[    0.174891] ACPI: PCI Interrupt Link [LNKB] (IRQs 3 4 5 7 10 11 12 14 15) *0
[    0.174968] ACPI: PCI Interrupt Link [LNKC] (IRQs 3 4 5 7 10 11 12 14 15) *0
[    0.175036] ACPI: PCI Interrupt Link [LNKD] (IRQs 3 4 5 7 10 11 12 14 15) *0
[    0.175091] ACPI: PCI Interrupt Link [LNKE] (IRQs 3 4 5 7 10 11 12 14 15) *0
[    0.175135] ACPI: PCI Interrupt Link [LNKF] (IRQs 3 4 5 7 10 11 12 14 15) *0
[    0.175179] ACPI: PCI Interrupt Link [LNKG] (IRQs 3 4 5 7 10 11 12 14 15) *0
[    0.175223] ACPI: PCI Interrupt Link [LNKH] (IRQs 3 4 5 7 10 11 12 14 15) *0
[    0.175372] ACPI: Enabled 3 GPEs in block 00 to 1F
[    0.175422] ACPI : EC: GPE = 0x3, I/O: command/status = 0x66, data = 0x62
[    0.175539] vgaarb: setting as boot device: PCI:0000:01:05.0
[    0.175541] vgaarb: device added: PCI:0000:01:05.0,decodes=io+mem,owns=io+mem,locks=none
[    0.175543] vgaarb: loaded
[    0.175545] vgaarb: bridge control possible 0000:01:05.0
[    0.175670] SCSI subsystem initialized
[    0.175747] libata version 3.00 loaded.
[    0.175773] ACPI: bus type USB registered
[    0.175793] usbcore: registered new interface driver usbfs
[    0.175804] usbcore: registered new interface driver hub
[    0.175818] usbcore: registered new device driver usb
[    0.175934] PCI: Using ACPI for IRQ routing
[    0.176272] PCI: pci_cache_line_size set to 64 bytes
[    0.176341] e820: reserve RAM buffer [mem 0x0009fc00-0x0009ffff]
[    0.176344] e820: reserve RAM buffer [mem 0xde649000-0xdfffffff]
[    0.176345] e820: reserve RAM buffer [mem 0xdfd3f000-0xdfffffff]
[    0.176347] e820: reserve RAM buffer [mem 0xdff00000-0xdfffffff]
[    0.176488] NetLabel: Initializing
[    0.176489] NetLabel:  domain hash size = 128
[    0.176490] NetLabel:  protocols = UNLABELED CIPSOv4
[    0.176504] NetLabel:  unlabeled traffic allowed by default
[    0.176549] hpet0: at MMIO 0xfed00000, IRQs 2, 8, 0
[    0.176552] hpet0: 3 comparators, 32-bit 14.318180 MHz counter
[    0.178618] clocksource: Switched to clocksource hpet
[    0.185370] pnp: PnP ACPI init
[    0.185705] system 00:00: [mem 0xfec00000-0xfec00fff] could not be reserved
[    0.185708] system 00:00: [mem 0xfee00000-0xfee00fff] has been reserved
[    0.185711] system 00:00: [mem 0xf7000000-0xf7ffffff] has been reserved
[    0.185714] system 00:00: [mem 0xfed80000-0xfed80fff] has been reserved
[    0.185718] system 00:00: Plug and Play ACPI device, IDs PNP0c02 (active)
[    0.185852] pnp 00:01: Plug and Play ACPI device, IDs PNP0b00 (active)
[    0.185888] pnp 00:02: Plug and Play ACPI device, IDs PNP0303 (active)
[    0.185918] pnp 00:03: Plug and Play ACPI device, IDs PNP0f13 (active)
[    0.185973] system 00:04: [io  0x0400-0x04cf] could not be reserved
[    0.185975] system 00:04: [io  0x04d0-0x04d1] has been reserved
[    0.185978] system 00:04: [io  0x04d6] has been reserved
[    0.185980] system 00:04: [io  0x0680-0x06ff] has been reserved
[    0.185982] system 00:04: [io  0x077a] has been reserved
[    0.185984] system 00:04: [io  0x0c00-0x0c01] has been reserved
[    0.185987] system 00:04: [io  0x0c14] has been reserved
[    0.185989] system 00:04: [io  0x0c50-0x0c52] has been reserved
[    0.185993] system 00:04: [io  0x0c6c] has been reserved
[    0.185995] system 00:04: [io  0x0c6f] has been reserved
[    0.185997] system 00:04: [io  0x0cd0-0x0cdb] has been reserved
[    0.186000] system 00:04: Plug and Play ACPI device, IDs PNP0c02 (active)
[    0.186071] system 00:05: [mem 0x000e0000-0x000fffff] could not be reserved
[    0.186074] system 00:05: [mem 0xffe00000-0xffffffff] has been reserved
[    0.186077] system 00:05: Plug and Play ACPI device, IDs PNP0c01 (active)
[    0.186358] pnp: PnP ACPI: found 6 devices
[    0.190941] clocksource: acpi_pm: mask: 0xffffff max_cycles: 0xffffff, max_idle_ns: 2085701024 ns
[    0.190949] pci 0000:02:00.0: can't claim BAR 6 [mem 0xfffe0000-0xffffffff pref]: no compatible bridge window
[    0.190978] pci 0000:00:01.0: PCI bridge to [bus 01]
[    0.190981] pci 0000:00:01.0:   bridge window [io  0xa000-0xafff]
[    0.190985] pci 0000:00:01.0:   bridge window [mem 0xf4100000-0xf42fffff]
[    0.190988] pci 0000:00:01.0:   bridge window [mem 0xe0000000-0xefffffff 64bit pref]
[    0.190996] pci 0000:02:00.0: BAR 6: assigned [mem 0xf3100000-0xf311ffff pref]
[    0.190999] pci 0000:00:04.0: PCI bridge to [bus 02-07]
[    0.191001] pci 0000:00:04.0:   bridge window [io  0x6000-0x9fff]
[    0.191004] pci 0000:00:04.0:   bridge window [mem 0xf3100000-0xf40fffff]
[    0.191007] pci 0000:00:04.0:   bridge window [mem 0xf0000000-0xf0ffffff 64bit pref]
[    0.191011] pci 0000:00:07.0: PCI bridge to [bus 09]
[    0.191015] pci 0000:00:07.0:   bridge window [mem 0xf3000000-0xf30fffff]
[    0.191020] pci 0000:00:14.4: PCI bridge to [bus 0a]
[    0.191036] pci 0000:00:15.0: PCI bridge to [bus 0b-10]
[    0.191039] pci 0000:00:15.0:   bridge window [io  0x2000-0x5fff]
[    0.191043] pci 0000:00:15.0:   bridge window [mem 0xf2000000-0xf2ffffff]
[    0.191047] pci 0000:00:15.0:   bridge window [mem 0xf1000000-0xf1ffffff 64bit pref]
[    0.191054] pci_bus 0000:00: resource 4 [io  0x0000-0x0cf7 window]
[    0.191056] pci_bus 0000:00: resource 5 [io  0x0d00-0xffff window]
[    0.191059] pci_bus 0000:00: resource 6 [mem 0x000a0000-0x000bffff window]
[    0.191061] pci_bus 0000:00: resource 7 [mem 0x000c0000-0x000c3fff window]
[    0.191063] pci_bus 0000:00: resource 8 [mem 0x000c4000-0x000c7fff window]
[    0.191065] pci_bus 0000:00: resource 9 [mem 0x000c8000-0x000cbfff window]
[    0.191067] pci_bus 0000:00: resource 10 [mem 0x000d0000-0x000d3fff window]
[    0.191070] pci_bus 0000:00: resource 11 [mem 0x000d4000-0x000d7fff window]
[    0.191072] pci_bus 0000:00: resource 12 [mem 0x000d8000-0x000dbfff window]
[    0.191074] pci_bus 0000:00: resource 13 [mem 0x000dc000-0x000dffff window]
[    0.191076] pci_bus 0000:00: resource 14 [mem 0x000e0000-0x000e3fff window]
[    0.191078] pci_bus 0000:00: resource 15 [mem 0x000e4000-0x000e7fff window]
[    0.191080] pci_bus 0000:00: resource 16 [mem 0x000e8000-0x000ebfff window]
[    0.191082] pci_bus 0000:00: resource 17 [mem 0x000ec000-0x000effff window]
[    0.191085] pci_bus 0000:00: resource 18 [mem 0xe0000000-0xf6ffffff window]
[    0.191087] pci_bus 0000:00: resource 19 [mem 0xf8000000-0xfed3ffff window]
[    0.191089] pci_bus 0000:00: resource 20 [mem 0xfed45000-0xffffffff window]
[    0.191091] pci_bus 0000:01: resource 0 [io  0xa000-0xafff]
[    0.191093] pci_bus 0000:01: resource 1 [mem 0xf4100000-0xf42fffff]
[    0.191096] pci_bus 0000:01: resource 2 [mem 0xe0000000-0xefffffff 64bit pref]
[    0.191098] pci_bus 0000:02: resource 0 [io  0x6000-0x9fff]
[    0.191100] pci_bus 0000:02: resource 1 [mem 0xf3100000-0xf40fffff]
[    0.191102] pci_bus 0000:02: resource 2 [mem 0xf0000000-0xf0ffffff 64bit pref]
[    0.191105] pci_bus 0000:09: resource 1 [mem 0xf3000000-0xf30fffff]
[    0.191107] pci_bus 0000:0a: resource 4 [io  0x0000-0x0cf7 window]
[    0.191109] pci_bus 0000:0a: resource 5 [io  0x0d00-0xffff window]
[    0.191112] pci_bus 0000:0a: resource 6 [mem 0x000a0000-0x000bffff window]
[    0.191114] pci_bus 0000:0a: resource 7 [mem 0x000c0000-0x000c3fff window]
[    0.191116] pci_bus 0000:0a: resource 8 [mem 0x000c4000-0x000c7fff window]
[    0.191118] pci_bus 0000:0a: resource 9 [mem 0x000c8000-0x000cbfff window]
[    0.191120] pci_bus 0000:0a: resource 10 [mem 0x000d0000-0x000d3fff window]
[    0.191122] pci_bus 0000:0a: resource 11 [mem 0x000d4000-0x000d7fff window]
[    0.191124] pci_bus 0000:0a: resource 12 [mem 0x000d8000-0x000dbfff window]
[    0.191127] pci_bus 0000:0a: resource 13 [mem 0x000dc000-0x000dffff window]
[    0.191129] pci_bus 0000:0a: resource 14 [mem 0x000e0000-0x000e3fff window]
[    0.191131] pci_bus 0000:0a: resource 15 [mem 0x000e4000-0x000e7fff window]
[    0.191133] pci_bus 0000:0a: resource 16 [mem 0x000e8000-0x000ebfff window]
[    0.191135] pci_bus 0000:0a: resource 17 [mem 0x000ec000-0x000effff window]
[    0.191137] pci_bus 0000:0a: resource 18 [mem 0xe0000000-0xf6ffffff window]
[    0.191139] pci_bus 0000:0a: resource 19 [mem 0xf8000000-0xfed3ffff window]
[    0.191142] pci_bus 0000:0a: resource 20 [mem 0xfed45000-0xffffffff window]
[    0.191144] pci_bus 0000:0b: resource 0 [io  0x2000-0x5fff]
[    0.191146] pci_bus 0000:0b: resource 1 [mem 0xf2000000-0xf2ffffff]
[    0.191148] pci_bus 0000:0b: resource 2 [mem 0xf1000000-0xf1ffffff 64bit pref]
[    0.191196] NET: Registered protocol family 2
[    0.191388] TCP established hash table entries: 32768 (order: 6, 262144 bytes)
[    0.191502] TCP bind hash table entries: 32768 (order: 7, 524288 bytes)
[    0.191699] TCP: Hash tables configured (established 32768 bind 32768)
[    0.191762] UDP hash table entries: 2048 (order: 4, 65536 bytes)
[    0.191798] UDP-Lite hash table entries: 2048 (order: 4, 65536 bytes)
[    0.191900] NET: Registered protocol family 1
[    0.191917] pci 0000:00:01.0: MSI quirk detected; subordinate MSI disabled
[    0.472909] pci 0000:01:05.0: Video device with shadowed ROM
[    0.472921] PCI: CLS 64 bytes, default 64
[    0.473014] Trying to unpack rootfs image as initramfs...
[    0.882100] Freeing initrd memory: 17980K (ffff880035cd2000 - ffff880036e61000)
[    0.882113] PCI-DMA: Disabling AGP.
[    0.882244] PCI-DMA: aperture base @ d4000000 size 65536 KB
[    0.882246] PCI-DMA: using GART IOMMU.
[    0.882249] PCI-DMA: Reserving 64MB of IOMMU area in the AGP aperture
[    0.885485] LVT offset 1 assigned for vector 0x400
[    0.885497] IBS: LVT offset 1 assigned
[    0.885524] perf: AMD IBS detected (0x0000001f)
[    0.885910] futex hash table entries: 1024 (order: 4, 65536 bytes)
[    0.885953] audit: initializing netlink subsys (disabled)
[    0.885977] audit: type=2000 audit(1485041974.782:1): initialized
[    0.886361] HugeTLB registered 2 MB page size, pre-allocated 0 pages
[    0.888284] zbud: loaded
[    0.888631] VFS: Disk quotas dquot_6.6.0
[    0.888709] VFS: Dquot-cache hash table entries: 512 (order 0, 4096 bytes)
[    0.889085] squashfs: version 4.0 (2009/01/31) Phillip Lougher
[    0.889223] ntfs: driver 2.1.32 [Flags: R/W].
[    0.889285] fuse init (API version 7.23)
[    0.890453] Block layer SCSI generic (bsg) driver version 0.4 loaded (major 250)
[    0.890582] io scheduler noop registered
[    0.890590] io scheduler deadline registered
[    0.890671] io scheduler cfq registered (default)
[    0.891305] pci_hotplug: PCI Hot Plug PCI Core version: 0.5
[    0.891313] pciehp: PCI Express Hot Plug Controller Driver version: 0.4
[    0.891472] Serial: 8250/16550 driver, 4 ports, IRQ sharing enabled
[    0.892070] Linux agpgart interface v0.103
[    0.892112] GHES: HEST is not enabled!
[    0.896303] brd: module loaded
[    0.898225] loop: module loaded
[    0.898354] ahci 0000:00:11.0: version 3.0
[    0.898616] ahci 0000:00:11.0: AHCI 0001.0200 32 slots 2 ports 3 Gbps 0x3 impl SATA mode
[    0.898620] ahci 0000:00:11.0: flags: 64bit ncq sntf ilck pm led clo pmp pio slum part 
[    0.899108] scsi host0: ahci
[    0.899352] scsi host1: ahci
[    0.899429] ata1: SATA max UDMA/133 abar m1024@0xf4308000 port 0xf4308100 irq 26
[    0.899432] ata2: SATA max UDMA/133 abar m1024@0xf4308000 port 0xf4308180 irq 26
[    0.900864] scsi host2: pata_atiixp
[    0.901057] scsi host3: pata_atiixp
[    0.901110] ata3: PATA max UDMA/100 cmd 0x1f0 ctl 0x3f6 bmdma 0xb000 irq 14
[    0.901113] ata4: PATA max UDMA/100 cmd 0x170 ctl 0x376 bmdma 0xb008 irq 15
[    0.901362] libphy: Fixed MDIO Bus: probed
[    0.901402] ehci_hcd: USB 2.0 'Enhanced' Host Controller (EHCI) Driver
[    0.901405] ehci-pci: EHCI PCI platform driver
[    0.901556] QUIRK: Enable AMD PLL fix
[    0.901582] ehci-pci 0000:00:12.2: EHCI Host Controller
[    0.901589] ehci-pci 0000:00:12.2: new USB bus registered, assigned bus number 1
[    0.901594] ehci-pci 0000:00:12.2: applying AMD SB700/SB800/Hudson-2/3 EHCI dummy qh workaround
[    0.901604] ehci-pci 0000:00:12.2: debug port 1
[    0.901644] ehci-pci 0000:00:12.2: irq 17, io mem 0xf4308600
[    0.907750] ehci-pci 0000:00:12.2: USB 2.0 started, EHCI 1.00
[    0.907945] usb usb1: New USB device found, idVendor=1d6b, idProduct=0002
[    0.907950] usb usb1: New USB device strings: Mfr=3, Product=2, SerialNumber=1
[    0.907953] usb usb1: Product: EHCI Host Controller
[    0.907955] usb usb1: Manufacturer: Linux 4.4.10-antix.1-amd64-smp ehci_hcd
[    0.907957] usb usb1: SerialNumber: 0000:00:12.2
[    0.908193] hub 1-0:1.0: USB hub found
[    0.908243] hub 1-0:1.0: 5 ports detected
[    0.908795] ehci-pci 0000:00:13.2: EHCI Host Controller
[    0.908807] ehci-pci 0000:00:13.2: new USB bus registered, assigned bus number 2
[    0.908811] ehci-pci 0000:00:13.2: applying AMD SB700/SB800/Hudson-2/3 EHCI dummy qh workaround
[    0.908822] ehci-pci 0000:00:13.2: debug port 1
[    0.908850] ehci-pci 0000:00:13.2: irq 17, io mem 0xf4308500
[    0.914751] ehci-pci 0000:00:13.2: USB 2.0 started, EHCI 1.00
[    0.914967] usb usb2: New USB device found, idVendor=1d6b, idProduct=0002
[    0.914972] usb usb2: New USB device strings: Mfr=3, Product=2, SerialNumber=1
[    0.914974] usb usb2: Product: EHCI Host Controller
[    0.914976] usb usb2: Manufacturer: Linux 4.4.10-antix.1-amd64-smp ehci_hcd
[    0.914978] usb usb2: SerialNumber: 0000:00:13.2
[    0.915222] hub 2-0:1.0: USB hub found
[    0.915272] hub 2-0:1.0: 5 ports detected
[    0.915858] ehci-pci 0000:00:16.2: EHCI Host Controller
[    0.915867] ehci-pci 0000:00:16.2: new USB bus registered, assigned bus number 3
[    0.915872] ehci-pci 0000:00:16.2: applying AMD SB700/SB800/Hudson-2/3 EHCI dummy qh workaround
[    0.915882] ehci-pci 0000:00:16.2: debug port 1
[    0.915910] ehci-pci 0000:00:16.2: irq 17, io mem 0xf4308400
[    0.921751] ehci-pci 0000:00:16.2: USB 2.0 started, EHCI 1.00
[    0.921818] usb usb3: New USB device found, idVendor=1d6b, idProduct=0002
[    0.921820] usb usb3: New USB device strings: Mfr=3, Product=2, SerialNumber=1
[    0.921822] usb usb3: Product: EHCI Host Controller
[    0.921824] usb usb3: Manufacturer: Linux 4.4.10-antix.1-amd64-smp ehci_hcd
[    0.921826] usb usb3: SerialNumber: 0000:00:16.2
[    0.922035] hub 3-0:1.0: USB hub found
[    0.922041] hub 3-0:1.0: 4 ports detected
[    0.922240] ohci_hcd: USB 1.1 'Open' Host Controller (OHCI) Driver
[    0.922250] ohci-pci: OHCI PCI platform driver
[    0.922424] ohci-pci 0000:00:12.0: OHCI PCI host controller
[    0.922430] ohci-pci 0000:00:12.0: new USB bus registered, assigned bus number 4
[    0.922458] ohci-pci 0000:00:12.0: irq 18, io mem 0xf4307000
[    0.976828] usb usb4: New USB device found, idVendor=1d6b, idProduct=0001
[    0.976833] usb usb4: New USB device strings: Mfr=3, Product=2, SerialNumber=1
[    0.976835] usb usb4: Product: OHCI PCI host controller
[    0.976837] usb usb4: Manufacturer: Linux 4.4.10-antix.1-amd64-smp ohci_hcd
[    0.976839] usb usb4: SerialNumber: 0000:00:12.0
[    0.977040] hub 4-0:1.0: USB hub found
[    0.977052] hub 4-0:1.0: 5 ports detected
[    0.977346] ohci-pci 0000:00:13.0: OHCI PCI host controller
[    0.977353] ohci-pci 0000:00:13.0: new USB bus registered, assigned bus number 5
[    0.977380] ohci-pci 0000:00:13.0: irq 18, io mem 0xf4306000
[    1.031830] usb usb5: New USB device found, idVendor=1d6b, idProduct=0001
[    1.031834] usb usb5: New USB device strings: Mfr=3, Product=2, SerialNumber=1
[    1.031836] usb usb5: Product: OHCI PCI host controller
[    1.031838] usb usb5: Manufacturer: Linux 4.4.10-antix.1-amd64-smp ohci_hcd
[    1.031840] usb usb5: SerialNumber: 0000:00:13.0
[    1.032055] hub 5-0:1.0: USB hub found
[    1.032068] hub 5-0:1.0: 5 ports detected
[    1.032408] ohci-pci 0000:00:14.5: OHCI PCI host controller
[    1.032415] ohci-pci 0000:00:14.5: new USB bus registered, assigned bus number 6
[    1.032444] ohci-pci 0000:00:14.5: irq 18, io mem 0xf4305000
[    1.086827] usb usb6: New USB device found, idVendor=1d6b, idProduct=0001
[    1.086831] usb usb6: New USB device strings: Mfr=3, Product=2, SerialNumber=1
[    1.086833] usb usb6: Product: OHCI PCI host controller
[    1.086835] usb usb6: Manufacturer: Linux 4.4.10-antix.1-amd64-smp ohci_hcd
[    1.086837] usb usb6: SerialNumber: 0000:00:14.5
[    1.087037] hub 6-0:1.0: USB hub found
[    1.087050] hub 6-0:1.0: 2 ports detected
[    1.087300] ohci-pci 0000:00:16.0: OHCI PCI host controller
[    1.087307] ohci-pci 0000:00:16.0: new USB bus registered, assigned bus number 7
[    1.087335] ohci-pci 0000:00:16.0: irq 18, io mem 0xf4304000
[    1.141850] usb usb7: New USB device found, idVendor=1d6b, idProduct=0001
[    1.141855] usb usb7: New USB device strings: Mfr=3, Product=2, SerialNumber=1
[    1.141857] usb usb7: Product: OHCI PCI host controller
[    1.141859] usb usb7: Manufacturer: Linux 4.4.10-antix.1-amd64-smp ohci_hcd
[    1.141861] usb usb7: SerialNumber: 0000:00:16.0
[    1.142079] hub 7-0:1.0: USB hub found
[    1.142092] hub 7-0:1.0: 4 ports detected
[    1.142283] ohci-platform: OHCI generic platform driver
[    1.142300] uhci_hcd: USB Universal Host Controller Interface driver
[    1.142379] i8042: PNP: PS/2 Controller [PNP0303:KBC0,PNP0f13:PS2M] at 0x60,0x64 irq 1,12
[    1.144608] serio: i8042 KBD port at 0x60,0x64 irq 1
[    1.144644] serio: i8042 AUX port at 0x60,0x64 irq 12
[    1.144813] mousedev: PS/2 mouse device common for all mice
[    1.144864] ledtrig-cpu: registered to indicate activity on CPUs
[    1.144887] hidraw: raw HID events driver (C) Jiri Kosina
[    1.145060] usbcore: registered new interface driver usbhid
[    1.145062] usbhid: USB HID core driver
[    1.145492] Key type dns_resolver registered
[    1.145807] microcode: CPU0: patch_level=0x010000c8
[    1.145815] microcode: CPU1: patch_level=0x010000c8
[    1.145864] microcode: Microcode Update Driver: v2.01 &lt;tigran@aivazian.fsnet.co.uk&gt;, Peter Oruba
[    1.146082] registered taskstats version 1
[    1.146167] zswap: loaded using pool lzo/zsmalloc
[    1.150587] Key type encrypted registered
[    1.150600] evm: HMAC attrs: 0x1
[    1.152167] hd: no drives specified - use hd=cyl,head,sectors on kernel command line
[    1.176849] input: AT Translated Set 2 keyboard as /devices/platform/i8042/serio0/input/input0
[    1.216772] usb 2-3: new high-speed USB device number 2 using ehci-pci
[    1.224738] usb 3-3: new high-speed USB device number 2 using ehci-pci
[    1.358758] ata1: SATA link up 3.0 Gbps (SStatus 123 SControl 300)
