<!DOCTYPE html>
<html dir="ltr" lang="en-gb">
<head>
<meta charset="utf-8" />
<meta http-equiv="X-UA-Compatible" content="IE=edge">
<meta name="viewport" content="width=device-width, initial-scale=1, maximum-scale=1.0, user-scalable=no" />
<title>WIFI configuration - Page 6 - antiX oldforums archive</title>
   
<link rel="stylesheet" href="../aaa_style.css">
<script type="text/javascript" src ="../aaa_oldforums.js"></script>
</head>
<body>
<div id="wrap" class="wrap">
<a id="top" class="top-anchor" accesskey="t"></a>

<div id="inner-wrap">
<ul id="nav-breadcrumbs" class="nav-breadcrumbs linklist navlinks clear-after" role="menubar">
<li class="scroll-breadcrumbs breadcrumbs">
<span class="crumb"><a href="./index.html" accesskey="h" data-navbar-reference="index"><span>antiX - oldforums archive</span></a> &raquo;&raquo; </span>

<span class="crumb"><a href="./new-users-f22/index.html"><span>New Users</span></a> &raquo;&raquo; </span>

<span class="crumb"><a href="./new-users-general-questions-f16/index.html"><span>New Users &amp; General Questions</span></a></span>
</li>
</ul>

<div id="page-body" class="page-body" role="main">
<div class="postprofile_container postprofile_Left">
<div>
<div class="topictitleheader"><span class="statictopictitle">topic title: </span><span class="topic-titleb"><a href="./wifi-configuration-t3663-s75.html">WIFI configuration</a></div>
<div class="pagination">
98 posts
<ul>

<li class="arrow previous"><span class="jumptopagez">jump to page: </span><a class="button button-icon-only" href="./wifi-configuration-t3663-s60.html" rel="prev" role="button"><span class="sr-only">Previous</span></a></li>
<li><a class="button" href="./wifi-configuration-t3663.html" role="button">1</a></li>
<li class="ellipsis" role="separator"><span>…</span></li>
<li><a class="button" href="./wifi-configuration-t3663-s30.html" role="button">3</a></li>
<li><a class="button" href="./wifi-configuration-t3663-s45.html" role="button">4</a></li>
<li><a class="button" href="./wifi-configuration-t3663-s60.html" role="button">5</a></li>
<li class="active"><span>6</span></li>
<li><a class="button" href="./wifi-configuration-t3663-s90.html" role="button">7</a></li>
<li class="arrow next"><a class="button button-icon-only" href="./wifi-configuration-t3663-s90.html" rel="next" role="button"><span class="sr-only">Next</span></a></li>
</ul>
</div>
</div>


<div class="viewtopic_wrapper">
<div id="p_24798" class="post has-profile bg2">
<div class="inner">
<dl class="postprofile" id="profile24798">
<dt class="has-profile-rank has-avatar avatar-username">
<span class="username">anticapitalista</span>
<div class="avatar-username-inner">
<div class="thread-user-detail">
<div class="detail-title-numposts"><span class="detail-title-numposts">Posts: 5,955</span></div>

</div>
</div>
</dt>
<dd class="profile-rank">Site Admin</dd>
<dd class="profile-joined">Joined: 11 Sep 2007</dd>
</dl>
<div class="postbody">
<div id="post_content24798">
<time datetime="2012-05-26T08:23">posted: 2012-05-26 &nbsp; 08:23</time>
<span class="permalink"><a href="./wifi-configuration-t3663-s75.html#p24798" title="permalink">#76</a></span>

<div class="content">When do you get the blinking cursor? Right at the beginning?<br>
Usually this is a bad burn.<br>
<br>
md5sum is here: 
<br>========= SCRAPER REMOVED AN EMBEDDED LINK HERE ===========<br>url was:"http://www.mepisimo.com/antix/Testing/"<br>linktext was:"http://www.mepisimo.com/antix/Testing/"<br>====================================<br>
<br>
<br>
burn slow, x4.</div>
</div>
</div>

</div>
</div>
<div id="p_24802" class="post has-profile bg1">
<div class="inner">
<dl class="postprofile" id="profile24802">
<dt class="no-profile-rank has-avatar avatar-username">
<div class="avatar-username-inner">
<div class="thread-user-detail">
<div class="detail-title-numposts"><span class="detail-title-numposts">Posts: 57</span></div>

</div>
</div>
<span class="username">JXR</span>
</dt>
<dd class="profile-joined">Joined: 16 Apr 2012</dd>
</dl>
<div class="postbody">
<div id="post_content24802">

<time datetime="2012-05-26T15:19">posted: 2012-05-26 &nbsp; 15:19</time>
<span class="permalink"><a href="./wifi-configuration-t3663-s75.html#p24802" title="permalink">#77</a></span>

<div class="content">Checked MD5 checksums. (Thanks for supplying the checksum.) They're the same.<br>
<br>
Made CD at minimum speed so that shouldn't be the problem. (anyway the intro splashscreen shows up right)<br>
<br>
Still just getting a blinking cursor (on a dark background).</div>
</div>
</div>

</div>
</div>
<div id="p_24803" class="post has-profile bg2">
<div class="inner">
<dl class="postprofile" id="profile24803">
<dt class="no-profile-rank has-avatar avatar-username">
<div class="avatar-username-inner">
<div class="thread-user-detail">
<div class="detail-title-numposts"><span class="detail-title-numposts">Posts: 57</span></div>

</div>
</div>
<section class="desktop-hide">

<a href="#" class="username">JXR</a> </section>
</dt>
<dd class="profile-joined">Joined: 16 Apr 2012</dd>
</dl>
<div class="postbody">
<div id="post_content24803">

<time datetime="2012-05-26T15:34">posted: 2012-05-26 &nbsp; 15:34</time>
<span class="permalink"><a href="./wifi-configuration-t3663-s75.html#p24803" title="permalink">#78</a></span>

<div class="content">I get the blinking cursor <strong>immediately</strong> after I choose"antiX-base-desktop" (or the other options).<br>
<br>
(Minimum burn speed I have available is 8x. Used all other InfraRecorder defaults: [General] Buffer underrun protection; Pad data tracks; Close the disk after writing; Eject the disk after writing(!); [Advanced] Allow overburning )</div>
</div>
</div>

</div>
</div>
<div id="p_24804" class="post has-profile bg1">
<div class="inner">
<dl class="postprofile" id="profile24804">
<dt class="has-profile-rank has-avatar avatar-username">
<span class="username">anticapitalista</span>
<div class="avatar-username-inner">
<div class="thread-user-detail">
<div class="detail-title-numposts"><span class="detail-title-numposts">Posts: 5,955</span></div>

</div>
</div>
</dt>
<dd class="profile-rank">Site Admin</dd>
<dd class="profile-joined">Joined: 11 Sep 2007</dd>
</dl>
<div class="postbody">
<div id="post_content24804">

<time datetime="2012-05-26T16:10">posted: 2012-05-26 &nbsp; 16:10</time>
<span class="permalink"><a href="./wifi-configuration-t3663-s75.html#p24804" title="permalink">#79</a></span>

<div class="content">Like I said, that is usually down to a bad burn or bad media.</div>
</div>
</div>

</div>
</div>
<div id="p_24805" class="post has-profile bg2">
<div class="inner">
<dl class="postprofile" id="profile24805">
<dt class="no-profile-rank has-avatar avatar-username">
<div class="avatar-username-inner">
<div class="thread-user-detail">
<div class="detail-title-numposts"><span class="detail-title-numposts">Posts: 57</span></div>

</div>
</div>
<span class="username">JXR</span>
</dt>
<dd class="profile-joined">Joined: 16 Apr 2012</dd>
</dl>
<div class="postbody">
<div id="post_content24805">

<time datetime="2012-05-26T18:26">posted: 2012-05-26 &nbsp; 18:26</time>
<span class="permalink"><a href="./wifi-configuration-t3663-s75.html#p24805" title="permalink">#80</a></span>

<div class="content">Tried again. Same results. (Looks like I'll have to search around for an old old old CD writer.)<br>
<strong><br>
Can you recommend a url that describes how to burn an iso on a (memory) stick? <em>Some sort of stick-InfraRecorder</em> </strong>Maybe that's more reliable than a CD. (Anyway, CDs are hard to come by these days. Most of the major BigBox stores [e.g., COSTCO] have stopped carrying them (DVDs also!!) and the smaller ones are offering them at a huge price markup.)<br>
<br>
btw: Is there some way to"checksum" the material on the burned CD?</div>
</div>
</div>

</div>
</div>
<div id="p_24806" class="post has-profile bg1">
<div class="inner">
<dl class="postprofile" id="profile24806">
<dt class="no-profile-rank has-avatar avatar-username">
<div class="avatar-username-inner">
<div class="thread-user-detail">
<div class="detail-title-numposts"><span class="detail-title-numposts">Posts: 57</span></div>

</div>
</div>
<section class="desktop-hide">

<a href="#" class="username">JXR</a> </section>
</dt>
<dd class="profile-joined">Joined: 16 Apr 2012</dd>
</dl>
<div class="postbody">
<div id="post_content24806">

<time datetime="2012-05-26T19:38">posted: 2012-05-26 &nbsp; 19:38</time>
<span class="permalink"><a href="./wifi-configuration-t3663-s75.html#p24806" title="permalink">#81</a></span>

<div class="content"><strong>USB Installer question</strong>:<br>
<br>
I'm looking at pendrivelinux.com and notice that it seems the program needs to be preprogrammed to recognize different Linux releases...down to distribution level (e.g., Mint 13, Cinnamon, WifiWay 3.4, Dreamlinux 5...)! <br>
<br>
Since antiX-base-t3.iso is still in testing phase I assume it is not supported by this particular program. <br>
<br>
Is there a (general purpose) program or procedure out there that will create a bootable USB stick for AntiX distributions?<br>
<br>
Or a (specific) program or procedure that will create a bootable USB stick for antiX-base-t3.iso?</div>
</div>
</div>

</div>
</div>
<div id="p_24807" class="post has-profile bg2">
<div class="inner">
<dl class="postprofile" id="profile24807">
<dt class="no-profile-rank has-avatar avatar-username">
<div class="avatar-username-inner">
<div class="thread-user-detail">
<div class="detail-title-numposts"><span class="detail-title-numposts">Posts: 4,164</span></div>

</div>
</div>
<span class="username">rokytnji</span>
</dt>
<dd class="profile-joined">Joined: 20 Feb 2009</dd>
</dl>
<div class="postbody">
<div id="post_content24807">

<time datetime="2012-05-26T21:04">posted: 2012-05-26 &nbsp; 21:04</time>
<span class="permalink"><a href="./wifi-configuration-t3663-s75.html#p24807" title="permalink">#82</a></span>

<div class="content">I've gotten unetbootin to boot antix on a pendrive. If your bios is old and won't boot off of pendrive. I also installed antix via pendrive on my IBM a22m laptop with usb 1.1 and no bios support for booting pendrive.<br>
<br>
post20495.html#p20495<br>
<br>
I have a floppy drive on this IBM a22m I used to boot the pendrive with a Plop boot floppy disk I made.<br>

<br>========= SCRAPER REMOVED AN EMBEDDED LINK HERE ===========<br>url was:"http://www.plop.at/en/bootmanager/plpbt.bin.html#runflp"<br>linktext was:"http://www.plop.at/en/bootmanager/plpbt.bin.html#runflp"<br>====================================<br>
<br>
Just in case you have a floppy drive also, (I don't know)<br>
You can also make a PLOP boot cdrom disk instead if no floppy drive.<br>

<br>========= SCRAPER REMOVED AN EMBEDDED LINK HERE ===========<br>url was:"http://www.plop.at/en/bootmanager/plpbt.bin.html#runcd"<br>linktext was:"http://www.plop.at/en/bootmanager/plpbt.bin.html#runcd"<br>====================================<br>
<br>
<br>
Like I said. I made the pendrive though with Unetbootin<br>

<br>========= SCRAPER REMOVED AN EMBEDDED LINK HERE ===========<br>url was:"http://unetbootin.sourceforge.net/"<br>linktext was:"http://unetbootin.sourceforge.net/"<br>====================================<br>
.<br>
<br>
I'd suggest also cdrw disks. I find them at the dollar store. 5 pack. But. Some old cdrom drives won't boot cdrw disks either sometimes. At least in my experience.</div>
</div>
</div>

</div>
</div>
<div id="p_24809" class="post has-profile bg1">
<div class="inner">
<dl class="postprofile" id="profile24809">
<dt class="no-profile-rank has-avatar avatar-username">
<div class="avatar-username-inner">
<div class="thread-user-detail">
<div class="detail-title-numposts"><span class="detail-title-numposts">Posts: 57</span></div>

</div>
</div>
<span class="username">JXR</span>
</dt>
<dd class="profile-joined">Joined: 16 Apr 2012</dd>
</dl>
<div class="postbody">
<div id="post_content24809">

<time datetime="2012-05-27T00:57">posted: 2012-05-27 &nbsp; 00:57</time>
<span class="permalink"><a href="./wifi-configuration-t3663-s75.html#p24809" title="permalink">#83</a></span>

<div class="content">Floppy drive...hmmm...oh you must mean that slot used to hold business cards... <span class="emoticon"> __{{emoticon}}__ </span> <br>
<br>
Although the prospect of using a floppy disk to do anything these days is enticing, I'll first try UNetbootin.<br>
<br>
1) I went back to my main Windows machine (where the t3.iso is located) downloaded Unetbootin, and"installed" the .iso onto a 4 Gb stick. <br>
2) I safely uninstalled (and ejected) the stick, put it into this laptop (the one with AntiX/Windows dual boot), and rebooted the machine...<br>
3) I immediately hit F2 to make sure EVERYTHING (CD ROM Drive, Cardbus NIC, Onboard NIC) came BEFORE the Hard Drive in the boot sequence.<br>
4) The computer thought a while...and booted off the hard drive. <br>
<br>
My conclusion would be that a Dell Inspiron (or any computer) has no way of booting off a memory stick--that no usb device can be recognized until after the boot sequence has taken place--but if that were true, programs like Unetbootin would never work.<br>
<br>
What did I do wrong?</div>
</div>
</div>

</div>
</div>
<div id="p_24810" class="post has-profile bg2">
<div class="inner">
<dl class="postprofile" id="profile24810">
<dt class="no-profile-rank has-avatar avatar-username">
<div class="avatar-username-inner">
<div class="thread-user-detail">
<div class="detail-title-numposts"><span class="detail-title-numposts">Posts: 4,164</span></div>

</div>
</div>
<span class="username">rokytnji</span>
</dt>
<dd class="profile-joined">Joined: 20 Feb 2009</dd>
</dl>
<div class="postbody">
<div id="post_content24810">

<time datetime="2012-05-27T01:16">posted: 2012-05-27 &nbsp; 01:16</time>
<span class="permalink"><a href="./wifi-configuration-t3663-s75.html#p24810" title="permalink">#84</a></span>

<div class="content"><blockquote class="uncited"><div>What did I do wrong?</div></blockquote>
Bios is too old to boot from usb. Refer to my previous post on making a PLOP boot manager cd.<br>
<br>
Reason I say this.<br>
<blockquote class="uncited"><div>3) I immediately hit F2 to make sure EVERYTHING (CD ROM Drive, Cardbus NIC, Onboard NIC) came BEFORE the Hard Drive in the boot sequence.</div></blockquote>
cardbus nic is not usb<br>
onboard nic is not usb<br>
and of course. cdrom is not usb. Hence bios is too old with no usb boot option. Just like this IBM A22M I am posting with right now.<br>
<div class="codebox"><p>Code: <a href="#" onclick="selectCode(this); return false;">Select all</a></p><pre><code>Machine:   Mobo: IBM model: 2628TWU Bios: IBM version: KXET33WW (1.06 ) date: 09/05/2001
</code></pre></div></div>
</div>
</div>

</div>
</div>
<div id="p_24814" class="post has-profile bg1">
<div class="inner">
<dl class="postprofile" id="profile24814">
<dt class="no-profile-rank has-avatar avatar-username">
<div class="avatar-username-inner">
<div class="thread-user-detail">
<div class="detail-title-numposts"><span class="detail-title-numposts">Posts: 57</span></div>

</div>
</div>
<span class="username">JXR</span>
</dt>
<dd class="profile-joined">Joined: 16 Apr 2012</dd>
</dl>
<div class="postbody">
<div id="post_content24814">

<time datetime="2012-05-27T23:26">posted: 2012-05-27 &nbsp; 23:26</time>
<span class="permalink"><a href="./wifi-configuration-t3663-s75.html#p24814" title="permalink">#85</a></span>

<div class="content">thought so...<br>
<br>
So I made a a Plop boot floppy disk.<br>
<br>
UNetbootin'd the antiX-base-t3.iso onto an empty memory stick (USB).<br>
<br>
Restarted and menu'd [USB...] my way down to UNetbootin: <br>
Default<br>
antiX-base-686 (LiveUSB)<br>
antiX-base-686 (Home Persistence)<br>
antiX-memtest (test system memory)<br>
antiX-base (desktop)<br>
antiX-fluxbox-no-icons <br>
antiX-fluxbox-desktop-nouveau<br>
antiX-add-cheats-xorg<br>
antiX-home-persist<br>
antiX-root-persist<br>
<br>
choose <strong>antiX-base-686 (LiveUSB)</strong><br>
<br>
screen went dark (no blinking cursor)<br>
<br>
[tried again a few times; reformatted and re-UNetbootin'd the antiX-base-t3.iso onto the memory stick (USB) (it reported the files were all there and I had it rewrite over them) - same results]</div>
</div>
</div>

</div>
</div>
<div id="p_24815" class="post has-profile bg2">
<div class="inner">
<dl class="postprofile" id="profile24815">
<dt class="no-profile-rank has-avatar avatar-username">
<div class="avatar-username-inner">
<div class="thread-user-detail">
<div class="detail-title-numposts"><span class="detail-title-numposts">Posts: 4,164</span></div>

</div>
</div>
<span class="username">rokytnji</span>
</dt>
<dd class="profile-joined">Joined: 20 Feb 2009</dd>
</dl>
<div class="postbody">
<div id="post_content24815">

<time datetime="2012-05-27T23:54">posted: 2012-05-27 &nbsp; 23:54</time>
<span class="permalink"><a href="./wifi-configuration-t3663-s75.html#p24815" title="permalink">#86</a></span>

<div class="content">Try a few other menu options like antix_fluxbox-no-icons maybe.</div>
</div>
</div>

</div>
</div>
<div id="p_24817" class="post has-profile bg1">
<div class="inner">
<dl class="postprofile" id="profile24817">
<dt class="no-profile-rank has-avatar avatar-username">
<div class="avatar-username-inner">
<div class="thread-user-detail">
<div class="detail-title-numposts"><span class="detail-title-numposts">Posts: 57</span></div>

</div>
</div>
<span class="username">JXR</span>
</dt>
<dd class="profile-joined">Joined: 16 Apr 2012</dd> 
</dl>
<div class="postbody">
<div id="post_content24817">

<time datetime="2012-05-28T01:25">posted: 2012-05-28 &nbsp; 01:25</time>
<span class="permalink"><a href="./wifi-configuration-t3663-s75.html#p24817" title="permalink">#87</a></span>

<div class="content">All the other options either work the same way (just a dark screen) or don't respond at all (the UNetbootin screen stays up)<br>
<br>
<br>
except: antiX-memtest (test system memory) which responds with the message (a clue maybe??)"cannot load a ramdisk with an old kernal image"</div>
</div>
</div>

</div>
</div>
<div id="p_24890" class="post has-profile bg2">
<div class="inner">
<dl class="postprofile" id="profile24890">
<dt class="no-profile-rank has-avatar avatar-username">
<div class="avatar-username-inner">
<div class="thread-user-detail">
<div class="detail-title-numposts"><span class="detail-title-numposts">Posts: 57</span></div>

</div>
</div>
<span class="username">JXR</span>
</dt>
<dd class="profile-joined">Joined: 16 Apr 2012</dd>
</dl>
<div class="postbody">
<div id="post_content24890">

<time datetime="2012-06-04T19:05">posted: 2012-06-04 &nbsp; 19:05</time>
<span class="permalink"><a href="./wifi-configuration-t3663-s75.html#p24890" title="permalink">#88</a></span>

<div class="content"><strong>I GOT A NEW WIRELESS CARD!!!</strong><br>
<br>
Since:<br>
a) AntiX (current version) does not seem to accommodate the Belkin wireless Cardbus card.<br>
b) I am unable to get the new (testing) version to work either through a LiveCD install or a ﻿Plop boot floppy disk/﻿UNetbootin memory stick install.<br>
<br>
I’ve gone a different route. <span class="emoticon"> __{{emoticon}}__ </span> <br>
<br>
I’ve secured a (new!) AirLink Super G Wireless Cardbus Adapter. (a wireless card like the Belkin, only not a Belkin) Model# AWLC4130<br>
<br>
Now the card comes with a CD and installation guide for Windows, but I don’t think I should have to install it in Windows in order to get it to work in Linux (otherwise no one would have single Linux boot machines, for hardware install purposes)<br>
<br>
Problem is, AntiX doesn’t seem to recognize this card either.<br>
<br>
Is there some sort of install routine I need to go through in Linux to get this card to work?</div>
</div>
</div>

</div>
</div>
<div id="p_24891" class="post has-profile bg1">
<div class="inner">
<dl class="postprofile" id="profile24891">
<dt class="no-profile-rank has-avatar avatar-username">
<div class="avatar-username-inner">
<div class="thread-user-detail">
<div class="detail-title-numposts"><span class="detail-title-numposts">Posts: 4,164</span></div>

</div>
</div>
<span class="username">rokytnji</span>
</dt>
<dd class="profile-joined">Joined: 20 Feb 2009</dd>
</dl>
<div class="postbody">
<div id="post_content24891">

<time datetime="2012-06-04T20:09">posted: 2012-06-04 &nbsp; 20:09</time>
<span class="permalink"><a href="./wifi-configuration-t3663-s75.html#p24891" title="permalink">#89</a></span>

<div class="content"><blockquote class="uncited"><div>
Problem is, AntiX doesn’t seem to recognize this card either. Is there some sort of install routine I need to go through in Linux to get this card to work?</div></blockquote>
Not enough info yet to say anything yet about that new card you are using.</div>
</div>
</div>

</div>
</div>
<div id="p_24894" class="post has-profile bg2">
<div class="inner">
<dl class="postprofile" id="profile24894">
<dt class="no-profile-rank has-avatar avatar-username">
<div class="avatar-username-inner">
<div class="thread-user-detail">
<div class="detail-title-numposts"><span class="detail-title-numposts">Posts: 57</span></div>

</div>
</div>
<span class="username">JXR</span>
</dt>
<dd class="profile-joined">Joined: 16 Apr 2012</dd>
</dl>
<div class="postbody">
<div id="post_content24894">

<time datetime="2012-06-04T20:57">posted: 2012-06-04 &nbsp; 20:57</time>
<span class="permalink"><a href="./wifi-configuration-t3663-s75.html#p24894" title="permalink">#90</a></span>

<div class="content"><div class="codebox"><p>Code: <a href="#" onclick="selectCode(this); return false;">Select all</a></p><pre><code>root@antiX1:/home/joost# ifconfig
eth0      Link encap:Ethernet  HWaddr 00:08:74:e2:88:62  
          inet addr:192.168.1.103  Bcast:192.168.1.255  Mask:255.255.255.0
          UP BROADCAST RUNNING MULTICAST  MTU:1500  Metric:1
          RX packets:9193 errors:0 dropped:0 overruns:0 frame:0
          TX packets:6718 errors:0 dropped:0 overruns:0 carrier:0
          collisions:0 txqueuelen:1000 
          RX bytes:3175310 (3.0 MiB)  TX bytes:1147342 (1.0 MiB)
          Interrupt:10 Base address:0xa000 

lo        Link encap:Local Loopback  
          inet addr:127.0.0.1  Mask:255.0.0.0
          inet6 addr: ::1/128 Scope:Host
          UP LOOPBACK RUNNING  MTU:16436  Metric:1
          RX packets:2 errors:0 dropped:0 overruns:0 frame:0
          TX packets:2 errors:0 dropped:0 overruns:0 carrier:0
          collisions:0 txqueuelen:0 
          RX bytes:100 (100.0 B)  TX bytes:100 (100.0 B)</code></pre></div>
<div class="codebox"><p>Code: <a href="#" onclick="selectCode(this); return false;">Select all</a></p><pre><code>root@antiX1:/home/joost# inxi -F
System:    Host antiX1 Kernel 2.6.36-1-mepis-smp i686 (32 bit) Distro antiX-M11-686 Jayaben Desai 01 May 2011
CPU:       Single core Mobile Intel Pentium 4 - M (-UP-) cache 512 KB flags (sse sse2) bmips 2392.5 clocked at 1200.00 MHz 
Graphics:  Card: nVidia NV11 [GeForce2 Go] bus-ID: 01:00.0 X.org 1.9.5 Res: 80x24 Gfx Data: N/A for root 
Audio:     Card Intel 82801CA/CAM AC'97 Audio Controller driver Intel ICH ports 1c00 1880 bus-ID: 00:1f.5
           Sound: Advanced Linux Sound Architecture Version 1.0.23
Network:   Card-1 3Com 3c905C-TX/TX-M [Tornado] driver 3c59x port 3000 bus-ID: 02:01.0
           Card-2 Atheros Atheros AR5001X+ Wireless Network Adapter driver ath5k v: 0.6.0 bus-ID: 03:00.0
Disks:     HDD Total Size: 30.0GB (7.2% used) 1: /dev/sda HITACHI_DK23EA 30.0GB 
Partition: ID:/ size: 9.5G used: 2.1G (23%) fs: ext3 ID:swap-1 size: 0.55GB used: 0.00GB (0%) fs: swap 
Info:      Processes 84 Uptime 2:01 Memory 132.8/246.9MB Runlevel 5 Client Shell inxi 1.4.95 
</code></pre></div>
<div class="codebox"><p>Code: <a href="#" onclick="selectCode(this); return false;">Select all</a></p><pre><code>root@antiX1:/home/joost# dmesg
[    0.000000] Initializing cgroup subsys cpuset
[    0.000000] Initializing cgroup subsys cpu
[    0.000000] Linux version 2.6.36-1-mepis-smp (MEPIS 2.6.36-4mepis2) (max@stro.at) (gcc version 4.4.5 (Debian 4.4.5-8) ) #1 SMP Thu Mar 31 17:07:18 CDT 2011
[    0.000000] BIOS-provided physical RAM map:
[    0.000000]  BIOS-e820: 0000000000000000 - 000000000009f000 (usable)
[    0.000000]  BIOS-e820: 000000000009f000 - 00000000000a0000 (reserved)
[    0.000000]  BIOS-e820: 00000000000dc000 - 0000000000100000 (reserved)
[    0.000000]  BIOS-e820: 0000000000100000 - 000000000fef0000 (usable)
[    0.000000]  BIOS-e820: 000000000fef0000 - 000000000feff000 (ACPI data)
[    0.000000]  BIOS-e820: 000000000feff000 - 000000000ff00000 (ACPI NVS)
[    0.000000]  BIOS-e820: 000000000ff00000 - 000000000ff80000 (usable)
[    0.000000]  BIOS-e820: 000000000ff80000 - 0000000010000000 (reserved)
[    0.000000]  BIOS-e820: 00000000ff800000 - 00000000ffc00000 (reserved)
[    0.000000]  BIOS-e820: 00000000fff00000 - 0000000100000000 (reserved)
[    0.000000] Notice: NX (Execute Disable) protection missing in CPU or disabled in BIOS!
[    0.000000] DMI 2.3 present.
[    0.000000] e820 update range: 0000000000000000 - 0000000000001000 (usable) ==&gt; (reserved)
[    0.000000] e820 remove range: 00000000000a0000 - 0000000000100000 (usable)
[    0.000000] last_pfn = 0xff80 max_arch_pfn = 0x100000
[    0.000000] MTRR default type: uncachable
[    0.000000] MTRR fixed ranges enabled:
[    0.000000]   00000-9FFFF write-back
[    0.000000]   A0000-BFFFF uncachable
[    0.000000]   C0000-C7FFF write-protect
[    0.000000]   C8000-EFFFF uncachable
[    0.000000]   F0000-FFFFF write-protect
[    0.000000] MTRR variable ranges enabled:
[    0.000000]   0 base 000000000 mask FF0000000 write-back
[    0.000000]   1 base 00FF80000 mask FFFF80000 uncachable
[    0.000000]   2 base 00FF80000 mask FFFF80000 uncachable
[    0.000000]   3 disabled
[    0.000000]   4 disabled
[    0.000000]   5 disabled
[    0.000000]   6 disabled
[    0.000000]   7 disabled
[    0.000000] x86 PAT enabled: cpu 0, old 0x7040600070406, new 0x7010600070106
[    0.000000] initial memory mapped : 0 - 01800000
[    0.000000] init_memory_mapping: 0000000000000000-000000000ff80000
[    0.000000]  0000000000 - 0000400000 page 4k
[    0.000000]  0000400000 - 000fc00000 page 2M
[    0.000000]  000fc00000 - 000ff80000 page 4k
[    0.000000] kernel direct mapping tables up to ff80000 @ 7000-c000
[    0.000000] RAMDISK: 0f5b0000 - 0fee0000
[    0.000000] ACPI: RSDP 000f6740 00014 (v00 DELL  )
[    0.000000] ACPI: RSDT 0fefadcf 00028 (v01 DELL     RSDT   06040000  LTP 00000000)
[    0.000000] ACPI: FACP 0fefef8c 00074 (v01 INTEL  845M     06040000 PTL  0000004B)
[    0.000000] ACPI: DSDT 0fefadf7 04195 (v01 DELL   845M     06040000 MSFT 0100000D)
[    0.000000] ACPI: FACS 0fefffc0 00040
[    0.000000] 0MB HIGHMEM available.
[    0.000000] 255MB LOWMEM available.
[    0.000000]   mapped low ram: 0 - 0ff80000
[    0.000000]   low ram: 0 - 0ff80000
[    0.000000]   node 0 low ram: 00000000 - 0ff80000
[    0.000000]   node 0 bootmap 00008000 - 00009ff0
[    0.000000] (9/32 early reservations) ==&gt; bootmem [0000000000 - 000ff80000]
[    0.000000]   #0 [0000001000 - 0000002000]    EX TRAMPOLINE ==&gt; [0000001000 - 0000002000]
[    0.000000]   #1 [0001000000 - 000163b758]    TEXT DATA BSS ==&gt; [0001000000 - 000163b758]
[    0.000000]   #2 [000f5b0000 - 000fee0000]          RAMDISK ==&gt; [000f5b0000 - 000fee0000]
[    0.000000]   #3 [000009f000 - 0000100000]    BIOS reserved ==&gt; [000009f000 - 0000100000]
[    0.000000]   #4 [000163c000 - 00016421bc]              BRK ==&gt; [000163c000 - 00016421bc]
[    0.000000]   #5 [0000002000 - 0000003000]       TRAMPOLINE ==&gt; [0000002000 - 0000003000]
[    0.000000]   #6 [0000003000 - 0000007000]      ACPI WAKEUP ==&gt; [0000003000 - 0000007000]
[    0.000000]   #7 [0000007000 - 0000008000]          PGTABLE ==&gt; [0000007000 - 0000008000]
[    0.000000]   #8 [0000008000 - 000000a000]          BOOTMAP ==&gt; [0000008000 - 000000a000]
[    0.000000] Zone PFN ranges:
[    0.000000]   DMA      0x00000001 -&gt; 0x00001000
[    0.000000]   Normal   0x00001000 -&gt; 0x0000ff80
[    0.000000]   HighMem  empty
[    0.000000] Movable zone start PFN for each node
[    0.000000] early_node_map[3] active PFN ranges
[    0.000000]     0: 0x00000001 -&gt; 0x0000009f
[    0.000000]     0: 0x00000100 -&gt; 0x0000fef0
[    0.000000]     0: 0x0000ff00 -&gt; 0x0000ff80
[    0.000000] On node 0 totalpages: 65294
[    0.000000] free_area_init_node: node 0, pgdat c1544800, node_mem_map c1644020
[    0.000000]   DMA zone: 32 pages used for memmap
[    0.000000]   DMA zone: 0 pages reserved
[    0.000000]   DMA zone: 3966 pages, LIFO batch:0
[    0.000000]   Normal zone: 479 pages used for memmap
[    0.000000]   Normal zone: 60817 pages, LIFO batch:15
[    0.000000] Using APIC driver default
[    0.000000] ACPI: PM-Timer IO Port: 0x1008
[    0.000000] SMP: Allowing 1 CPUs, 0 hotplug CPUs
[    0.000000] Local APIC disabled by BIOS -- you can enable it with"lapic"
[    0.000000] APIC: disable apic facility
[    0.000000] APIC: switched to apic NOOP
[    0.000000] nr_irqs_gsi: 16
[    0.000000] PM: Registered nosave memory: 000000000009f000 - 00000000000a0000
[    0.000000] PM: Registered nosave memory: 00000000000a0000 - 00000000000dc000
[    0.000000] PM: Registered nosave memory: 00000000000dc000 - 0000000000100000
[    0.000000] PM: Registered nosave memory: 000000000fef0000 - 000000000feff000
[    0.000000] PM: Registered nosave memory: 000000000feff000 - 000000000ff00000
[    0.000000] Allocating PCI resources starting at 10000000 (gap: 10000000:ef800000)
[    0.000000] Booting paravirtualized kernel on bare hardware
[    0.000000] setup_percpu: NR_CPUS:32 nr_cpumask_bits:32 nr_cpu_ids:1 nr_node_ids:1
[    0.000000] PERCPU: Embedded 13 pages/cpu @c1c00000 s31040 r0 d22208 u4194304
[    0.000000] pcpu-alloc: s31040 r0 d22208 u4194304 alloc=1*4194304
[    0.000000] pcpu-alloc: [0] 0 
[    0.000000] Built 1 zonelists in Zone order, mobility grouping on.  Total pages: 64783
[    0.000000] Kernel command line: root=/dev/sda6 nomce quiet nosplash nouveau.modeset=0 vga=791
[    0.000000] PID hash table entries: 1024 (order: 0, 4096 bytes)
[    0.000000] Dentry cache hash table entries: 32768 (order: 5, 131072 bytes)
[    0.000000] Inode-cache hash table entries: 16384 (order: 4, 65536 bytes)
[    0.000000] Enabling fast FPU save and restore... done.
[    0.000000] Enabling unmasked SIMD FPU exception support... done.
[    0.000000] Initializing CPU#0
[    0.000000] Initializing HighMem for node 0 (00000000:00000000)
[    0.000000] Memory: 243008k/261632k available (3673k kernel code, 18168k reserved, 1740k data, 412k init, 0k highmem)
[    0.000000] virtual kernel memory layout:
[    0.000000]     fixmap  : 0xffd36000 - 0xfffff000   (2852 kB)
[    0.000000]     pkmap   : 0xff800000 - 0xffc00000   (4096 kB)
[    0.000000]     vmalloc : 0xd0780000 - 0xff7fe000   ( 752 MB)
[    0.000000]     lowmem  : 0xc0000000 - 0xcff80000   ( 255 MB)
[    0.000000]       .init : 0xc154a000 - 0xc15b1000   ( 412 kB)
[    0.000000]       .data : 0xc1396489 - 0xc1549530   (1740 kB)
[    0.000000]       .text : 0xc1000000 - 0xc1396489   (3673 kB)
[    0.000000] Checking if this processor honours the WP bit even in supervisor mode...Ok.
[    0.000000] SLUB: Genslabs=13, HWalign=128, Order=0-3, MinObjects=0, CPUs=1, Nodes=1
[    0.000000] Hierarchical RCU implementation.
[    0.000000]     RCU dyntick-idle grace-period acceleration is enabled.
[    0.000000]     RCU-based detection of stalled CPUs is disabled.
[    0.000000]     Verbose stalled-CPUs detection is disabled.
[    0.000000] NR_IRQS:1280
[    0.000000] Console: colour dummy device 80x25
[    0.000000] console [tty0] enabled
[    0.000000] Fast TSC calibration using PIT
[    0.000000] Detected 1794.375 MHz processor.
[    0.004008] Calibrating delay loop (skipped), value calculated using timer frequency.. 3588.75 BogoMIPS (lpj=7177500)
[    0.004017] pid_max: default: 32768 minimum: 301
[    0.004050] Security Framework initialized
[    0.004059] SELinux:  Disabled at boot.
[    0.004076] Mount-cache hash table entries: 512
[    0.004317] Initializing cgroup subsys ns
[    0.004325] Initializing cgroup subsys cpuacct
[    0.004333] Initializing cgroup subsys devices
[    0.004338] Initializing cgroup subsys freezer
[    0.004342] Initializing cgroup subsys net_cls
[    0.004347] Initializing cgroup subsys blkio
[    0.004410] CPU0: Hyper-Threading is disabled
[    0.004434] Performance Events: Netburst events, 
[    0.004442] no APIC, boot with the"lapic" boot parameter to force-enable it.
[    0.004446] no hardware sampling interrupt available.
[    0.004450] Netburst P4/Xeon PMU driver.
[    0.004486] ... version:                0
[    0.004490] ... bit width:              40
[    0.004493] ... generic registers:      18
[    0.004498] ... value mask:             000000ffffffffff
[    0.004502] ... max period:             0000007fffffffff
[    0.004505] ... fixed-purpose events:   0
[    0.004509] ... event mask:             000000000003ffff
[    0.005314] SMP alternatives: switching to UP code
[    0.020578] Freeing SMP alternatives: 20k freed
[    0.020605] ACPI: Core revision 20100702
[    0.028568] ACPI: setting ELCR to 0200 (from 0c00)
[    0.032134] weird, boot CPU (#0) not listed by the BIOS.
[    0.032138] SMP motherboard not detected.
[    0.032143] Local APIC not detected. Using dummy APIC emulation.
[    0.032146] SMP disabled
[    0.032294] Brought up 1 CPUs
[    0.032299] Total of 1 processors activated (3588.75 BogoMIPS).
[    0.032440] devtmpfs: initialized
[    0.033146] regulator: core version 0.5
[    0.033226] NET: Registered protocol family 16
[    0.033412] ACPI: bus type pci registered
[    0.037140] PCI: PCI BIOS revision 2.10 entry at 0xfd9c5, last bus=2
[    0.037145] PCI: Using configuration type 1 for base access
[    0.038636] bio: create slab &lt;bio-0&gt; at 0
[    0.039818] ACPI: EC: Look up EC in DSDT
[    0.042828] ACPI: Interpreter enabled
[    0.042840] ACPI: (supports S0 S1 S3 S4 S5)
[    0.042879] ACPI: Using PIC for interrupt routing
[    0.049466] ACPI: EC: GPE = 0x1c, I/O: command/status = 0x66, data = 0x62
[    0.049668] ACPI: No dock devices found.
[    0.049677] PCI: Ignoring host bridge windows from ACPI; if necessary, use"pci=use_crs" and report a bug
[    0.050727] ACPI: PCI Root Bridge [PCI0] (domain 0000 [bus 00-ff])
[    0.053777] pci_root PNP0A03:00: host bridge window [io  0x0000-0x0cf7] (ignored)
[    0.053784] pci_root PNP0A03:00: host bridge window [io  0x0d00-0xffff] (ignored)
[    0.053789] pci_root PNP0A03:00: host bridge window [mem 0x000a0000-0x000bffff] (ignored)
[    0.053796] pci_root PNP0A03:00: host bridge window [mem 0x000d0000-0x000d3fff] (ignored)
[    0.053801] pci_root PNP0A03:00: host bridge window [mem 0x000d4000-0x000d7fff] (ignored)
[    0.053806] pci_root PNP0A03:00: host bridge window [mem 0x000d8000-0x000dbfff] (ignored)
[    0.053814] pci_root PNP0A03:00: host bridge window [mem 0x10000000-0xfebfffff] (ignored)
[    0.053846] pci 0000:00:00.0: reg 10: [mem 0xec000000-0xefffffff pref]
[    0.054045] pci 0000:00:1d.0: reg 20: [io  0x1800-0x181f]
[    0.054146] pci 0000:00:1d.1: reg 20: [io  0x1820-0x183f]
[    0.054334] pci 0000:00:1f.0: quirk: [io  0x1000-0x107f] claimed by ICH4 ACPI/GPIO/TCO
[    0.054341] pci 0000:00:1f.0: quirk: [io  0x1180-0x11bf] claimed by ICH4 GPIO
[    0.054384] pci 0000:00:1f.1: reg 10: [io  0x0000-0x0007]
[    0.054399] pci 0000:00:1f.1: reg 14: [io  0x0000-0x0003]
[    0.054413] pci 0000:00:1f.1: reg 18: [io  0x0000-0x0007]
[    0.054427] pci 0000:00:1f.1: reg 1c: [io  0x0000-0x0003]
[    0.054441] pci 0000:00:1f.1: reg 20: [io  0x1840-0x184f]
[    0.054456] pci 0000:00:1f.1: reg 24: [mem 0x00000000-0x000003ff]
[    0.054549] pci 0000:00:1f.3: reg 20: [io  0x1860-0x187f]
[    0.054612] pci 0000:00:1f.5: reg 10: [io  0x1c00-0x1cff]
[    0.054626] pci 0000:00:1f.5: reg 14: [io  0x1880-0x18bf]
[    0.054716] pci 0000:00:1f.6: reg 10: [io  0x2400-0x24ff]
[    0.054731] pci 0000:00:1f.6: reg 14: [io  0x2000-0x207f]
[    0.054841] pci 0000:01:00.0: reg 10: [mem 0xe0000000-0xe0ffffff]
[    0.054854] pci 0000:01:00.0: reg 14: [mem 0xf0000000-0xf7ffffff pref]
[    0.054895] pci 0000:01:00.0: reg 30: [mem 0x00000000-0x0000ffff pref]
[    0.054966] pci 0000:00:01.0: PCI bridge to [bus 01-01]
[    0.054973] pci 0000:00:01.0:   bridge window [io  0xf000-0x0000] (disabled)
[    0.054980] pci 0000:00:01.0:   bridge window [mem 0xe0000000-0xe7ffffff]
[    0.054987] pci 0000:00:01.0:   bridge window [mem 0xf0000000-0xf7ffffff pref]
[    0.055042] pci 0000:02:01.0: reg 10: [io  0x3000-0x307f]
[    0.055056] pci 0000:02:01.0: reg 14: [mem 0xe8000000-0xe800007f]
[    0.055106] pci 0000:02:01.0: reg 30: [mem 0x00000000-0x0001ffff pref]
[    0.055131] pci 0000:02:01.0: supports D1 D2
[    0.055135] pci 0000:02:01.0: PME# supported from D0 D1 D2 D3hot D3cold
[    0.055142] pci 0000:02:01.0: PME# disabled
[    0.055190] pci 0000:02:04.0: reg 10: [mem 0x00000000-0x00000fff]
[    0.055217] pci 0000:02:04.0: supports D1 D2
[    0.055221] pci 0000:02:04.0: PME# supported from D0 D1 D2 D3hot D3cold
[    0.055228] pci 0000:02:04.0: PME# disabled
[    0.055278] pci 0000:00:1e.0: PCI bridge to [bus 02-02] (subtractive decode)
[    0.055286] pci 0000:00:1e.0:   bridge window [io  0x3000-0x3fff]
[    0.055294] pci 0000:00:1e.0:   bridge window [mem 0xe8000000-0xe80fffff]
[    0.055302] pci 0000:00:1e.0:   bridge window [mem 0xfff00000-0x000fffff pref] (disabled)
[    0.055308] pci 0000:00:1e.0:   bridge window [io  0x0000-0xffff] (subtractive decode)
[    0.055313] pci 0000:00:1e.0:   bridge window [mem 0x00000000-0xffffffff] (subtractive decode)
[    0.055363] pci_bus 0000:03: [bus 03-06] partially hidden behind transparent bridge 0000:02 [bus 02-02]
[    0.055383] pci_bus 0000:00: on NUMA node 0
[    0.055390] ACPI: PCI Interrupt Routing Table [\_SB_.PCI0._PRT]
[    0.055624] ACPI: PCI Interrupt Routing Table [\_SB_.PCI0.AGPB._PRT]
[    0.055721] ACPI: PCI Interrupt Routing Table [\_SB_.PCI0.PCIB._PRT]
[    0.058519] ACPI: PCI Interrupt Link [LNKA] (IRQs 3 4 5 7 9 *10 11 12 14 15)
[    0.058694] ACPI: PCI Interrupt Link [LNKB] (IRQs 3 4 5 7 9 *10 11 12 14 15)
[    0.058831] ACPI: PCI Interrupt Link [LNKC] (IRQs 3 4 5 7 9 10 11 12 14 15) *0, disabled.
[    0.058997] ACPI: PCI Interrupt Link [LNKD] (IRQs 3 4 5 7 9 10 *11 12 14 15)
[    0.059062] HEST: Table is not found!
[    0.059184] vgaarb: device added: PCI:0000:01:00.0,decodes=io+mem,owns=io+mem,locks=none
[    0.059191] vgaarb: loaded
[    0.059396] SCSI subsystem initialized
[    0.059475] libata version 3.00 loaded.
[    0.059537] usbcore: registered new interface driver usbfs
[    0.059570] usbcore: registered new interface driver hub
[    0.059613] usbcore: registered new device driver usb
[    0.059714] PCI: Using ACPI for IRQ routing
[    0.059722] PCI: pci_cache_line_size set to 64 bytes
[    0.059797] reserve RAM buffer: 000000000009f000 - 000000000009ffff 
[    0.059803] reserve RAM buffer: 000000000fef0000 - 000000000fffffff 
[    0.059808] reserve RAM buffer: 000000000ff80000 - 000000000fffffff 
[    0.060031] Switching to clocksource tsc
[    0.060104] pnp: PnP ACPI init
[    0.060124] ACPI: bus type pnp registered
[    0.061923] pnp 00:04: disabling [mem 0x00010000-0x0001ffff] because it overlaps 0000:02:01.0 BAR 6 [mem 0x00000000-0x0001ffff pref]
[    0.065349] pnp: PnP ACPI: found 9 devices
[    0.065354] ACPI: ACPI bus type pnp unregistered
[    0.065363] PnPBIOS: Disabled by ACPI PNP
[    0.065386] system 00:04: [io  0x0600-0x060f] has been reserved
[    0.065393] system 00:04: [io  0x0700-0x070f] has been reserved
[    0.065398] system 00:04: [io  0x1000-0x107f] has been reserved
[    0.065404] system 00:04: [io  0x1180-0x11bf] has been reserved
[    0.065409] system 00:04: [io  0x1200-0x120f] has been reserved
[    0.065414] system 00:04: [io  0xfe00-0xfe01] has been reserved
[    0.065420] system 00:04: [io  0xfff0-0xfffe] has been reserved
[    0.065426] system 00:04: [mem 0xfebffc00-0xfebfffff] has been reserved
[    0.065432] system 00:04: [mem 0xfff80000-0xffffffff] has been reserved
[    0.102972] pci 0000:00:1e.0: BAR 15: assigned [mem 0x10000000-0x15ffffff pref]
[    0.102980] pci 0000:00:1f.1: BAR 5: assigned [mem 0x16000000-0x160003ff]
[    0.102990] pci 0000:00:1f.1: BAR 5: set to [mem 0x16000000-0x160003ff] (PCI address [0x16000000-0x160003ff]
[    0.102998] pci 0000:01:00.0: BAR 6: assigned [mem 0xe1000000-0xe100ffff pref]
[    0.103004] pci 0000:00:01.0: PCI bridge to [bus 01-01]
[    0.103008] pci 0000:00:01.0:   bridge window [io  disabled]
[    0.103015] pci 0000:00:01.0:   bridge window [mem 0xe0000000-0xe7ffffff]
[    0.103022] pci 0000:00:01.0:   bridge window [mem 0xf0000000-0xf7ffffff pref]
[    0.103033] pci 0000:02:04.0: BAR 15: assigned [mem 0x10000000-0x13ffffff pref]
[    0.103040] pci 0000:02:04.0: BAR 16: assigned [mem 0x18000000-0x1bffffff]
[    0.103046] pci 0000:02:01.0: BAR 6: assigned [mem 0x14000000-0x1401ffff pref]
[    0.103052] pci 0000:02:04.0: BAR 0: assigned [mem 0xe8001000-0xe8001fff]
[    0.103061] pci 0000:02:04.0: BAR 0: set to [mem 0xe8001000-0xe8001fff] (PCI address [0xe8001000-0xe8001fff]
[    0.103067] pci 0000:02:04.0: BAR 13: assigned [io  0x3400-0x34ff]
[    0.103073] pci 0000:02:04.0: BAR 14: assigned [io  0x3800-0x38ff]
[    0.103078] pci 0000:02:04.0: CardBus bridge to [bus 03-06]
[    0.103082] pci 0000:02:04.0:   bridge window [io  0x3400-0x34ff]
[    0.103089] pci 0000:02:04.0:   bridge window [io  0x3800-0x38ff]
[    0.103097] pci 0000:02:04.0:   bridge window [mem 0x10000000-0x13ffffff pref]
[    0.103104] pci 0000:02:04.0:   bridge window [mem 0x18000000-0x1bffffff]
[    0.103112] pci 0000:00:1e.0: PCI bridge to [bus 02-02]
[    0.103118] pci 0000:00:1e.0:   bridge window [io  0x3000-0x3fff]
[    0.103126] pci 0000:00:1e.0:   bridge window [mem 0xe8000000-0xe80fffff]
[    0.103134] pci 0000:00:1e.0:   bridge window [mem 0x10000000-0x15ffffff pref]
[    0.103162] pci 0000:00:1e.0: setting latency timer to 64
[    0.103252] pci 0000:02:04.0: power state changed by ACPI to D0
[    0.103284] pci 0000:02:04.0: power state changed by ACPI to D0
[    0.103530] ACPI: PCI Interrupt Link [LNKA] enabled at IRQ 10
[    0.103536] PCI: setting IRQ 10 as level-triggered
[    0.103545] pci 0000:02:04.0: PCI INT A -&gt; Link[LNKA] -&gt; GSI 10 (level, low) -&gt; IRQ 10
[    0.103555] pci 0000:02:04.0: setting latency timer to 64
[    0.103562] pci_bus 0000:00: resource 0 [io  0x0000-0xffff]
[    0.103567] pci_bus 0000:00: resource 1 [mem 0x00000000-0xffffffff]
[    0.103572] pci_bus 0000:01: resource 1 [mem 0xe0000000-0xe7ffffff]
[    0.103577] pci_bus 0000:01: resource 2 [mem 0xf0000000-0xf7ffffff pref]
[    0.103582] pci_bus 0000:02: resource 0 [io  0x3000-0x3fff]
[    0.103587] pci_bus 0000:02: resource 1 [mem 0xe8000000-0xe80fffff]
[    0.103592] pci_bus 0000:02: resource 2 [mem 0x10000000-0x15ffffff pref]
[    0.103597] pci_bus 0000:02: resource 4 [io  0x0000-0xffff]
[    0.103602] pci_bus 0000:02: resource 5 [mem 0x00000000-0xffffffff]
[    0.103607] pci_bus 0000:03: resource 0 [io  0x3400-0x34ff]
[    0.103611] pci_bus 0000:03: resource 1 [io  0x3800-0x38ff]
[    0.103616] pci_bus 0000:03: resource 2 [mem 0x10000000-0x13ffffff pref]
[    0.103621] pci_bus 0000:03: resource 3 [mem 0x18000000-0x1bffffff]
[    0.103690] NET: Registered protocol family 2
[    0.103801] IP route cache hash table entries: 2048 (order: 1, 8192 bytes)
[    0.104152] TCP established hash table entries: 8192 (order: 4, 65536 bytes)
[    0.104241] TCP bind hash table entries: 8192 (order: 4, 65536 bytes)
[    0.104320] TCP: Hash tables configured (established 8192 bind 8192)
[    0.104324] TCP reno registered
[    0.104332] UDP hash table entries: 128 (order: 0, 4096 bytes)
[    0.104346] UDP-Lite hash table entries: 128 (order: 0, 4096 bytes)
[    0.104459] NET: Registered protocol family 1
[    0.104555] pci 0000:01:00.0: Boot video device
[    0.104569] PCI: CLS 32 bytes, default 64
[    0.104663] Trying to unpack rootfs image as initramfs...
[    0.619721] Freeing initrd memory: 9408k freed
[    0.641014] audit: initializing netlink socket (disabled)
[    0.641048] type=2000 audit(1338835836.640:1): initialized
[    0.656200] HugeTLB registered 4 MB page size, pre-allocated 0 pages
[    0.658794] VFS: Disk quotas dquot_6.5.2
[    0.658893] Dquot-cache hash table entries: 1024 (order 0, 4096 bytes)
[    0.659764] squashfs: version 4.0 (2009/01/31) Phillip Lougher
[    0.660150] NTFS driver 2.1.29 [Flags: R/W].
[    0.660552] aufs 2.1-standalone.tree-36-20110328
[    0.660563] msgmni has been set to 493
[    0.660894] alg: No test for stdrng (krng)
[    0.661006] Block layer SCSI generic (bsg) driver version 0.4 loaded (major 253)
[    0.661013] io scheduler noop registered
[    0.661016] io scheduler deadline registered
[    0.661043] io scheduler cfq registered (default)
[    0.662450] vesafb: framebuffer at 0xf0000000, mapped to 0xd0800000, using 3072k, total 16384k
[    0.662457] vesafb: mode is 1024x768x16, linelength=2048, pages=1
[    0.662461] vesafb: protected mode interface info at c000:da80
[    0.662466] vesafb: pmi: set display start = c00cdac5, set palette = c00cdb4a
[    0.662470] vesafb: pmi: ports = b4c3 b503 ba03 c003 c103 c403 c503 c603 c703 c803 c903 cc03 ce03 cf03 d003 d103 d203 d303 d403 d503 da03 ff03 
[    0.662497] vesafb: scrolling: redraw
[    0.662504] vesafb: Truecolor: size=0:5:6:5, shift=0:11:5:0
[    0.691294] Console: switching to colour frame buffer device 128x48
[    0.719848] fb0: VESA VGA frame buffer device
[    0.719957] ERST: Table is not found!
[    0.719977] isapnp: Scanning for PnP cards...
[    1.030718] isapnp: No Plug &amp; Play device found
[    1.031019] Linux agpgart interface v0.103
[    1.031220] agpgart-intel 0000:00:00.0: Intel 845G Chipset
[    1.035295] agpgart-intel 0000:00:00.0: AGP aperture is 64M @ 0xec000000
[    1.035424] Serial: 8250/16550 driver, 4 ports, IRQ sharing enabled
[    1.036260] ACPI: PCI Interrupt Link [LNKB] enabled at IRQ 10
[    1.036270] serial 0000:00:1f.6: PCI INT B -&gt; Link[LNKB] -&gt; GSI 10 (level, low) -&gt; IRQ 10
[    1.036281] serial 0000:00:1f.6: PCI INT B disabled
[    1.038249] brd: module loaded
[    1.039215] loop: module loaded
[    1.039237] Uniform Multi-Platform E-IDE driver
[    1.039347] ide-cd driver 5.00
[    1.039660] ata_piix 0000:00:1f.1: version 2.13
[    1.039681] ata_piix 0000:00:1f.1: enabling device (0005 -&gt; 0007)
[    1.039939] ACPI: PCI Interrupt Link [LNKC] enabled at IRQ 11
[    1.039944] PCI: setting IRQ 11 as level-triggered
[    1.039952] ata_piix 0000:00:1f.1: PCI INT A -&gt; Link[LNKC] -&gt; GSI 11 (level, low) -&gt; IRQ 11
[    1.040093] ata_piix 0000:00:1f.1: setting latency timer to 64
[    1.040255] scsi0 : ata_piix
[    1.040412] scsi1 : ata_piix
[    1.041376] ata1: PATA max UDMA/100 cmd 0x1f0 ctl 0x3f6 bmdma 0x1840 irq 14
[    1.041382] ata2: PATA max UDMA/100 cmd 0x170 ctl 0x376 bmdma 0x1848 irq 15
[    1.042167] ehci_hcd: USB 2.0 'Enhanced' Host Controller (EHCI) Driver
[    1.042201] uhci_hcd: USB Universal Host Controller Interface driver
[    1.042263] uhci_hcd 0000:00:1d.0: PCI INT A -&gt; Link[LNKA] -&gt; GSI 10 (level, low) -&gt; IRQ 10
[    1.042277] uhci_hcd 0000:00:1d.0: setting latency timer to 64
[    1.042283] uhci_hcd 0000:00:1d.0: UHCI Host Controller
[    1.042373] uhci_hcd 0000:00:1d.0: new USB bus registered, assigned bus number 1
[    1.042411] uhci_hcd 0000:00:1d.0: irq 10, io base 0x00001800
[    1.042486] usb usb1: New USB device found, idVendor=1d6b, idProduct=0001
[    1.042492] usb usb1: New USB device strings: Mfr=3, Product=2, SerialNumber=1
[    1.042496] usb usb1: Product: UHCI Host Controller
[    1.042500] usb usb1: Manufacturer: Linux 2.6.36-1-mepis-smp uhci_hcd
[    1.042504] usb usb1: SerialNumber: 0000:00:1d.0
[    1.042682] hub 1-0:1.0: USB hub found
[    1.042691] hub 1-0:1.0: 2 ports detected
[    1.043040] ACPI: PCI Interrupt Link [LNKD] enabled at IRQ 11
[    1.043049] uhci_hcd 0000:00:1d.1: PCI INT B -&gt; Link[LNKD] -&gt; GSI 11 (level, low) -&gt; IRQ 11
[    1.043060] uhci_hcd 0000:00:1d.1: setting latency timer to 64
[    1.043066] uhci_hcd 0000:00:1d.1: UHCI Host Controller
[    1.043133] uhci_hcd 0000:00:1d.1: new USB bus registered, assigned bus number 2
[    1.043165] uhci_hcd 0000:00:1d.1: irq 11, io base 0x00001820
[    1.043231] usb usb2: New USB device found, idVendor=1d6b, idProduct=0001
[    1.043237] usb usb2: New USB device strings: Mfr=3, Product=2, SerialNumber=1
[    1.043241] usb usb2: Product: UHCI Host Controller
[    1.043245] usb usb2: Manufacturer: Linux 2.6.36-1-mepis-smp uhci_hcd
[    1.043249] usb usb2: SerialNumber: 0000:00:1d.1
[    1.043417] hub 2-0:1.0: USB hub found
[    1.043426] hub 2-0:1.0: 2 ports detected
[    1.043567] Initializing USB Mass Storage driver...
[    1.043611] usbcore: registered new interface driver usb-storage
[    1.043614] USB Mass Storage support registered.
[    1.043639] usbcore: registered new interface driver ums-alauda
[    1.043661] usbcore: registered new interface driver ums-cypress
[    1.043684] usbcore: registered new interface driver ums-datafab
[    1.043706] usbcore: registered new interface driver ums-freecom
[    1.043726] usbcore: registered new interface driver ums-isd200
[    1.043748] usbcore: registered new interface driver ums-jumpshot
[    1.043771] usbcore: registered new interface driver ums-karma
[    1.043794] usbcore: registered new interface driver ums-onetouch
[    1.043822] usbcore: registered new interface driver ums-sddr09
[    1.043845] usbcore: registered new interface driver ums-sddr55
[    1.043868] usbcore: registered new interface driver ums-usbat
[    1.043955] PNP: PS/2 Controller [PNP0303:PS2K,PNP0f13:PS2M] at 0x60,0x64 irq 1,12
[    1.059211] serio: i8042 KBD port at 0x60,0x64 irq 1
[    1.059223] serio: i8042 AUX port at 0x60,0x64 irq 12
[    1.059447] mice: PS/2 mouse device common for all mice
[    1.059619] rtc_cmos 00:01: rtc core: registered rtc_cmos as rtc0
[    1.059643] rtc0: alarms up to one month, y3k, 242 bytes nvram
[    1.059667] cpuidle: using governor ladder
[    1.059672] cpuidle: using governor menu
[    1.059676] No iBFT detected.
[    1.060264] TCP cubic registered
[    1.060524] NET: Registered protocol family 10
[    1.061195] lo: Disabled Privacy Extensions
[    1.061573] Mobile IPv6
[    1.061579] NET: Registered protocol family 17
[    1.061588] Registering the dns_resolver key type
[    1.061640] Using IPI No-Shortcut mode
[    1.061804] PM: Resume from disk failed.
[    1.061824] registered taskstats version 1
[    1.062090] rtc_cmos 00:01: setting system clock to 2012-06-04 18:50:38 UTC (1338835838)
[    1.083215] input: AT Translated Set 2 keyboard as /devices/platform/i8042/serio0/input/input0
[    1.212684] ata2.00: ATAPI: HL-DT-STCD-RW/DVD-ROM GCC-4240N, D110, max UDMA/33
[    1.212793] ata1.00: ATA-5: HITACHI_DK23EA-30, 00K4A0C1, max UDMA/100
[    1.212800] ata1.00: 58605120 sectors, multi 16: LBA 
[    1.220379] ata1.00: configured for UDMA/100
[    1.220581] scsi 0:0:0:0: Direct-Access     ATA      HITACHI_DK23EA-3 00K4 PQ: 0 ANSI: 5
[    1.220860] sd 0:0:0:0: Attached scsi generic sg0 type 0
[    1.221064] sd 0:0:0:0: [sda] 58605120 512-byte logical blocks: (30.0 GB/27.9 GiB)
[    1.221165] sd 0:0:0:0: [sda] Write Protect is off
[    1.221171] sd 0:0:0:0: [sda] Mode Sense: 00 3a 00 00
[    1.221214] sd 0:0:0:0: [sda] Write cache: enabled, read cache: enabled, doesn't support DPO or FUA
[    1.228248] ata2.00: configured for UDMA/33
[    1.256543]  sda: sda1 sda2 sda3 &lt; sda5 sda6 &gt;
[    1.257095] sd 0:0:0:0: [sda] Attached SCSI disk
[    1.344838] scsi 1:0:0:0: CD-ROM            HL-DT-ST RW/DVD GCC-4240N D110 PQ: 0 ANSI: 5
[    1.352038] usb 1-1: new low speed USB device using uhci_hcd and address 2
[    1.355941] sr0: scsi3-mmc drive: 24x/24x writer cd/rw xa/form2 cdda tray
[    1.355947] cdrom: Uniform CD-ROM driver Revision: 3.20
[    1.356163] sr 1:0:0:0: Attached scsi CD-ROM sr0
[    1.356278] sr 1:0:0:0: Attached scsi generic sg1 type 5
[    1.356363] Freeing unused kernel memory: 412k freed
[    1.468338] &lt;30&gt;udev[56]: starting version 167
[    1.527526] usb 1-1: New USB device found, idVendor=046d, idProduct=c05a
[    1.527534] usb 1-1: New USB device strings: Mfr=1, Product=2, SerialNumber=0
[    1.527540] usb 1-1: Product: USB Optical Mouse
[    1.527544] usb 1-1: Manufacturer: Logitech
[    1.865796] 3c59x 0000:02:01.0: PCI INT A -&gt; Link[LNKB] -&gt; GSI 10 (level, low) -&gt; IRQ 10
[    1.865825] 3c59x: Donald Becker and others.
[    1.865837] 0000:02:01.0: 3Com PCI 3c905C Tornado at d0b6a000.
[    1.956099] Floppy drive(s): fd0 is 1.44M
[    1.975996] FDC 0 is a National Semiconductor PC87306
[    2.026383] usbcore: registered new interface driver hiddev
[    2.040425] input: Logitech USB Optical Mouse as /devices/pci0000:00/0000:00:1d.0/usb1/1-1/1-1:1.0/input/input1
[    2.040738] generic-usb 0003:046D:C05A.0001: input,hidraw0: USB HID v1.11 Mouse [Logitech USB Optical Mouse] on usb-0000:00:1d.0-1/input0
[    2.041154] usbcore: registered new interface driver usbhid
[    2.041160] usbhid: USB HID core driver
[    2.907101] EXT3-fs: barriers not enabled
[    2.918331] kjournald starting.  Commit interval 5 seconds
[    2.918366] EXT3-fs (sda6): mounted filesystem with ordered data mode
[    5.124513] &lt;30&gt;udev[285]: starting version 167
[    5.859905] input: Lid Switch as /devices/LNXSYSTM:00/LNXSYBUS:00/PNP0C0D:00/input/input2
[    5.860001] ACPI: Lid Switch [LID]
[    5.860198] input: Power Button as /devices/LNXSYSTM:00/LNXSYBUS:00/PNP0C0C:00/input/input3
[    5.860207] ACPI: Power Button [PWRB]
[    5.860311] input: Sleep Button as /devices/LNXSYSTM:00/LNXSYBUS:00/PNP0C0E:00/input/input4
[    5.860318] ACPI: Sleep Button [SLPB]
[    5.860450] input: Power Button as /devices/LNXSYSTM:00/LNXPWRBN:00/input/input5
[    5.860457] ACPI: Power Button [PWRF]
[    5.952880] ACPI: Battery Slot [BAT1] (battery present)
[    5.953015] ACPI: AC Adapter [ACAD] (on-line)
[    6.022350] ACPI: acpi_idle registered with cpuidle
[    6.022445] Marking TSC unstable due to TSC halts in idle
[    6.025661] Switching to clocksource acpi_pm
[    6.178813] dcdbas dcdbas: Dell Systems Management Base Driver (version 5.6.0-3.2)
[    6.482707] input: Video Bus as /devices/LNXSYSTM:00/LNXSYBUS:00/PNP0A03:00/device:00/LNXVIDEO:00/input/input6
[    6.482880] ACPI: Video Device [VGA] (multi-head: yes  rom: no  post: no)
[    6.493346] intel_rng: FWH not detected
[    6.670688] pci_hotplug: PCI Hot Plug PCI Core version: 0.5
[    6.722520] parport_pc 00:07: reported by Plug and Play ACPI
[    6.722581] parport0: PC-style at 0x378, irq 7 [PCSPP]
[    6.803195] shpchp: Standard Hot Plug PCI Controller Driver version: 0.4
[    7.076834] Synaptics Touchpad, model: 1, fw: 5.9, id: 0x254ab1, caps: 0x804713/0x0/0x0
[    7.150230] [drm] Initialized drm 1.1.0 20060810
[    7.163099] input: SynPS/2 Synaptics TouchPad as /devices/platform/i8042/serio1/input/input7
[    7.220848] yenta_cardbus 0000:02:04.0: CardBus bridge found [1028:00f3]
[    7.220877] yenta_cardbus 0000:02:04.0: O2: enabling read prefetch/write burst
[    7.348801] yenta_cardbus 0000:02:04.0: ISA IRQ mask 0x0038, PCI irq 10
[    7.348810] yenta_cardbus 0000:02:04.0: Socket status: 30000821
[    7.348818] pci_bus 0000:02: Raising subordinate bus# of parent bus (#02) from #02 to #06
[    7.348839] yenta_cardbus 0000:02:04.0: pcmcia: parent PCI bridge window: [io  0x3000-0x3fff]
[    7.348846] pcmcia_socket pcmcia_socket0: cs: IO port probe 0x3000-0x3fff: excluding 0x3000-0x307f 0x3400-0x34ff 0x3800-0x38ff
[    7.355983] yenta_cardbus 0000:02:04.0: pcmcia: parent PCI bridge window: [mem 0xe8000000-0xe80fffff]
[    7.355990] pcmcia_socket pcmcia_socket0: cs: memory probe 0xe8000000-0xe80fffff: excluding 0xe8000000-0xe800ffff
[    7.356038] yenta_cardbus 0000:02:04.0: pcmcia: parent PCI bridge window: [mem 0x10000000-0x15ffffff pref]
[    7.356044] pcmcia_socket pcmcia_socket0: cs: memory probe 0x10000000-0x15ffffff: excluding 0x10000000-0x15ffffff
[    8.248057] pcmcia_socket pcmcia_socket0: pccard: CardBus card inserted into slot 0
[    8.248122] pci 0000:03:00.0: reg 10: [mem 0x00000000-0x0000ffff]
[    8.248251] pci 0000:03:00.0: BAR 0: assigned [mem 0x18000000-0x1800ffff]
[    8.248262] pci 0000:03:00.0: BAR 0: set to [mem 0x18000000-0x1800ffff] (PCI address [0x18000000-0x1800ffff]
[    8.248934] pcmcia_socket pcmcia_socket0: cs: IO port probe 0x100-0x3af: excluding 0x170-0x177 0x1f0-0x1f7 0x370-0x37f
[    8.251088] pcmcia_socket pcmcia_socket0: cs: IO port probe 0x3e0-0x4ff: excluding 0x3f0-0x3f7 0x4d0-0x4d7
[    8.252804] pcmcia_socket pcmcia_socket0: cs: IO port probe 0x820-0x8ff: clean.
[    8.253620] pcmcia_socket pcmcia_socket0: cs: IO port probe 0xc00-0xcf7: clean.
[    8.254486] pcmcia_socket pcmcia_socket0: cs: memory probe 0x0c0000-0x0fffff: excluding 0xc0000-0xcffff 0xdc000-0xfffff
[    8.254598] pcmcia_socket pcmcia_socket0: cs: memory probe 0xa0000000-0xa0ffffff: clean.
[    8.254708] pcmcia_socket pcmcia_socket0: cs: memory probe 0x60000000-0x60ffffff: clean.
[    8.254823] pcmcia_socket pcmcia_socket0: cs: IO port probe 0xa00-0xaff: clean.
[    8.953886] cfg80211: Calling CRDA to update world regulatory domain
[    9.194638] Intel ICH 0000:00:1f.5: PCI INT B -&gt; Link[LNKB] -&gt; GSI 10 (level, low) -&gt; IRQ 10
[    9.194668] Intel ICH 0000:00:1f.5: setting latency timer to 64
[    9.333417] ath5k 0000:03:00.0: enabling device (0000 -&gt; 0002)
[    9.333439] ath5k 0000:03:00.0: PCI INT A -&gt; Link[LNKA] -&gt; GSI 10 (level, low) -&gt; IRQ 10
[    9.334028] ath5k 0000:03:00.0: registered as 'phy0'
[    9.924491] ath: EEPROM regdomain: 0x10
[    9.924496] ath: EEPROM indicates we should expect a direct regpair map
[    9.924502] ath: Country alpha2 being used: CO
[    9.924505] ath: Regpair used: 0x10
[    9.988067] intel8x0_measure_ac97_clock: measured 53369 usecs (2564 samples)
[    9.988074] intel8x0: clocking to 48000
[    9.989177] Intel ICH Modem 0000:00:1f.6: PCI INT B -&gt; Link[LNKB] -&gt; GSI 10 (level, low) -&gt; IRQ 10
[    9.989211] Intel ICH Modem 0000:00:1f.6: setting latency timer to 64
[   10.017607] phy0: Selected rate control algorithm 'minstrel_ht'
[   10.018856] cfg80211: Calling CRDA for country: CO
[   10.019624] ath5k phy0: Atheros AR2414 chip found (MAC: 0x79, PHY: 0x45)
[   10.092096] MC'97 1 converters and GPIO not ready (0xff00)
[   12.028655] Adding 537596k swap on /dev/sda5.  Priority:1 extents:1 across:537596k 
[   12.339177] EXT3-fs (sda6): using internal journal
[   13.762559] fuse init (API version 7.15)
[   14.628987] eth0:  setting full-duplex.
[   16.308757] input: ACPI Virtual Keyboard Device as /devices/virtual/input/input8
[   18.251824] lp0: using parport0 (interrupt-driven).
[   18.671148] ppdev: user-space parallel port driver</code></pre></div></div>
</div>
</div>

</div>
</div>
</div>
<div class="action-bar bar-bottom">

<div class="pagination">
98 posts
<ul>

<li class="arrow previous"><span class="jumptopagez">jump to page: </span><a class="button button-icon-only" href="./wifi-configuration-t3663-s60.html" rel="prev" role="button"><span class="sr-only">Previous</span></a></li>
<li><a class="button" href="./wifi-configuration-t3663.html" role="button">1</a></li>
<li class="ellipsis" role="separator"><span>…</span></li>
<li><a class="button" href="./wifi-configuration-t3663-s30.html" role="button">3</a></li>
<li><a class="button" href="./wifi-configuration-t3663-s45.html" role="button">4</a></li>
<li><a class="button" href="./wifi-configuration-t3663-s60.html" role="button">5</a></li>
<li class="active"><span>6</span></li>
<li><a class="button" href="./wifi-configuration-t3663-s90.html" role="button">7</a></li>
<li class="arrow next"><a class="button button-icon-only" href="./wifi-configuration-t3663-s90.html" rel="next" role="button"><span class="sr-only">Next</span></a></li>
</ul>
</div>
</div>
</div>
</div>
</div>
<div class="scrollToTopText"><a href="#top">goto top of page</a></div>

</div>
</body></html>
